Archive member included to satisfy reference by file (symbol)

app/libapp.a(main.c.obj)      (--whole-archive)
app/libapp.a(app_ctx.c.obj)   (--whole-archive)
app/libapp.a(fido_main.c.obj)
                              (--whole-archive)
app/libapp.a(logger.c.obj)    (--whole-archive)
app/libapp.a(led_controller.c.obj)
                              (--whole-archive)
zephyr/libzephyr.a(heap.c.obj)
                              (--whole-archive)
zephyr/libzephyr.a(cbprintf_packaged.c.obj)
                              (--whole-archive)
zephyr/libzephyr.a(printk.c.obj)
                              (--whole-archive)
zephyr/libzephyr.a(sem.c.obj)
                              (--whole-archive)
zephyr/libzephyr.a(thread_entry.c.obj)
                              (--whole-archive)
zephyr/libzephyr.a(cbprintf_complete.c.obj)
                              (--whole-archive)
zephyr/libzephyr.a(assert.c.obj)
                              (--whole-archive)
zephyr/libzephyr.a(dec.c.obj)
                              (--whole-archive)
zephyr/libzephyr.a(hex.c.obj)
                              (--whole-archive)
zephyr/libzephyr.a(rb.c.obj)  (--whole-archive)
zephyr/libzephyr.a(timeutil.c.obj)
                              (--whole-archive)
zephyr/libzephyr.a(bitarray.c.obj)
                              (--whole-archive)
zephyr/libzephyr.a(onoff.c.obj)
                              (--whole-archive)
zephyr/libzephyr.a(notify.c.obj)
                              (--whole-archive)
zephyr/libzephyr.a(last_section_id.c.obj)
                              (--whole-archive)
zephyr/libzephyr.a(configs.c.obj)
                              (--whole-archive)
zephyr/libzephyr.a(mem_attr.c.obj)
                              (--whole-archive)
zephyr/libzephyr.a(tracing_none.c.obj)
                              (--whole-archive)
zephyr/libzephyr.a(banner.c.obj)
                              (--whole-archive)
zephyr/libzephyr.a(flash_map_partition_manager.c.obj)
                              (--whole-archive)
zephyr/libzephyr.a(nrf_cc3xx_platform_abort_zephyr.c.obj)
                              (--whole-archive)
zephyr/libzephyr.a(nrf_cc3xx_platform_mutex_zephyr.c.obj)
                              (--whole-archive)
zephyr/arch/common/libarch__common.a(sw_isr_common.c.obj)
                              (--whole-archive)
zephyr/arch/arch/arm/core/libarch__arm__core.a(fatal.c.obj)
                              (--whole-archive)
zephyr/arch/arch/arm/core/libarch__arm__core.a(nmi.c.obj)
                              (--whole-archive)
zephyr/arch/arch/arm/core/libarch__arm__core.a(nmi_on_reset.S.obj)
                              (--whole-archive)
zephyr/arch/arch/arm/core/libarch__arm__core.a(tls.c.obj)
                              (--whole-archive)
zephyr/arch/arch/arm/core/cortex_m/libarch__arm__core__cortex_m.a(exc_exit.c.obj)
                              (--whole-archive)
zephyr/arch/arch/arm/core/cortex_m/libarch__arm__core__cortex_m.a(fault.c.obj)
                              (--whole-archive)
zephyr/arch/arch/arm/core/cortex_m/libarch__arm__core__cortex_m.a(fault_s.S.obj)
                              (--whole-archive)
zephyr/arch/arch/arm/core/cortex_m/libarch__arm__core__cortex_m.a(fpu.c.obj)
                              (--whole-archive)
zephyr/arch/arch/arm/core/cortex_m/libarch__arm__core__cortex_m.a(reset.S.obj)
                              (--whole-archive)
zephyr/arch/arch/arm/core/cortex_m/libarch__arm__core__cortex_m.a(scb.c.obj)
                              (--whole-archive)
zephyr/arch/arch/arm/core/cortex_m/libarch__arm__core__cortex_m.a(thread_abort.c.obj)
                              (--whole-archive)
zephyr/arch/arch/arm/core/cortex_m/libarch__arm__core__cortex_m.a(vector_table.S.obj)
                              (--whole-archive)
zephyr/arch/arch/arm/core/cortex_m/libarch__arm__core__cortex_m.a(swap_helper.S.obj)
                              (--whole-archive)
zephyr/arch/arch/arm/core/cortex_m/libarch__arm__core__cortex_m.a(irq_manage.c.obj)
                              (--whole-archive)
zephyr/arch/arch/arm/core/cortex_m/libarch__arm__core__cortex_m.a(prep_c.c.obj)
                              (--whole-archive)
zephyr/arch/arch/arm/core/cortex_m/libarch__arm__core__cortex_m.a(thread.c.obj)
                              (--whole-archive)
zephyr/arch/arch/arm/core/cortex_m/libarch__arm__core__cortex_m.a(cpu_idle.c.obj)
                              (--whole-archive)
zephyr/arch/arch/arm/core/cortex_m/libarch__arm__core__cortex_m.a(irq_init.c.obj)
                              (--whole-archive)
zephyr/arch/arch/arm/core/cortex_m/libarch__arm__core__cortex_m.a(isr_wrapper.c.obj)
                              (--whole-archive)
zephyr/arch/arch/arm/core/cortex_m/libarch__arm__core__cortex_m.a(__aeabi_read_tp.S.obj)
                              (--whole-archive)
zephyr/arch/arch/arm/core/mpu/libarch__arm__core__mpu.a(arm_core_mpu.c.obj)
                              (--whole-archive)
[...]
Memory Configuration

Name             Origin             Length             Attributes
FLASH            0x0000000000000000 0x0000000000100000 xr
RAM              0x0000000020000000 0x0000000000040000 xw
IDT_LIST         0x00000000ffff7fff 0x0000000000008000 xw
*default*        0x0000000000000000 0xffffffffffffffff

Linker script and memory map

                0x0000000000004268                vfprintf = __l_vfprintf
                0x0000000000000000                vfscanf = __l_vfscanf
LOAD zephyr/CMakeFiles/zephyr_pre0.dir/misc/empty_file.c.obj
LOAD zephyr/CMakeFiles/offsets.dir/./arch/arm/core/offsets/offsets.c.obj
LOAD app/libapp.a
LOAD zephyr/libzephyr.a
LOAD zephyr/arch/common/libarch__common.a
LOAD zephyr/arch/arch/arm/core/libarch__arm__core.a
LOAD zephyr/arch/arch/arm/core/cortex_m/libarch__arm__core__cortex_m.a
LOAD zephyr/arch/arch/arm/core/mpu/libarch__arm__core__mpu.a
LOAD zephyr/lib/libc/picolibc/liblib__libc__picolibc.a
LOAD zephyr/lib/libc/common/liblib__libc__common.a
LOAD zephyr/soc/soc/nrf52840/libsoc__nordic.a
LOAD zephyr/drivers/clock_control/libdrivers__clock_control.a
LOAD zephyr/drivers/console/libdrivers__console.a
LOAD zephyr/drivers/gpio/libdrivers__gpio.a
LOAD zephyr/drivers/pinctrl/libdrivers__pinctrl.a
LOAD zephyr/drivers/serial/libdrivers__serial.a
LOAD zephyr/drivers/timer/libdrivers__timer.a
LOAD modules/nrf/drivers/hw_cc3xx/lib..__nrf__drivers__hw_cc3xx.a
LOAD modules/hal_nordic/modules/hal_nordic/nrfx/libmodules__hal_nordic__nrfx.a
LOAD modules/segger/libmodules__segger.a
LOAD zephyr/kernel/libkernel.a
LOAD zephyr/arch/common/libisr_tables.a
LOAD /home/mbedsyst/ncs/v3.0.0/nrfxlib/crypto/nrf_cc310_platform/lib/cortex-m4/soft-float/no-interrupts/libnrf_cc310_platform_0.9.19.a
LOAD /home/mbedsyst/ncs/toolchains/7cbc0036f4/opt/zephyr-sdk/arm-zephyr-eabi/bin/../lib/gcc/../../picolibc/arm-zephyr-eabi/lib/thumb/v7e-m/nofp/libc.a
LOAD /home/mbedsyst/ncs/toolchains/7cbc0036f4/opt/zephyr-sdk/arm-zephyr-eabi/bin/../lib/gcc/arm-zephyr-eabi/12.2.0/thumb/v7e-m/nofp/libgcc.a
                0x0000000000000020                _region_min_align = 0x20

.rel.plt        0x0000000000000000        0x0
 *(SORT_BY_ALIGNMENT(.rel.plt))
                [!provide]                        PROVIDE (__rel_iplt_start = .)
 *(SORT_BY_ALIGNMENT(.rel.iplt))
 .rel.iplt      0x0000000000000000        0x0 app/libapp.a(main.c.obj)
                [!provide]                        PROVIDE (__rel_iplt_end = .)

.rela.plt       0x0000000000000000        0x0
 *(SORT_BY_ALIGNMENT(.rela.plt))
                [!provide]                        PROVIDE (__rela_iplt_start = .)
 *(SORT_BY_ALIGNMENT(.rela.iplt))
                [!provide]                        PROVIDE (__rela_iplt_end = .)

.rel.dyn
 *(SORT_BY_ALIGNMENT(.rel.*))

.rela.dyn
 *(SORT_BY_ALIGNMENT(.rela.*))

/DISCARD/
 *(SORT_BY_ALIGNMENT(.plt))

/DISCARD/
 *(SORT_BY_ALIGNMENT(.iplt))
                0x0000000000000000                __rom_region_start = 0x0

rom_start       0x0000000000000000      0x100
                0x0000000000000000                __rom_start_address = .
 FILL mask 0x00
                0x0000000000000000                . = (. + (0x0 - (. - __rom_start_address)))
                0x0000000000000000                . = ALIGN (0x4)
                0x0000000000000000                . = ALIGN (0x80)
                0x0000000000000000                . = ALIGN (0x100)
                0x0000000000000000                _vector_start = .
 *(SORT_BY_ALIGNMENT(.exc_vector_table))
 *(SORT_BY_ALIGNMENT(.exc_vector_table.*))
 .exc_vector_table._vector_table_section
                0x0000000000000000       0x40 zephyr/arch/arch/arm/core/cortex_m/libarch__arm__core__cortex_m.a(vector_table.S.obj)
                0x0000000000000000                _vector_table
 *(SORT_BY_ALIGNMENT(.vectors))
                0x0000000000000100                _vector_end = .
                0x0000000000000040                . = ALIGN (0x4)
 *(SORT_BY_ALIGNMENT(.gnu.linkonce.irq_vector_table*))
 .gnu.linkonce.irq_vector_table
                0x0000000000000040       0xc0 zephyr/arch/common/libisr_tables.a(isr_tables.c.obj)
                0x0000000000000040                _irq_vector_table
                0x0000000000000100                _vector_end = .

text            0x0000000000000100     0x532c
                0x0000000000000100                __text_region_start = .
 *(SORT_BY_ALIGNMENT(.text))
 .text          0x0000000000000100       0x10 /home/mbedsyst/ncs/toolchains/7cbc0036f4/opt/zephyr-sdk/arm-zephyr-eabi/bin/../lib/gcc/../../picolibc/arm-zephyr-eabi/lib/thumb/v7e-m/nofp/libc.a(strlen.S.o)
                0x0000000000000100                strlen
 *(SORT_BY_ALIGNMENT(.text.*))
 .text.main     0x0000000000000110       0x18 app/libapp.a(main.c.obj)
                0x0000000000000110                main
 .text.app_ctx_init
                0x0000000000000128       0x14 app/libapp.a(app_ctx.c.obj)
                0x0000000000000128                app_ctx_init
 .text.fido_main
                0x000000000000013c       0x64 app/libapp.a(fido_main.c.obj)
                0x000000000000013c                fido_main
 .text.log_generic
                0x00000000000001a0       0x88 app/libapp.a(logger.c.obj)
 .text.log_debug
                0x0000000000000228       0x2c app/libapp.a(logger.c.obj)
                0x0000000000000228                log_debug
 .text.log_info
                0x0000000000000254       0x2c app/libapp.a(logger.c.obj)
                0x0000000000000254                log_info
 .text.log_warn
                0x0000000000000280       0x2c app/libapp.a(logger.c.obj)
                0x0000000000000280                log_warn
 .text.log_error
                0x00000000000002ac       0x2c app/libapp.a(logger.c.obj)
                0x00000000000002ac                log_error
 .text.led_is_on
                0x00000000000002d8       0x20 app/libapp.a(led_controller.c.obj)
 .text.led_init
                0x00000000000002f8       0x94 app/libapp.a(led_controller.c.obj)
 .text.led_set  0x000000000000038c       0x6c app/libapp.a(led_controller.c.obj)
 .text.char_out
                0x00000000000003f8        0xc zephyr/libzephyr.a(printk.c.obj)
 .text.__printk_hook_install
                0x0000000000000404        0xc zephyr/libzephyr.a(printk.c.obj)
                0x0000000000000404                __printk_hook_install
 .text.vprintk  0x0000000000000410       0x30 zephyr/libzephyr.a(printk.c.obj)
                0x0000000000000410                vprintk
 .text.z_thread_entry
                0x0000000000000440       0x34 zephyr/libzephyr.a(thread_entry.c.obj)
                0x0000000000000440                z_thread_entry
 .text.process_event
                0x0000000000000474      0x21c zephyr/libzephyr.a(onoff.c.obj)
 .text.mem_attr_get_regions
                0x0000000000000690        0xc zephyr/libzephyr.a(mem_attr.c.obj)
                0x0000000000000690                mem_attr_get_regions
 .text.boot_banner
                0x000000000000069c       0x1c zephyr/libzephyr.a(banner.c.obj)
                0x000000000000069c                boot_banner
 .text.nrf_cc3xx_platform_abort_init
                0x00000000000006b8        0xc zephyr/libzephyr.a(nrf_cc3xx_platform_abort_zephyr.c.obj)
                0x00000000000006b8                nrf_cc3xx_platform_abort_init
 .text.mutex_free_platform
                0x00000000000006c4       0x54 zephyr/libzephyr.a(nrf_cc3xx_platform_mutex_zephyr.c.obj)
 .text.mutex_lock_platform
                0x0000000000000718       0x60 zephyr/libzephyr.a(nrf_cc3xx_platform_mutex_zephyr.c.obj)
 .text.mutex_unlock_platform
                0x0000000000000778       0x58 zephyr/libzephyr.a(nrf_cc3xx_platform_mutex_zephyr.c.obj)
 .text.mutex_init_platform
                0x00000000000007d0       0x94 zephyr/libzephyr.a(nrf_cc3xx_platform_mutex_zephyr.c.obj)
 .text.nrf_cc3xx_platform_mutex_init
                0x0000000000000864       0x2c zephyr/libzephyr.a(nrf_cc3xx_platform_mutex_zephyr.c.obj)
                0x0000000000000864                nrf_cc3xx_platform_mutex_init
 .text.z_SysNmiOnReset
                0x0000000000000890        0x8 zephyr/arch/arch/arm/core/libarch__arm__core.a(nmi_on_reset.S.obj)
                0x0000000000000890                z_SysNmiOnReset
 .text.arch_tls_stack_setup
                0x0000000000000898       0x40 zephyr/arch/arch/arm/core/libarch__arm__core.a(tls.c.obj)
                0x0000000000000898                arch_tls_stack_setup
 .text._HandlerModeExit
                0x00000000000008d8       0x28 zephyr/arch/arch/arm/core/cortex_m/libarch__arm__core__cortex_m.a(exc_exit.c.obj)
                0x00000000000008d8                z_arm_exc_exit
                0x00000000000008d8                z_arm_int_exit
 .text.mem_manage_fault
                0x0000000000000900       0xa0 zephyr/arch/arch/arm/core/cortex_m/libarch__arm__core__cortex_m.a(fault.c.obj)
 .text.usage_fault.constprop.0
                0x00000000000009a0       0x54 zephyr/arch/arch/arm/core/cortex_m/libarch__arm__core__cortex_m.a(fault.c.obj)
 .text.bus_fault.constprop.0
                0x00000000000009f4       0x6c zephyr/arch/arch/arm/core/cortex_m/libarch__arm__core__cortex_m.a(fault.c.obj)
 .text.z_arm_fault
                0x0000000000000a60      0x128 zephyr/arch/arch/arm/core/cortex_m/libarch__arm__core__cortex_m.a(fault.c.obj)
                0x0000000000000a60                z_arm_fault
 .text.z_arm_fault_init
                0x0000000000000b88       0x18 zephyr/arch/arch/arm/core/cortex_m/libarch__arm__core__cortex_m.a(fault.c.obj)
                0x0000000000000b88                z_arm_fault_init
 .text.__fault  0x0000000000000ba0       0x14 zephyr/arch/arch/arm/core/cortex_m/libarch__arm__core__cortex_m.a(fault_s.S.obj)
                0x0000000000000ba0                z_arm_bus_fault
                0x0000000000000ba0                z_arm_usage_fault
                0x0000000000000ba0                z_arm_mpu_fault
                0x0000000000000ba0                z_arm_exc_spurious
                0x0000000000000ba0                z_arm_debug_monitor
                0x0000000000000ba0                z_arm_hard_fault
 .text._reset_section
                0x0000000000000bb4       0x54 zephyr/arch/arch/arm/core/cortex_m/libarch__arm__core__cortex_m.a(reset.S.obj)
                0x0000000000000bb4                z_arm_reset
                0x0000000000000bb4                __start
 .text.z_arm_clear_arm_mpu_config
                0x0000000000000c08       0x24 zephyr/arch/arch/arm/core/cortex_m/libarch__arm__core__cortex_m.a(scb.c.obj)
                0x0000000000000c08                z_arm_clear_arm_mpu_config
 .text.z_arm_init_arch_hw_at_boot
                0x0000000000000c2c       0x64 zephyr/arch/arch/arm/core/cortex_m/libarch__arm__core__cortex_m.a(scb.c.obj)
                0x0000000000000c2c                z_arm_init_arch_hw_at_boot
 .text.z_impl_k_thread_abort
                0x0000000000000c90       0x2c zephyr/arch/arch/arm/core/cortex_m/libarch__arm__core__cortex_m.a(thread_abort.c.obj)
                0x0000000000000c90                z_impl_k_thread_abort
 .text.z_arm_pendsv
                0x0000000000000cbc       0x64 zephyr/arch/arch/arm/core/cortex_m/libarch__arm__core__cortex_m.a(swap_helper.S.obj)
                0x0000000000000cbc                z_arm_pendsv
 .text.z_arm_svc
                0x0000000000000d20       0x24 zephyr/arch/arch/arm/core/cortex_m/libarch__arm__core__cortex_m.a(swap_helper.S.obj)
                0x0000000000000d20                z_arm_svc
 .text.arch_irq_enable
                0x0000000000000d44       0x1c zephyr/arch/arch/arm/core/cortex_m/libarch__arm__core__cortex_m.a(irq_manage.c.obj)
                0x0000000000000d44                arch_irq_enable
 .text.arch_irq_is_enabled
                0x0000000000000d60       0x1c zephyr/arch/arch/arm/core/cortex_m/libarch__arm__core__cortex_m.a(irq_manage.c.obj)
                0x0000000000000d60                arch_irq_is_enabled
 .text.z_arm_irq_priority_set
                0x0000000000000d7c       0x30 zephyr/arch/arch/arm/core/cortex_m/libarch__arm__core__cortex_m.a(irq_manage.c.obj)
                0x0000000000000d7c                z_arm_irq_priority_set
 .text.z_prep_c
                0x0000000000000dac       0x38 zephyr/arch/arch/arm/core/cortex_m/libarch__arm__core__cortex_m.a(prep_c.c.obj)
                0x0000000000000dac                z_prep_c
 .text.arch_new_thread
                0x0000000000000de4       0x38 zephyr/arch/arch/arm/core/cortex_m/libarch__arm__core__cortex_m.a(thread.c.obj)
                0x0000000000000de4                arch_new_thread
 .text.z_check_thread_stack_fail
                0x0000000000000e1c       0x2c zephyr/arch/arch/arm/core/cortex_m/libarch__arm__core__cortex_m.a(thread.c.obj)
                0x0000000000000e1c                z_check_thread_stack_fail
 .text.arch_switch_to_main_thread
                0x0000000000000e48       0x3c zephyr/arch/arch/arm/core/cortex_m/libarch__arm__core__cortex_m.a(thread.c.obj)
                0x0000000000000e48                arch_switch_to_main_thread
 .text.z_arm_cpu_idle_init
                0x0000000000000e84        0xc zephyr/arch/arch/arm/core/cortex_m/libarch__arm__core__cortex_m.a(cpu_idle.c.obj)
                0x0000000000000e84                z_arm_cpu_idle_init
 .text.z_arm_interrupt_init
                0x0000000000000e90       0x18 zephyr/arch/arch/arm/core/cortex_m/libarch__arm__core__cortex_m.a(irq_init.c.obj)
                0x0000000000000e90                z_arm_interrupt_init
 .text._isr_wrapper
                0x0000000000000ea8       0x24 zephyr/arch/arch/arm/core/cortex_m/libarch__arm__core__cortex_m.a(isr_wrapper.c.obj)
                0x0000000000000ea8                _isr_wrapper
 .text.z_arm_configure_static_mpu_regions
                0x0000000000000ecc       0x18 zephyr/arch/arch/arm/core/mpu/libarch__arm__core__mpu.a(arm_core_mpu.c.obj)
                0x0000000000000ecc                z_arm_configure_static_mpu_regions
 .text.z_arm_configure_dynamic_mpu_regions
                0x0000000000000ee4       0x20 zephyr/arch/arch/arm/core/mpu/libarch__arm__core__mpu.a(arm_core_mpu.c.obj)
                0x0000000000000ee4                z_arm_configure_dynamic_mpu_regions
 .text.region_init
                0x0000000000000f04       0x28 zephyr/arch/arch/arm/core/mpu/libarch__arm__core__mpu.a(arm_mpu.c.obj)
 .text.mpu_configure_regions
                0x0000000000000f2c       0x6c zephyr/arch/arch/arm/core/mpu/libarch__arm__core__mpu.a(arm_mpu.c.obj)
 .text.arm_core_mpu_enable
                0x0000000000000f98       0x18 zephyr/arch/arch/arm/core/mpu/libarch__arm__core__mpu.a(arm_mpu.c.obj)
                0x0000000000000f98                arm_core_mpu_enable
 .text.arm_core_mpu_disable
                0x0000000000000fb0       0x14 zephyr/arch/arch/arm/core/mpu/libarch__arm__core__mpu.a(arm_mpu.c.obj)
                0x0000000000000fb0                arm_core_mpu_disable
 .text.arm_core_mpu_configure_static_mpu_regions
                0x0000000000000fc4       0x14 zephyr/arch/arch/arm/core/mpu/libarch__arm__core__mpu.a(arm_mpu.c.obj)
                0x0000000000000fc4                arm_core_mpu_configure_static_mpu_regions
 .text.arm_core_mpu_configure_dynamic_mpu_regions
                0x0000000000000fd8       0x38 zephyr/arch/arch/arm/core/mpu/libarch__arm__core__mpu.a(arm_mpu.c.obj)
                0x0000000000000fd8                arm_core_mpu_configure_dynamic_mpu_regions
 .text.z_arm_mpu_init
                0x0000000000001010      0x168 zephyr/arch/arch/arm/core/mpu/libarch__arm__core__mpu.a(arm_mpu.c.obj)
                0x0000000000001010                z_arm_mpu_init
 .text.z_impl_zephyr_fputc
                0x0000000000001178       0x10 zephyr/lib/libc/picolibc/liblib__libc__picolibc.a(stdio.c.obj)
                0x0000000000001178                z_impl_zephyr_fputc
 .text.__stdout_hook_install
                0x0000000000001188       0x18 zephyr/lib/libc/picolibc/liblib__libc__picolibc.a(stdio.c.obj)
                0x0000000000001188                __stdout_hook_install
 .text.malloc_prepare
                0x00000000000011a0       0x24 zephyr/lib/libc/common/liblib__libc__common.a(malloc.c.obj)
 .text.nordicsemi_nrf52_init
                0x00000000000011c4       0x44 zephyr/soc/soc/nrf52840/libsoc__nordic.a(soc.c.obj)
 .text.arch_busy_wait
                0x0000000000001208       0x14 zephyr/soc/soc/nrf52840/libsoc__nordic.a(soc.c.obj)
                0x0000000000001208                arch_busy_wait
 .text.onoff_stop
                0x000000000000121c       0x30 zephyr/drivers/clock_control/libdrivers__clock_control.a(clock_control_nrf.c.obj)
 .text.onoff_start
                0x000000000000124c       0x44 zephyr/drivers/clock_control/libdrivers__clock_control.a(clock_control_nrf.c.obj)
 .text.generic_hfclk_stop
                0x0000000000001290       0x34 zephyr/drivers/clock_control/libdrivers__clock_control.a(clock_control_nrf.c.obj)
 .text.clk_init
                0x00000000000012c4       0x58 zephyr/drivers/clock_control/libdrivers__clock_control.a(clock_control_nrf.c.obj)
 .text.api_blocking_start
                0x000000000000131c       0x34 zephyr/drivers/clock_control/libdrivers__clock_control.a(clock_control_nrf.c.obj)
 .text.clkstarted_handle.constprop.0
                0x0000000000001350       0x4c zephyr/drivers/clock_control/libdrivers__clock_control.a(clock_control_nrf.c.obj)
 .text.generic_hfclk_start
                0x000000000000139c       0x78 zephyr/drivers/clock_control/libdrivers__clock_control.a(clock_control_nrf.c.obj)
 .text.clock_event_handler
                0x0000000000001414       0x1c zephyr/drivers/clock_control/libdrivers__clock_control.a(clock_control_nrf.c.obj)
 .text.z_nrf_clock_control_lf_on
                0x0000000000001430       0xfc zephyr/drivers/clock_control/libdrivers__clock_control.a(clock_control_nrf.c.obj)
                0x0000000000001430                z_nrf_clock_control_lf_on
 .text.uart_console_init
                0x000000000000152c       0x28 zephyr/drivers/console/libdrivers__console.a(uart_console.c.obj)
 .text.console_out
                0x0000000000001554       0x28 zephyr/drivers/console/libdrivers__console.a(uart_console.c.obj)
 .text.gpio_nrfx_pin_interrupt_configure
                0x000000000000157c      0x100 zephyr/drivers/gpio/libdrivers__gpio.a(gpio_nrfx.c.obj)
 .text.gpio_nrfx_init
                0x000000000000167c       0x48 zephyr/drivers/gpio/libdrivers__gpio.a(gpio_nrfx.c.obj)
 .text.nrfx_gpio_handler
                0x00000000000016c4       0x4c zephyr/drivers/gpio/libdrivers__gpio.a(gpio_nrfx.c.obj)
 .text.gpio_nrfx_pin_configure
                0x0000000000001710      0x18c zephyr/drivers/gpio/libdrivers__gpio.a(gpio_nrfx.c.obj)
 .text.nrf_gpio_pin_port_decode
                0x000000000000189c       0x20 zephyr/drivers/pinctrl/libdrivers__pinctrl.a(pinctrl_nrf.c.obj)
 .text.pinctrl_configure_pins
                0x00000000000018bc      0x1a4 zephyr/drivers/pinctrl/libdrivers__pinctrl.a(pinctrl_nrf.c.obj)
                0x00000000000018bc                pinctrl_configure_pins
 .text.uarte_nrfx_poll_out
                0x0000000000001a60       0xb4 zephyr/drivers/serial/libdrivers__serial.a(uart_nrfx_uarte.c.obj)
 .text.uarte_0_init
                0x0000000000001b14      0x108 zephyr/drivers/serial/libdrivers__serial.a(uart_nrfx_uarte.c.obj)
 .text.compare_int_lock
                0x0000000000001c1c       0x48 zephyr/drivers/timer/libdrivers__timer.a(nrf_rtc_timer.c.obj)
 .text.sys_clock_timeout_handler
                0x0000000000001c64       0x48 zephyr/drivers/timer/libdrivers__timer.a(nrf_rtc_timer.c.obj)
 .text.compare_int_unlock
                0x0000000000001cac       0x5c zephyr/drivers/timer/libdrivers__timer.a(nrf_rtc_timer.c.obj)
 .text.z_nrf_rtc_timer_read
                0x0000000000001d08       0x44 zephyr/drivers/timer/libdrivers__timer.a(nrf_rtc_timer.c.obj)
                0x0000000000001d08                z_nrf_rtc_timer_read
 .text.compare_set
                0x0000000000001d4c      0x130 zephyr/drivers/timer/libdrivers__timer.a(nrf_rtc_timer.c.obj)
 .text.sys_clock_driver_init
                0x0000000000001e7c       0x90 zephyr/drivers/timer/libdrivers__timer.a(nrf_rtc_timer.c.obj)
 .text.rtc_nrf_isr
                0x0000000000001f0c       0xd4 zephyr/drivers/timer/libdrivers__timer.a(nrf_rtc_timer.c.obj)
                0x0000000000001f0c                rtc_nrf_isr
 .text.sys_clock_set_timeout
                0x0000000000001fe0       0x5c zephyr/drivers/timer/libdrivers__timer.a(nrf_rtc_timer.c.obj)
                0x0000000000001fe0                sys_clock_set_timeout
 .text.sys_clock_elapsed
                0x000000000000203c       0x14 zephyr/drivers/timer/libdrivers__timer.a(nrf_rtc_timer.c.obj)
                0x000000000000203c                sys_clock_elapsed
 .text.nrf52_errata_98
                0x0000000000002050       0x24 modules/hal_nordic/modules/hal_nordic/nrfx/libmodules__hal_nordic__nrfx.a(system_nrf52840.c.obj)
 .text.nvmc_wait
                0x0000000000002074       0x10 modules/hal_nordic/modules/hal_nordic/nrfx/libmodules__hal_nordic__nrfx.a(system_nrf52840.c.obj)
                0x0000000000002074                nvmc_wait
 .text.SystemInit
                0x0000000000002084      0x1bc modules/hal_nordic/modules/hal_nordic/nrfx/libmodules__hal_nordic__nrfx.a(system_nrf52840.c.obj)
                0x0000000000002084                SystemInit
 .text.nrfx_flag32_alloc
                0x0000000000002240       0x48 modules/hal_nordic/modules/hal_nordic/nrfx/libmodules__hal_nordic__nrfx.a(nrfx_flag32_allocator.c.obj)
                0x0000000000002240                nrfx_flag32_alloc
 .text.nrfx_flag32_free
                0x0000000000002288       0x40 modules/hal_nordic/modules/hal_nordic/nrfx/libmodules__hal_nordic__nrfx.a(nrfx_flag32_allocator.c.obj)
                0x0000000000002288                nrfx_flag32_free
 .text.nrfx_gppi_channels_enable
                0x00000000000022c8        0xc modules/hal_nordic/modules/hal_nordic/nrfx/libmodules__hal_nordic__nrfx.a(nrfx_gppi_ppi.c.obj)
                0x00000000000022c8                nrfx_gppi_channels_enable
 .text.clock_stop
                0x00000000000022d4       0xc4 modules/hal_nordic/modules/hal_nordic/nrfx/libmodules__hal_nordic__nrfx.a(nrfx_clock.c.obj)
 .text.nrfx_clock_init
                0x0000000000002398       0x20 modules/hal_nordic/modules/hal_nordic/nrfx/libmodules__hal_nordic__nrfx.a(nrfx_clock.c.obj)
                0x0000000000002398                nrfx_clock_init
 .text.nrfx_clock_enable
                0x00000000000023b8       0x24 modules/hal_nordic/modules/hal_nordic/nrfx/libmodules__hal_nordic__nrfx.a(nrfx_clock.c.obj)
                0x00000000000023b8                nrfx_clock_enable
 .text.nrfx_clock_start
                0x00000000000023dc       0xa8 modules/hal_nordic/modules/hal_nordic/nrfx/libmodules__hal_nordic__nrfx.a(nrfx_clock.c.obj)
                0x00000000000023dc                nrfx_clock_start
 .text.nrfx_power_clock_irq_handler
                0x0000000000002484       0x7c modules/hal_nordic/modules/hal_nordic/nrfx/libmodules__hal_nordic__nrfx.a(nrfx_clock.c.obj)
                0x0000000000002484                nrfx_power_clock_irq_handler
 .text.nrf_gpio_pin_port_decode
                0x0000000000002500       0x20 modules/hal_nordic/modules/hal_nordic/nrfx/libmodules__hal_nordic__nrfx.a(nrfx_gpiote.c.obj)
 .text.get_pin_idx
                0x0000000000002520       0x14 modules/hal_nordic/modules/hal_nordic/nrfx/libmodules__hal_nordic__nrfx.a(nrfx_gpiote.c.obj)
 .text.call_handler.constprop.0
                0x0000000000002534       0x40 modules/hal_nordic/modules/hal_nordic/nrfx/libmodules__hal_nordic__nrfx.a(nrfx_gpiote.c.obj)
 .text.pin_te_get.constprop.0
                0x0000000000002574       0x18 modules/hal_nordic/modules/hal_nordic/nrfx/libmodules__hal_nordic__nrfx.a(nrfx_gpiote.c.obj)
 .text.pin_is_output.constprop.0
                0x000000000000258c       0x18 modules/hal_nordic/modules/hal_nordic/nrfx/libmodules__hal_nordic__nrfx.a(nrfx_gpiote.c.obj)
 .text.pin_in_use_by_te.constprop.0
                0x00000000000025a4       0x18 modules/hal_nordic/modules/hal_nordic/nrfx/libmodules__hal_nordic__nrfx.a(nrfx_gpiote.c.obj)
 .text.latch_pending_read_and_check
                0x00000000000025bc       0x40 modules/hal_nordic/modules/hal_nordic/nrfx/libmodules__hal_nordic__nrfx.a(nrfx_gpiote.c.obj)
 .text.release_handler.isra.0
                0x00000000000025fc       0x58 modules/hal_nordic/modules/hal_nordic/nrfx/libmodules__hal_nordic__nrfx.a(nrfx_gpiote.c.obj)
 .text.__nrfy_internal_gpiote_events_process.constprop.0
                0x0000000000002654       0x5c modules/hal_nordic/modules/hal_nordic/nrfx/libmodules__hal_nordic__nrfx.a(nrfx_gpiote.c.obj)
 .text.pin_uninit
                0x00000000000026b0       0x80 modules/hal_nordic/modules/hal_nordic/nrfx/libmodules__hal_nordic__nrfx.a(nrfx_gpiote.c.obj)
 .text.nrfx_gpiote_input_configure
                0x0000000000002730      0x174 modules/hal_nordic/modules/hal_nordic/nrfx/libmodules__hal_nordic__nrfx.a(nrfx_gpiote.c.obj)
                0x0000000000002730                nrfx_gpiote_input_configure
 .text.nrfx_gpiote_output_configure
                0x00000000000028a4       0xfc modules/hal_nordic/modules/hal_nordic/nrfx/libmodules__hal_nordic__nrfx.a(nrfx_gpiote.c.obj)
                0x00000000000028a4                nrfx_gpiote_output_configure
 .text.nrfx_gpiote_global_callback_set
                0x00000000000029a0        0xc modules/hal_nordic/modules/hal_nordic/nrfx/libmodules__hal_nordic__nrfx.a(nrfx_gpiote.c.obj)
                0x00000000000029a0                nrfx_gpiote_global_callback_set
 .text.nrfx_gpiote_channel_get
                0x00000000000029ac       0x34 modules/hal_nordic/modules/hal_nordic/nrfx/libmodules__hal_nordic__nrfx.a(nrfx_gpiote.c.obj)
                0x00000000000029ac                nrfx_gpiote_channel_get
 .text.nrfx_gpiote_init
                0x00000000000029e0       0x68 modules/hal_nordic/modules/hal_nordic/nrfx/libmodules__hal_nordic__nrfx.a(nrfx_gpiote.c.obj)
                0x00000000000029e0                nrfx_gpiote_init
 .text.nrfx_gpiote_init_check
                0x0000000000002a48       0x14 modules/hal_nordic/modules/hal_nordic/nrfx/libmodules__hal_nordic__nrfx.a(nrfx_gpiote.c.obj)
                0x0000000000002a48                nrfx_gpiote_init_check
 .text.nrfx_gpiote_channel_free
                0x0000000000002a5c        0xc modules/hal_nordic/modules/hal_nordic/nrfx/libmodules__hal_nordic__nrfx.a(nrfx_gpiote.c.obj)
                0x0000000000002a5c                nrfx_gpiote_channel_free
 .text.nrfx_gpiote_channel_alloc
                0x0000000000002a68        0xc modules/hal_nordic/modules/hal_nordic/nrfx/libmodules__hal_nordic__nrfx.a(nrfx_gpiote.c.obj)
                0x0000000000002a68                nrfx_gpiote_channel_alloc
 .text.nrfx_gpiote_trigger_enable
                0x0000000000002a74       0xb0 modules/hal_nordic/modules/hal_nordic/nrfx/libmodules__hal_nordic__nrfx.a(nrfx_gpiote.c.obj)
                0x0000000000002a74                nrfx_gpiote_trigger_enable
 .text.nrfx_gpiote_0_irq_handler
                0x0000000000002b24      0x1bc modules/hal_nordic/modules/hal_nordic/nrfx/libmodules__hal_nordic__nrfx.a(nrfx_gpiote.c.obj)
                0x0000000000002b24                nrfx_gpiote_0_irq_handler
 .text.nrfx_ppi_channel_alloc
                0x0000000000002ce0        0xc modules/hal_nordic/modules/hal_nordic/nrfx/libmodules__hal_nordic__nrfx.a(nrfx_ppi.c.obj)
                0x0000000000002ce0                nrfx_ppi_channel_alloc
 .text._DoInit  0x0000000000002cec       0x68 modules/segger/libmodules__segger.a(SEGGER_RTT.c.obj)
 .text.SEGGER_RTT_Init
                0x0000000000002d54       0x3c modules/segger/libmodules__segger.a(SEGGER_RTT.c.obj)
                0x0000000000002d54                SEGGER_RTT_Init
 .text.z_fatal_error
                0x0000000000002d90       0x30 zephyr/kernel/libkernel.a(fatal.c.obj)
                0x0000000000002d90                z_fatal_error
 .text.z_sys_init_run_level
                0x0000000000002dc0       0x2c zephyr/kernel/libkernel.a(init.c.obj)
 .text.bg_thread_main
                0x0000000000002dec       0xc4 zephyr/kernel/libkernel.a(init.c.obj)
 .text.z_bss_zero
                0x0000000000002eb0       0x18 zephyr/kernel/libkernel.a(init.c.obj)
                0x0000000000002eb0                z_bss_zero
 .text.z_init_cpu
                0x0000000000002ec8       0x70 zephyr/kernel/libkernel.a(init.c.obj)
                0x0000000000002ec8                z_init_cpu
 .text.z_cstart
                0x0000000000002f38       0xdc zephyr/kernel/libkernel.a(init.c.obj)
                0x0000000000002f38                z_cstart
 .text.init_mem_slab_obj_core_list
                0x0000000000003014       0x24 zephyr/kernel/libkernel.a(mem_slab.c.obj)
 .text.k_mem_slab_alloc
                0x0000000000003038       0x5c zephyr/kernel/libkernel.a(mem_slab.c.obj)
                0x0000000000003038                k_mem_slab_alloc
 .text.z_impl_k_mutex_lock
                0x0000000000003094       0xf0 zephyr/kernel/libkernel.a(mutex.c.obj)
                0x0000000000003094                z_impl_k_mutex_lock
 .text.z_impl_k_mutex_unlock
                0x0000000000003184       0xa0 zephyr/kernel/libkernel.a(mutex.c.obj)
                0x0000000000003184                z_impl_k_mutex_unlock
 .text.z_impl_k_sem_give
                0x0000000000003224       0x68 zephyr/kernel/libkernel.a(sem.c.obj)
                0x0000000000003224                z_impl_k_sem_give
 .text.z_impl_k_sem_take
                0x000000000000328c       0x4c zephyr/kernel/libkernel.a(sem.c.obj)
                0x000000000000328c                z_impl_k_sem_take
 .text.z_setup_new_thread
                0x00000000000032d8       0x98 zephyr/kernel/libkernel.a(thread.c.obj)
                0x00000000000032d8                z_setup_new_thread
 .text.z_swap_irqlock
                0x0000000000003370       0x30 zephyr/kernel/libkernel.a(sched.c.obj)
 .text.ready_thread
                0x00000000000033a0       0x90 zephyr/kernel/libkernel.a(sched.c.obj)
 .text.unready_thread
                0x0000000000003430       0x54 zephyr/kernel/libkernel.a(sched.c.obj)
 .text.move_thread_to_end_of_prio_q
                0x0000000000003484       0x90 zephyr/kernel/libkernel.a(sched.c.obj)
                0x0000000000003484                move_thread_to_end_of_prio_q
 .text.z_pend_curr
                0x0000000000003514       0x58 zephyr/kernel/libkernel.a(sched.c.obj)
                0x0000000000003514                z_pend_curr
 .text.z_thread_prio_set
                0x000000000000356c       0x9c zephyr/kernel/libkernel.a(sched.c.obj)
                0x000000000000356c                z_thread_prio_set
 .text.z_reschedule
                0x0000000000003608       0x24 zephyr/kernel/libkernel.a(sched.c.obj)
                0x0000000000003608                z_reschedule
 .text.z_reschedule_irqlock
                0x000000000000362c       0x28 zephyr/kernel/libkernel.a(sched.c.obj)
                0x000000000000362c                z_reschedule_irqlock
 .text.k_sched_lock
                0x0000000000003654       0x28 zephyr/kernel/libkernel.a(sched.c.obj)
                0x0000000000003654                k_sched_lock
 .text.k_sched_unlock
                0x000000000000367c       0x68 zephyr/kernel/libkernel.a(sched.c.obj)
                0x000000000000367c                k_sched_unlock
 .text.z_sched_init
                0x00000000000036e4       0x10 zephyr/kernel/libkernel.a(sched.c.obj)
                0x00000000000036e4                z_sched_init
 .text.z_impl_k_yield
                0x00000000000036f4       0x88 zephyr/kernel/libkernel.a(sched.c.obj)
                0x00000000000036f4                z_impl_k_yield
 .text.z_tick_sleep
                0x000000000000377c       0x80 zephyr/kernel/libkernel.a(sched.c.obj)
 .text.z_impl_k_wakeup
                0x00000000000037fc       0x4c zephyr/kernel/libkernel.a(sched.c.obj)
                0x00000000000037fc                z_impl_k_wakeup
 .text.z_impl_k_sched_current_thread_query
                0x0000000000003848        0xc zephyr/kernel/libkernel.a(sched.c.obj)
                0x0000000000003848                z_impl_k_sched_current_thread_query
 .text.z_thread_abort
                0x0000000000003854      0x110 zephyr/kernel/libkernel.a(sched.c.obj)
                0x0000000000003854                z_thread_abort
 .text.slice_timeout
                0x0000000000003964       0x20 zephyr/kernel/libkernel.a(timeslicing.c.obj)
 .text.thread_is_sliceable
                0x0000000000003984       0x3c zephyr/kernel/libkernel.a(timeslicing.c.obj)
                0x0000000000003984                thread_is_sliceable
 .text.z_reset_time_slice
                0x00000000000039c0       0x50 zephyr/kernel/libkernel.a(timeslicing.c.obj)
                0x00000000000039c0                z_reset_time_slice
 .text.z_time_slice
                0x0000000000003a10       0x60 zephyr/kernel/libkernel.a(timeslicing.c.obj)
                0x0000000000003a10                z_time_slice
 .text.z_data_copy
                0x0000000000003a70       0x38 zephyr/kernel/libkernel.a(xip.c.obj)
                0x0000000000003a70                z_data_copy
 .text.first    0x0000000000003aa8       0x10 zephyr/kernel/libkernel.a(timeout.c.obj)
 .text.elapsed  0x0000000000003ab8       0x14 zephyr/kernel/libkernel.a(timeout.c.obj)
 .text.remove_timeout
                0x0000000000003acc       0x38 zephyr/kernel/libkernel.a(timeout.c.obj)
 .text.z_add_timeout
                0x0000000000003b04       0xec zephyr/kernel/libkernel.a(timeout.c.obj)
                0x0000000000003b04                z_add_timeout
 .text.sys_clock_announce
                0x0000000000003bf0       0xbc zephyr/kernel/libkernel.a(timeout.c.obj)
                0x0000000000003bf0                sys_clock_announce
 .text.sys_clock_tick_get
                0x0000000000003cac       0x30 zephyr/kernel/libkernel.a(timeout.c.obj)
                0x0000000000003cac                sys_clock_tick_get
 .text.z_timer_expiration_handler
                0x0000000000003cdc       0xe0 zephyr/kernel/libkernel.a(timer.c.obj)
                0x0000000000003cdc                z_timer_expiration_handler
 .text.z_impl_k_timer_start
                0x0000000000003dbc       0x74 zephyr/kernel/libkernel.a(timer.c.obj)
                0x0000000000003dbc                z_impl_k_timer_start
 .text.nrf_cc3xx_platform_init_no_rng
                0x0000000000003e30       0x38 /home/mbedsyst/ncs/v3.0.0/nrfxlib/crypto/nrf_cc310_platform/lib/cortex-m4/soft-float/no-interrupts/libnrf_cc310_platform_0.9.19.a(nrf_cc3xx_platform.c.obj)
                0x0000000000003e30                nrf_cc3xx_platform_init_no_rng
 .text.nrf_cc3xx_platform_abort
                0x0000000000003e68       0x24 /home/mbedsyst/ncs/v3.0.0/nrfxlib/crypto/nrf_cc310_platform/lib/cortex-m4/soft-float/no-interrupts/libnrf_cc310_platform_0.9.19.a(nrf_cc3xx_platform_abort.c.obj)
 .text.CC_PalAbort
                0x0000000000003e8c       0x34 /home/mbedsyst/ncs/v3.0.0/nrfxlib/crypto/nrf_cc310_platform/lib/cortex-m4/soft-float/no-interrupts/libnrf_cc310_platform_0.9.19.a(nrf_cc3xx_platform_abort.c.obj)
                0x0000000000003e8c                CC_PalAbort
 .text.nrf_cc3xx_platform_set_abort
                0x0000000000003ec0       0x10 /home/mbedsyst/ncs/v3.0.0/nrfxlib/crypto/nrf_cc310_platform/lib/cortex-m4/soft-float/no-interrupts/libnrf_cc310_platform_0.9.19.a(nrf_cc3xx_platform_abort.c.obj)
                0x0000000000003ec0                nrf_cc3xx_platform_set_abort
 .text.mutex_free
                0x0000000000003ed0       0x34 /home/mbedsyst/ncs/v3.0.0/nrfxlib/crypto/nrf_cc310_platform/lib/cortex-m4/soft-float/no-interrupts/libnrf_cc310_platform_0.9.19.a(nrf_cc3xx_platform_mutex.c.obj)
 .text.mutex_lock
                0x0000000000003f04       0x48 /home/mbedsyst/ncs/v3.0.0/nrfxlib/crypto/nrf_cc310_platform/lib/cortex-m4/soft-float/no-interrupts/libnrf_cc310_platform_0.9.19.a(nrf_cc3xx_platform_mutex.c.obj)
 .text.mutex_unlock
                0x0000000000003f4c       0x38 /home/mbedsyst/ncs/v3.0.0/nrfxlib/crypto/nrf_cc310_platform/lib/cortex-m4/soft-float/no-interrupts/libnrf_cc310_platform_0.9.19.a(nrf_cc3xx_platform_mutex.c.obj)
 .text.mutex_init
                0x0000000000003f84       0x20 /home/mbedsyst/ncs/v3.0.0/nrfxlib/crypto/nrf_cc310_platform/lib/cortex-m4/soft-float/no-interrupts/libnrf_cc310_platform_0.9.19.a(nrf_cc3xx_platform_mutex.c.obj)
 .text.nrf_cc3xx_platform_set_mutexes
                0x0000000000003fa4       0x74 /home/mbedsyst/ncs/v3.0.0/nrfxlib/crypto/nrf_cc310_platform/lib/cortex-m4/soft-float/no-interrupts/libnrf_cc310_platform_0.9.19.a(nrf_cc3xx_platform_mutex.c.obj)
                0x0000000000003fa4                nrf_cc3xx_platform_set_mutexes
 .text.CC_LibInitNoRng
                0x0000000000004018       0x64 /home/mbedsyst/ncs/v3.0.0/nrfxlib/crypto/nrf_cc310_platform/lib/cortex-m4/soft-float/no-interrupts/libnrf_cc310_platform_0.9.19.a(cc_lib.c.obj)
                0x0000000000004018                CC_LibInitNoRng
 .text.CC_HalInit
                0x000000000000407c        0x4 /home/mbedsyst/ncs/v3.0.0/nrfxlib/crypto/nrf_cc310_platform/lib/cortex-m4/soft-float/no-interrupts/libnrf_cc310_platform_0.9.19.a(cc_hal.c.obj)
                0x000000000000407c                CC_HalInit
 .text.CC_HalTerminate
                0x0000000000004080        0x4 /home/mbedsyst/ncs/v3.0.0/nrfxlib/crypto/nrf_cc310_platform/lib/cortex-m4/soft-float/no-interrupts/libnrf_cc310_platform_0.9.19.a(cc_hal.c.obj)
                0x0000000000004080                CC_HalTerminate
 .text.CC_HalMaskInterrupt
                0x0000000000004084        0xc /home/mbedsyst/ncs/v3.0.0/nrfxlib/crypto/nrf_cc310_platform/lib/cortex-m4/soft-float/no-interrupts/libnrf_cc310_platform_0.9.19.a(cc_hal.c.obj)
                0x0000000000004084                CC_HalMaskInterrupt
 .text.CC_PalInit
                0x0000000000004090       0x5c /home/mbedsyst/ncs/v3.0.0/nrfxlib/crypto/nrf_cc310_platform/lib/cortex-m4/soft-float/no-interrupts/libnrf_cc310_platform_0.9.19.a(cc_pal.c.obj)
                0x0000000000004090                CC_PalInit
 .text.CC_PalTerminate
                0x00000000000040ec       0x34 /home/mbedsyst/ncs/v3.0.0/nrfxlib/crypto/nrf_cc310_platform/lib/cortex-m4/soft-float/no-interrupts/libnrf_cc310_platform_0.9.19.a(cc_pal.c.obj)
                0x00000000000040ec                CC_PalTerminate
 .text.CC_PalDmaInit
                0x0000000000004120        0x4 /home/mbedsyst/ncs/v3.0.0/nrfxlib/crypto/nrf_cc310_platform/lib/cortex-m4/soft-float/no-interrupts/libnrf_cc310_platform_0.9.19.a(cc_pal_dma.c.obj)
                0x0000000000004120                CC_PalDmaInit
 .text.CC_PalDmaTerminate
                0x0000000000004124        0x4 /home/mbedsyst/ncs/v3.0.0/nrfxlib/crypto/nrf_cc310_platform/lib/cortex-m4/soft-float/no-interrupts/libnrf_cc310_platform_0.9.19.a(cc_pal_dma.c.obj)
                0x0000000000004124                CC_PalDmaTerminate
 .text.CC_PalMutexCreate
                0x0000000000004128       0x14 /home/mbedsyst/ncs/v3.0.0/nrfxlib/crypto/nrf_cc310_platform/lib/cortex-m4/soft-float/no-interrupts/libnrf_cc310_platform_0.9.19.a(cc_pal_mutex.c.obj)
                0x0000000000004128                CC_PalMutexCreate
 .text.CC_PalMutexDestroy
                0x000000000000413c       0x14 /home/mbedsyst/ncs/v3.0.0/nrfxlib/crypto/nrf_cc310_platform/lib/cortex-m4/soft-float/no-interrupts/libnrf_cc310_platform_0.9.19.a(cc_pal_mutex.c.obj)
                0x000000000000413c                CC_PalMutexDestroy
 .text.CC_PalPowerSaveModeInit
                0x0000000000004150       0x3c /home/mbedsyst/ncs/v3.0.0/nrfxlib/crypto/nrf_cc310_platform/lib/cortex-m4/soft-float/no-interrupts/libnrf_cc310_platform_0.9.19.a(cc_pal_pm.c.obj)
                0x0000000000004150                CC_PalPowerSaveModeInit
 .text.CC_PalPowerSaveModeSelect
                0x000000000000418c       0x84 /home/mbedsyst/ncs/v3.0.0/nrfxlib/crypto/nrf_cc310_platform/lib/cortex-m4/soft-float/no-interrupts/libnrf_cc310_platform_0.9.19.a(cc_pal_pm.c.obj)
                0x000000000000418c                CC_PalPowerSaveModeSelect
 .text.snprintf
                0x0000000000004210       0x58 /home/mbedsyst/ncs/toolchains/7cbc0036f4/opt/zephyr-sdk/arm-zephyr-eabi/bin/../lib/gcc/../../picolibc/arm-zephyr-eabi/lib/thumb/v7e-m/nofp/libc.a(libc_tinystdio_snprintf.c.o)
                0x0000000000004210                snprintf
 .text.__l_vfprintf
                0x0000000000004268      0x4b8 /home/mbedsyst/ncs/toolchains/7cbc0036f4/opt/zephyr-sdk/arm-zephyr-eabi/bin/../lib/gcc/../../picolibc/arm-zephyr-eabi/lib/thumb/v7e-m/nofp/libc.a(libc_tinystdio_vflprintf.c.o)
                0x0000000000004268                __l_vfprintf
 .text.vsnprintf
                0x0000000000004720       0x50 /home/mbedsyst/ncs/toolchains/7cbc0036f4/opt/zephyr-sdk/arm-zephyr-eabi/bin/../lib/gcc/../../picolibc/arm-zephyr-eabi/lib/thumb/v7e-m/nofp/libc.a(libc_tinystdio_vsnprintf.c.o)
                0x0000000000004720                vsnprintf
 .text._OffsetAbsSyms
                0x0000000000004770        0x2 zephyr/CMakeFiles/offsets.dir/./arch/arm/core/offsets/offsets.c.obj
                0x0000000000004770                _OffsetAbsSyms
 .text.blink_cb
                0x0000000000004772       0x10 app/libapp.a(led_controller.c.obj)
 .text.gpio_pin_set_dt.isra.0
                0x0000000000004782       0x28 app/libapp.a(led_controller.c.obj)
 .text.chunk_field
                0x00000000000047aa       0x16 zephyr/libzephyr.a(heap.c.obj)
 .text.chunk_set
                0x00000000000047c0       0x16 zephyr/libzephyr.a(heap.c.obj)
 .text.chunk_size
                0x00000000000047d6        0xc zephyr/libzephyr.a(heap.c.obj)
 .text.set_chunk_used
                0x00000000000047e2       0x30 zephyr/libzephyr.a(heap.c.obj)
 .text.set_chunk_size
                0x0000000000004812        0x8 zephyr/libzephyr.a(heap.c.obj)
 .text.bucket_idx.isra.0
                0x000000000000481a       0x1c zephyr/libzephyr.a(heap.c.obj)
 .text.free_list_add
                0x0000000000004836       0x84 zephyr/libzephyr.a(heap.c.obj)
 .text.sys_heap_init
                0x00000000000048ba       0xb0 zephyr/libzephyr.a(heap.c.obj)
                0x00000000000048ba                sys_heap_init
 .text.arch_printk_char_out
                0x000000000000496a        0x4 zephyr/libzephyr.a(printk.c.obj)
                0x000000000000496a                arch_printk_char_out
 .text.printk   0x000000000000496e       0x1a zephyr/libzephyr.a(printk.c.obj)
                0x000000000000496e                printk
 .text.process_recheck
                0x0000000000004988       0x38 zephyr/libzephyr.a(onoff.c.obj)
 .text.validate_args
                0x00000000000049c0       0x20 zephyr/libzephyr.a(onoff.c.obj)
 .text.notify_one
                0x00000000000049e0       0x2c zephyr/libzephyr.a(onoff.c.obj)
 .text.transition_complete
                0x0000000000004a0c       0x1a zephyr/libzephyr.a(onoff.c.obj)
 .text.onoff_manager_init
                0x0000000000004a26       0x26 zephyr/libzephyr.a(onoff.c.obj)
                0x0000000000004a26                onoff_manager_init
 .text.onoff_request
                0x0000000000004a4c       0xae zephyr/libzephyr.a(onoff.c.obj)
                0x0000000000004a4c                onoff_request
 .text.sys_notify_validate
                0x0000000000004afa       0x22 zephyr/libzephyr.a(notify.c.obj)
                0x0000000000004afa                sys_notify_validate
 .text.sys_notify_finalize
                0x0000000000004b1c       0x1a zephyr/libzephyr.a(notify.c.obj)
                0x0000000000004b1c                sys_notify_finalize
 .text._ConfigAbsSyms
                0x0000000000004b36        0x2 zephyr/libzephyr.a(configs.c.obj)
                0x0000000000004b36                _ConfigAbsSyms
 .text.abort_function
                0x0000000000004b38        0x2 zephyr/libzephyr.a(nrf_cc3xx_platform_abort_zephyr.c.obj)
 .text.z_arm_fatal_error
                0x0000000000004b3a        0xc zephyr/arch/arch/arm/core/libarch__arm__core.a(fatal.c.obj)
                0x0000000000004b3a                z_arm_fatal_error
 .text.z_do_kernel_oops
                0x0000000000004b46        0x8 zephyr/arch/arch/arm/core/libarch__arm__core.a(fatal.c.obj)
                0x0000000000004b46                z_do_kernel_oops
 .text.z_arm_nmi
                0x0000000000004b4e        0xe zephyr/arch/arch/arm/core/libarch__arm__core.a(nmi.c.obj)
                0x0000000000004b4e                z_arm_nmi
 .text.z_irq_spurious
                0x0000000000004b5c        0x8 zephyr/arch/arch/arm/core/cortex_m/libarch__arm__core__cortex_m.a(irq_manage.c.obj)
                0x0000000000004b5c                z_irq_spurious
 .text.arch_irq_unlock_outlined
                0x0000000000004b64        0xe zephyr/arch/arch/arm/core/cortex_m/libarch__arm__core__cortex_m.a(thread.c.obj)
                0x0000000000004b64                arch_irq_unlock_outlined
 .text.arch_cpu_idle
                0x0000000000004b72       0x1a zephyr/arch/arch/arm/core/cortex_m/libarch__arm__core__cortex_m.a(cpu_idle.c.obj)
                0x0000000000004b72                arch_cpu_idle
 .text.arch_cpu_atomic_idle
                0x0000000000004b8c       0x1e zephyr/arch/arch/arm/core/cortex_m/libarch__arm__core__cortex_m.a(cpu_idle.c.obj)
                0x0000000000004b8c                arch_cpu_atomic_idle
 .text.size_to_mpu_rasr_size
                0x0000000000004baa       0x20 zephyr/arch/arch/arm/core/mpu/libarch__arm__core__mpu.a(arm_mpu.c.obj)
 .text.picolibc_put
                0x0000000000004bca        0xa zephyr/lib/libc/picolibc/liblib__libc__picolibc.a(stdio.c.obj)
 .text.get_status
                0x0000000000004bd4       0x12 zephyr/drivers/clock_control/libdrivers__clock_control.a(clock_control_nrf.c.obj)
 .text.stop     0x0000000000004be6       0x52 zephyr/drivers/clock_control/libdrivers__clock_control.a(clock_control_nrf.c.obj)
 .text.api_stop
                0x0000000000004c38        0x6 zephyr/drivers/clock_control/libdrivers__clock_control.a(clock_control_nrf.c.obj)
 .text.async_start
                0x0000000000004c3e       0x5c zephyr/drivers/clock_control/libdrivers__clock_control.a(clock_control_nrf.c.obj)
 .text.api_start
                0x0000000000004c9a        0xe zephyr/drivers/clock_control/libdrivers__clock_control.a(clock_control_nrf.c.obj)
 .text.onoff_started_callback
                0x0000000000004ca8       0x12 zephyr/drivers/clock_control/libdrivers__clock_control.a(clock_control_nrf.c.obj)
 .text.lfclk_start
                0x0000000000004cba        0x6 zephyr/drivers/clock_control/libdrivers__clock_control.a(clock_control_nrf.c.obj)
 .text.lfclk_stop
                0x0000000000004cc0        0x6 zephyr/drivers/clock_control/libdrivers__clock_control.a(clock_control_nrf.c.obj)
 .text.blocking_start_callback
                0x0000000000004cc6        0x6 zephyr/drivers/clock_control/libdrivers__clock_control.a(clock_control_nrf.c.obj)
 .text.gpio_nrfx_port_get_raw
                0x0000000000004ccc        0xe zephyr/drivers/gpio/libdrivers__gpio.a(gpio_nrfx.c.obj)
 .text.gpio_nrfx_port_set_masked_raw
                0x0000000000004cda       0x18 zephyr/drivers/gpio/libdrivers__gpio.a(gpio_nrfx.c.obj)
 .text.gpio_nrfx_port_set_bits_raw
                0x0000000000004cf2        0xc zephyr/drivers/gpio/libdrivers__gpio.a(gpio_nrfx.c.obj)
 .text.gpio_nrfx_port_clear_bits_raw
                0x0000000000004cfe        0xc zephyr/drivers/gpio/libdrivers__gpio.a(gpio_nrfx.c.obj)
 .text.gpio_nrfx_port_toggle_bits
                0x0000000000004d0a       0x1a zephyr/drivers/gpio/libdrivers__gpio.a(gpio_nrfx.c.obj)
 .text.gpio_nrfx_manage_callback
                0x0000000000004d24       0x52 zephyr/drivers/gpio/libdrivers__gpio.a(gpio_nrfx.c.obj)
 .text.pinctrl_lookup_state
                0x0000000000004d76       0x26 zephyr/drivers/pinctrl/libdrivers__pinctrl.a(common.c.obj)
                0x0000000000004d76                pinctrl_lookup_state
 .text.uarte_nrfx_err_check
                0x0000000000004d9c        0xe zephyr/drivers/serial/libdrivers__serial.a(uart_nrfx_uarte.c.obj)
 .text.uarte_nrfx_poll_in
                0x0000000000004daa       0x26 zephyr/drivers/serial/libdrivers__serial.a(uart_nrfx_uarte.c.obj)
 .text.is_tx_ready.isra.0
                0x0000000000004dd0       0x20 zephyr/drivers/serial/libdrivers__serial.a(uart_nrfx_uarte.c.obj)
 .text.uarte_nrfx_isr_int
                0x0000000000004df0       0x42 zephyr/drivers/serial/libdrivers__serial.a(uart_nrfx_uarte.c.obj)
 .text.event_clear
                0x0000000000004e32       0x18 zephyr/drivers/timer/libdrivers__timer.a(nrf_rtc_timer.c.obj)
 .text.hw_cc3xx_init_internal
                0x0000000000004e4a        0x4 modules/nrf/drivers/hw_cc3xx/lib..__nrf__drivers__hw_cc3xx.a(hw_cc3xx.c.obj)
 .text.hw_cc3xx_init
                0x0000000000004e4e       0x12 modules/nrf/drivers/hw_cc3xx/lib..__nrf__drivers__hw_cc3xx.a(hw_cc3xx.c.obj)
 .text.nrfx_isr
                0x0000000000004e60        0x2 modules/hal_nordic/modules/hal_nordic/nrfx/libmodules__hal_nordic__nrfx.a(nrfx_glue.c.obj)
                0x0000000000004e60                nrfx_isr
 .text.nrfx_busy_wait
                0x0000000000004e62        0x4 modules/hal_nordic/modules/hal_nordic/nrfx/libmodules__hal_nordic__nrfx.a(nrfx_glue.c.obj)
                0x0000000000004e62                nrfx_busy_wait
 .text.nrfx_gppi_channel_endpoints_setup
                0x0000000000004e66       0x14 modules/hal_nordic/modules/hal_nordic/nrfx/libmodules__hal_nordic__nrfx.a(nrfx_gppi_ppi.c.obj)
                0x0000000000004e66                nrfx_gppi_channel_endpoints_setup
 .text.nrfx_gppi_channel_alloc
                0x0000000000004e7a        0x4 modules/hal_nordic/modules/hal_nordic/nrfx/libmodules__hal_nordic__nrfx.a(nrfx_gppi_ppi.c.obj)
                0x0000000000004e7a                nrfx_gppi_channel_alloc
 .text.nrfx_clock_stop
                0x0000000000004e7e        0x4 modules/hal_nordic/modules/hal_nordic/nrfx/libmodules__hal_nordic__nrfx.a(nrfx_clock.c.obj)
                0x0000000000004e7e                nrfx_clock_stop
 .text.nrf_gpio_reconfigure
                0x0000000000004e82       0x92 modules/hal_nordic/modules/hal_nordic/nrfx/libmodules__hal_nordic__nrfx.a(nrfx_gpiote.c.obj)
 .text.nrf_gpio_cfg_sense_set
                0x0000000000004f14       0x1e modules/hal_nordic/modules/hal_nordic/nrfx/libmodules__hal_nordic__nrfx.a(nrfx_gpiote.c.obj)
 .text.pin_trigger_disable
                0x0000000000004f32       0x48 modules/hal_nordic/modules/hal_nordic/nrfx/libmodules__hal_nordic__nrfx.a(nrfx_gpiote.c.obj)
 .text.nrfx_gpiote_pin_uninit
                0x0000000000004f7a        0x4 modules/hal_nordic/modules/hal_nordic/nrfx/libmodules__hal_nordic__nrfx.a(nrfx_gpiote.c.obj)
                0x0000000000004f7a                nrfx_gpiote_pin_uninit
 .text.nrfx_gpiote_trigger_disable
                0x0000000000004f7e        0x4 modules/hal_nordic/modules/hal_nordic/nrfx/libmodules__hal_nordic__nrfx.a(nrfx_gpiote.c.obj)
                0x0000000000004f7e                nrfx_gpiote_trigger_disable
 .text.rtt_init
                0x0000000000004f82        0xa modules/segger/libmodules__segger.a(SEGGER_RTT_zephyr.c.obj)
 .text.z_impl_k_busy_wait
                0x0000000000004f8c        0x8 zephyr/kernel/libkernel.a(busy_wait.c.obj)
                0x0000000000004f8c                z_impl_k_busy_wait
 .text.z_device_state_init
                0x0000000000004f94        0x2 zephyr/kernel/libkernel.a(device.c.obj)
                0x0000000000004f94                z_device_state_init
 .text.z_impl_device_is_ready
                0x0000000000004f96       0x16 zephyr/kernel/libkernel.a(device.c.obj)
                0x0000000000004f96                z_impl_device_is_ready
 .text.arch_system_halt
                0x0000000000004fac       0x10 zephyr/kernel/libkernel.a(fatal.c.obj)
                0x0000000000004fac                arch_system_halt
 .text.k_sys_fatal_error_handler
                0x0000000000004fbc        0x6 zephyr/kernel/libkernel.a(fatal.c.obj)
                0x0000000000004fbc                k_sys_fatal_error_handler
 .text.do_device_init
                0x0000000000004fc2       0x30 zephyr/kernel/libkernel.a(init.c.obj)
 .text.z_early_memset
                0x0000000000004ff2        0x4 zephyr/kernel/libkernel.a(init.c.obj)
                0x0000000000004ff2                z_early_memset
 .text.z_early_memcpy
                0x0000000000004ff6        0x4 zephyr/kernel/libkernel.a(init.c.obj)
                0x0000000000004ff6                z_early_memcpy
 .text.z_init_static
                0x0000000000004ffa        0x2 zephyr/kernel/libkernel.a(init_static.c.obj)
                0x0000000000004ffa                z_init_static
 .text.create_free_list
                0x0000000000004ffc       0x34 zephyr/kernel/libkernel.a(mem_slab.c.obj)
 .text.k_mem_slab_init
                0x0000000000005030       0x1c zephyr/kernel/libkernel.a(mem_slab.c.obj)
                0x0000000000005030                k_mem_slab_init
 .text.k_mem_slab_free
                0x000000000000504c       0x6e zephyr/kernel/libkernel.a(mem_slab.c.obj)
                0x000000000000504c                k_mem_slab_free
 .text.idle     0x00000000000050ba       0x16 zephyr/kernel/libkernel.a(idle.c.obj)
                0x00000000000050ba                idle
 .text.adjust_owner_prio.isra.0
                0x00000000000050d0       0x10 zephyr/kernel/libkernel.a(mutex.c.obj)
 .text.z_impl_k_mutex_init
                0x00000000000050e0        0xe zephyr/kernel/libkernel.a(mutex.c.obj)
                0x00000000000050e0                z_impl_k_mutex_init
 .text.k_is_in_isr
                0x00000000000050ee        0xc zephyr/kernel/libkernel.a(thread.c.obj)
                0x00000000000050ee                k_is_in_isr
 .text.sys_dlist_remove
                0x00000000000050fa       0x10 zephyr/kernel/libkernel.a(sched.c.obj)
 .text.unpend_thread_no_timeout
                0x000000000000510a       0x14 zephyr/kernel/libkernel.a(sched.c.obj)
 .text.add_to_waitq_locked
                0x000000000000511e       0x50 zephyr/kernel/libkernel.a(sched.c.obj)
 .text.z_ready_thread
                0x000000000000516e       0x1e zephyr/kernel/libkernel.a(sched.c.obj)
                0x000000000000516e                z_ready_thread
 .text.z_unpend_thread_no_timeout
                0x000000000000518c       0x22 zephyr/kernel/libkernel.a(sched.c.obj)
                0x000000000000518c                z_unpend_thread_no_timeout
 .text.z_sched_wake_thread
                0x00000000000051ae       0x3a zephyr/kernel/libkernel.a(sched.c.obj)
                0x00000000000051ae                z_sched_wake_thread
 .text.z_thread_timeout
                0x00000000000051e8        0x8 zephyr/kernel/libkernel.a(sched.c.obj)
                0x00000000000051e8                z_thread_timeout
 .text.z_unpend1_no_timeout
                0x00000000000051f0       0x2c zephyr/kernel/libkernel.a(sched.c.obj)
                0x00000000000051f0                z_unpend1_no_timeout
 .text.z_impl_k_sleep
                0x000000000000521c       0x32 zephyr/kernel/libkernel.a(sched.c.obj)
                0x000000000000521c                z_impl_k_sleep
 .text.next_timeout
                0x000000000000524e       0x32 zephyr/kernel/libkernel.a(timeout.c.obj)
 .text.z_abort_timeout
                0x0000000000005280       0x42 zephyr/kernel/libkernel.a(timeout.c.obj)
                0x0000000000005280                z_abort_timeout
 .text.sys_clock_tick_get_32
                0x00000000000052c2        0x8 zephyr/kernel/libkernel.a(timeout.c.obj)
                0x00000000000052c2                sys_clock_tick_get_32
 .text.z_impl_k_uptime_ticks
                0x00000000000052ca        0x4 zephyr/kernel/libkernel.a(timeout.c.obj)
                0x00000000000052ca                z_impl_k_uptime_ticks
 .text.k_timer_init
                0x00000000000052ce       0x18 zephyr/kernel/libkernel.a(timer.c.obj)
                0x00000000000052ce                k_timer_init
 .text.z_impl_k_timer_stop
                0x00000000000052e6       0x38 zephyr/kernel/libkernel.a(timer.c.obj)
                0x00000000000052e6                z_impl_k_timer_stop
 .text.memcpy   0x000000000000531e       0x1c /home/mbedsyst/ncs/toolchains/7cbc0036f4/opt/zephyr-sdk/arm-zephyr-eabi/bin/../lib/gcc/../../picolibc/arm-zephyr-eabi/lib/thumb/v7e-m/nofp/libc.a(memcpy.c.o)
                0x000000000000531e                memcpy
                0x000000000000531e                __aeabi_memcpy
                0x000000000000531e                __aeabi_memcpy4
                0x000000000000531e                __aeabi_memcpy8
 .text.memset   0x000000000000533a       0x10 /home/mbedsyst/ncs/toolchains/7cbc0036f4/opt/zephyr-sdk/arm-zephyr-eabi/bin/../lib/gcc/../../picolibc/arm-zephyr-eabi/lib/thumb/v7e-m/nofp/libc.a(memset.c.o)
                0x000000000000533a                memset
 .text.strnlen  0x000000000000534a       0x18 /home/mbedsyst/ncs/toolchains/7cbc0036f4/opt/zephyr-sdk/arm-zephyr-eabi/bin/../lib/gcc/../../picolibc/arm-zephyr-eabi/lib/thumb/v7e-m/nofp/libc.a(libc_string_strnlen.c.o)
                0x000000000000534a                strnlen
 .text.__ultoa_invert
                0x0000000000005362       0xae /home/mbedsyst/ncs/toolchains/7cbc0036f4/opt/zephyr-sdk/arm-zephyr-eabi/bin/../lib/gcc/../../picolibc/arm-zephyr-eabi/lib/thumb/v7e-m/nofp/libc.a(libc_tinystdio_vflprintf.c.o)
 .text.__file_str_put
                0x0000000000005410       0x10 /home/mbedsyst/ncs/toolchains/7cbc0036f4/opt/zephyr-sdk/arm-zephyr-eabi/bin/../lib/gcc/../../picolibc/arm-zephyr-eabi/lib/thumb/v7e-m/nofp/libc.a(libc_tinystdio_filestrput.c.o)
                0x0000000000005410                __file_str_put
 *(SORT_BY_ALIGNMENT(.TEXT.*))
 .TEXT.__aeabi_read_tp
                0x0000000000005420        0xc zephyr/arch/arch/arm/core/cortex_m/libarch__arm__core__cortex_m.a(__aeabi_read_tp.S.obj)
                0x0000000000005420                __aeabi_read_tp
 *(SORT_BY_ALIGNMENT(.gnu.linkonce.t.*))
 *(SORT_BY_ALIGNMENT(.glue_7t))
 .glue_7t       0x000000000000542c        0x0 linker stubs
 *(SORT_BY_ALIGNMENT(.glue_7))
 .glue_7        0x000000000000542c        0x0 linker stubs
 *(SORT_BY_ALIGNMENT(.vfp11_veneer))
 .vfp11_veneer  0x000000000000542c        0x0 linker stubs
 *(SORT_BY_ALIGNMENT(.v4_bx))
 .v4_bx         0x000000000000542c        0x0 linker stubs
                0x000000000000542c                . = ALIGN (0x4)
                0x000000000000542c                __text_region_end = .

.ARM.exidx      0x000000000000542c        0x8
                0x000000000000542c                __exidx_start = .
 *(SORT_BY_ALIGNMENT(.ARM.exidx*) SORT_BY_ALIGNMENT(gnu.linkonce.armexidx.*))
 .ARM.exidx     0x000000000000542c        0x8 /home/mbedsyst/ncs/toolchains/7cbc0036f4/opt/zephyr-sdk/arm-zephyr-eabi/bin/../lib/gcc/../../picolibc/arm-zephyr-eabi/lib/thumb/v7e-m/nofp/libc.a(strlen.S.o)
                0x0000000000005434                __exidx_end = .
                0x0000000000005434                __rodata_region_start = .

initlevel       0x0000000000005434       0x60
                0x0000000000005434                __init_start = .
                0x0000000000005434                __init_EARLY_start = .
 *(SORT_BY_NAME(SORT_BY_ALIGNMENT(.z_init_EARLY?_*)))
 *(SORT_BY_NAME(SORT_BY_ALIGNMENT(.z_init_EARLY??_*)))
                0x0000000000005434                __init_PRE_KERNEL_1_start = .
 *(SORT_BY_NAME(SORT_BY_ALIGNMENT(.z_init_PRE_KERNEL_1?_*)))
 .z_init_PRE_KERNEL_10_0_
                0x0000000000005434        0x8 zephyr/soc/soc/nrf52840/libsoc__nordic.a(soc.c.obj)
 *(SORT_BY_NAME(SORT_BY_ALIGNMENT(.z_init_PRE_KERNEL_1??_*)))
 .z_init_PRE_KERNEL_130_00075_
                0x000000000000543c        0x8 zephyr/drivers/clock_control/libdrivers__clock_control.a(clock_control_nrf.c.obj)
 .z_init_PRE_KERNEL_130_0_
                0x0000000000005444        0x8 modules/segger/libmodules__segger.a(SEGGER_RTT_zephyr.c.obj)
 .z_init_PRE_KERNEL_130_0_
                0x000000000000544c        0x8 zephyr/kernel/libkernel.a(mem_slab.c.obj)
 .z_init_PRE_KERNEL_140_00011_
                0x0000000000005454        0x8 zephyr/drivers/gpio/libdrivers__gpio.a(gpio_nrfx.c.obj)
 .z_init_PRE_KERNEL_140_00105_
                0x000000000000545c        0x8 zephyr/drivers/gpio/libdrivers__gpio.a(gpio_nrfx.c.obj)
 .z_init_PRE_KERNEL_140_0_
                0x0000000000005464        0x8 modules/nrf/drivers/hw_cc3xx/lib..__nrf__drivers__hw_cc3xx.a(hw_cc3xx.c.obj)
 .z_init_PRE_KERNEL_150_00113_
                0x000000000000546c        0x8 zephyr/drivers/serial/libdrivers__serial.a(uart_nrfx_uarte.c.obj)
 .z_init_PRE_KERNEL_160_0_
                0x0000000000005474        0x8 zephyr/drivers/console/libdrivers__console.a(uart_console.c.obj)
                0x000000000000547c                __init_PRE_KERNEL_2_start = .
 *(SORT_BY_NAME(SORT_BY_ALIGNMENT(.z_init_PRE_KERNEL_2?_*)))
 .z_init_PRE_KERNEL_20_0_
                0x000000000000547c        0x8 zephyr/drivers/timer/libdrivers__timer.a(nrf_rtc_timer.c.obj)
 *(SORT_BY_NAME(SORT_BY_ALIGNMENT(.z_init_PRE_KERNEL_2??_*)))
                0x0000000000005484                __init_POST_KERNEL_start = .
 *(SORT_BY_NAME(SORT_BY_ALIGNMENT(.z_init_POST_KERNEL?_*)))
 *(SORT_BY_NAME(SORT_BY_ALIGNMENT(.z_init_POST_KERNEL??_*)))
 .z_init_POST_KERNEL35_0_
                0x0000000000005484        0x8 zephyr/lib/libc/common/liblib__libc__common.a(malloc.c.obj)
 .z_init_POST_KERNEL40_0_
                0x000000000000548c        0x8 modules/nrf/drivers/hw_cc3xx/lib..__nrf__drivers__hw_cc3xx.a(hw_cc3xx.c.obj)
                0x0000000000005494                __init_APPLICATION_start = .
 *(SORT_BY_NAME(SORT_BY_ALIGNMENT(.z_init_APPLICATION?_*)))
 *(SORT_BY_NAME(SORT_BY_ALIGNMENT(.z_init_APPLICATION??_*)))
                0x0000000000005494                __init_SMP_start = .
 *(SORT_BY_NAME(SORT_BY_ALIGNMENT(.z_init_SMP?_*)))
 *(SORT_BY_NAME(SORT_BY_ALIGNMENT(.z_init_SMP??_*)))
                0x0000000000005494                __init_end = .
                0x0000000000005494                __deferred_init_list_start = .
 *(SORT_BY_ALIGNMENT(.z_deferred_init*))
                0x0000000000005494                __deferred_init_list_end = .

device_area     0x0000000000005494       0x50
                0x0000000000005494                _device_list_start = .
 *(SORT_BY_NAME(SORT_BY_ALIGNMENT(._device.static.*_?_*)))
 *(SORT_BY_NAME(SORT_BY_ALIGNMENT(._device.static.*_??_*)))
 ._device.static.1_30_
                0x0000000000005494       0x14 zephyr/drivers/clock_control/libdrivers__clock_control.a(clock_control_nrf.c.obj)
                0x0000000000005494                __device_dts_ord_75
 ._device.static.1_40_
                0x00000000000054a8       0x28 zephyr/drivers/gpio/libdrivers__gpio.a(gpio_nrfx.c.obj)
                0x00000000000054a8                __device_dts_ord_105
                0x00000000000054bc                __device_dts_ord_11
 ._device.static.1_50_
                0x00000000000054d0       0x14 zephyr/drivers/serial/libdrivers__serial.a(uart_nrfx_uarte.c.obj)
                0x00000000000054d0                __device_dts_ord_113
                0x00000000000054e4                _device_list_end = .

sw_isr_table    0x00000000000054e4      0x180
                0x00000000000054e4                . = ALIGN (0x4)
 *(SORT_BY_ALIGNMENT(.gnu.linkonce.sw_isr_table*))
 .gnu.linkonce.sw_isr_table
                0x00000000000054e4      0x180 zephyr/arch/common/libisr_tables.a(isr_tables.c.obj)
                0x00000000000054e4                _sw_isr_table

initlevel_error
                0x0000000000005434        0x0
 *(SORT_BY_NAME(SORT_BY_ALIGNMENT(.z_init_[_A-Z0-9]*)))
                0x0000000000000001                ASSERT ((SIZEOF (initlevel_error) == 0x0), Undefined initialization levels used.)

app_shmem_regions
                0x0000000000005664        0x0
                0x0000000000005664                __app_shmem_regions_start = .
 *(SORT_BY_NAME(SORT_BY_ALIGNMENT(.app_regions.*)))
                0x0000000000005664                __app_shmem_regions_end = .

k_p4wq_initparam_area
                0x0000000000005664        0x0
                0x0000000000005664                _k_p4wq_initparam_list_start = .
 *(SORT_BY_NAME(SORT_BY_ALIGNMENT(._k_p4wq_initparam.static.*)))
                0x0000000000005664                _k_p4wq_initparam_list_end = .

_static_thread_data_area
                0x0000000000005664        0x0
                0x0000000000005664                __static_thread_data_list_start = .
 *(SORT_BY_NAME(SORT_BY_ALIGNMENT(.__static_thread_data.static.*)))
                0x0000000000005664                __static_thread_data_list_end = .

device_deps     0x0000000000005664        0x0
                0x0000000000005664                __device_deps_start = .
 *(SORT_BY_NAME(SORT_BY_ALIGNMENT(.__device_deps_pass2*)))
                0x0000000000005664                __device_deps_end = .

gpio_driver_api_area
                0x0000000000005664       0x24
                0x0000000000005664                _gpio_driver_api_list_start = .
 *(SORT_BY_NAME(SORT_BY_ALIGNMENT(._gpio_driver_api.static.*)))
 ._gpio_driver_api.static.gpio_nrfx_drv_api_funcs_
                0x0000000000005664       0x24 zephyr/drivers/gpio/libdrivers__gpio.a(gpio_nrfx.c.obj)
                0x0000000000005688                _gpio_driver_api_list_end = .

shared_irq_driver_api_area
                0x0000000000005688        0x0
                0x0000000000005688                _shared_irq_driver_api_list_start = .
 *(SORT_BY_NAME(SORT_BY_ALIGNMENT(._shared_irq_driver_api.static.*)))
                0x0000000000005688                _shared_irq_driver_api_list_end = .

crypto_driver_api_area
                0x0000000000005688        0x0
                0x0000000000005688                _crypto_driver_api_list_start = .
 *(SORT_BY_NAME(SORT_BY_ALIGNMENT(._crypto_driver_api.static.*)))
                0x0000000000005688                _crypto_driver_api_list_end = .

adc_driver_api_area
                0x0000000000005688        0x0
                0x0000000000005688                _adc_driver_api_list_start = .
 *(SORT_BY_NAME(SORT_BY_ALIGNMENT(._adc_driver_api.static.*)))
                0x0000000000005688                _adc_driver_api_list_end = .

auxdisplay_driver_api_area
                0x0000000000005688        0x0
                0x0000000000005688                _auxdisplay_driver_api_list_start = .
 *(SORT_BY_NAME(SORT_BY_ALIGNMENT(._auxdisplay_driver_api.static.*)))
                0x0000000000005688                _auxdisplay_driver_api_list_end = .

bbram_driver_api_area
                0x0000000000005688        0x0
                0x0000000000005688                _bbram_driver_api_list_start = .
 *(SORT_BY_NAME(SORT_BY_ALIGNMENT(._bbram_driver_api.static.*)))
                0x0000000000005688                _bbram_driver_api_list_end = .

bt_hci_driver_api_area
                0x0000000000005688        0x0
                0x0000000000005688                _bt_hci_driver_api_list_start = .
 *(SORT_BY_NAME(SORT_BY_ALIGNMENT(._bt_hci_driver_api.static.*)))
                0x0000000000005688                _bt_hci_driver_api_list_end = .

can_driver_api_area
                0x0000000000005688        0x0
                0x0000000000005688                _can_driver_api_list_start = .
 *(SORT_BY_NAME(SORT_BY_ALIGNMENT(._can_driver_api.static.*)))
                0x0000000000005688                _can_driver_api_list_end = .

cellular_driver_api_area
                0x0000000000005688        0x0
                0x0000000000005688                _cellular_driver_api_list_start = .
 *(SORT_BY_NAME(SORT_BY_ALIGNMENT(._cellular_driver_api.static.*)))
                0x0000000000005688                _cellular_driver_api_list_end = .

charger_driver_api_area
                0x0000000000005688        0x0
                0x0000000000005688                _charger_driver_api_list_start = .
 *(SORT_BY_NAME(SORT_BY_ALIGNMENT(._charger_driver_api.static.*)))
                0x0000000000005688                _charger_driver_api_list_end = .

clock_control_driver_api_area
                0x0000000000005688       0x1c
                0x0000000000005688                _clock_control_driver_api_list_start = .
 *(SORT_BY_NAME(SORT_BY_ALIGNMENT(._clock_control_driver_api.static.*)))
 ._clock_control_driver_api.static.clock_control_api_
                0x0000000000005688       0x1c zephyr/drivers/clock_control/libdrivers__clock_control.a(clock_control_nrf.c.obj)
                0x00000000000056a4                _clock_control_driver_api_list_end = .

comparator_driver_api_area
                0x00000000000056a4        0x0
                0x00000000000056a4                _comparator_driver_api_list_start = .
 *(SORT_BY_NAME(SORT_BY_ALIGNMENT(._comparator_driver_api.static.*)))
                0x00000000000056a4                _comparator_driver_api_list_end = .

coredump_driver_api_area
                0x00000000000056a4        0x0
                0x00000000000056a4                _coredump_driver_api_list_start = .
 *(SORT_BY_NAME(SORT_BY_ALIGNMENT(._coredump_driver_api.static.*)))
                0x00000000000056a4                _coredump_driver_api_list_end = .

counter_driver_api_area
                0x00000000000056a4        0x0
                0x00000000000056a4                _counter_driver_api_list_start = .
 *(SORT_BY_NAME(SORT_BY_ALIGNMENT(._counter_driver_api.static.*)))
                0x00000000000056a4                _counter_driver_api_list_end = .

dac_driver_api_area
                0x00000000000056a4        0x0
                0x00000000000056a4                _dac_driver_api_list_start = .
 *(SORT_BY_NAME(SORT_BY_ALIGNMENT(._dac_driver_api.static.*)))
                0x00000000000056a4                _dac_driver_api_list_end = .

dai_driver_api_area
                0x00000000000056a4        0x0
                0x00000000000056a4                _dai_driver_api_list_start = .
 *(SORT_BY_NAME(SORT_BY_ALIGNMENT(._dai_driver_api.static.*)))
                0x00000000000056a4                _dai_driver_api_list_end = .

display_driver_api_area
                0x00000000000056a4        0x0
                0x00000000000056a4                _display_driver_api_list_start = .
 *(SORT_BY_NAME(SORT_BY_ALIGNMENT(._display_driver_api.static.*)))
                0x00000000000056a4                _display_driver_api_list_end = .

dma_driver_api_area
                0x00000000000056a4        0x0
                0x00000000000056a4                _dma_driver_api_list_start = .
 *(SORT_BY_NAME(SORT_BY_ALIGNMENT(._dma_driver_api.static.*)))
                0x00000000000056a4                _dma_driver_api_list_end = .

edac_driver_api_area
                0x00000000000056a4        0x0
                0x00000000000056a4                _edac_driver_api_list_start = .
 *(SORT_BY_NAME(SORT_BY_ALIGNMENT(._edac_driver_api.static.*)))
                0x00000000000056a4                _edac_driver_api_list_end = .

eeprom_driver_api_area
                0x00000000000056a4        0x0
                0x00000000000056a4                _eeprom_driver_api_list_start = .
 *(SORT_BY_NAME(SORT_BY_ALIGNMENT(._eeprom_driver_api.static.*)))
                0x00000000000056a4                _eeprom_driver_api_list_end = .

emul_bbram_driver_api_area
                0x00000000000056a4        0x0
                0x00000000000056a4                _emul_bbram_driver_api_list_start = .
 *(SORT_BY_NAME(SORT_BY_ALIGNMENT(._emul_bbram_driver_api.static.*)))
                0x00000000000056a4                _emul_bbram_driver_api_list_end = .

fuel_gauge_emul_driver_api_area
                0x00000000000056a4        0x0
                0x00000000000056a4                _fuel_gauge_emul_driver_api_list_start = .
 *(SORT_BY_NAME(SORT_BY_ALIGNMENT(._fuel_gauge_emul_driver_api.static.*)))
                0x00000000000056a4                _fuel_gauge_emul_driver_api_list_end = .

emul_sensor_driver_api_area
                0x00000000000056a4        0x0
                0x00000000000056a4                _emul_sensor_driver_api_list_start = .
 *(SORT_BY_NAME(SORT_BY_ALIGNMENT(._emul_sensor_driver_api.static.*)))
                0x00000000000056a4                _emul_sensor_driver_api_list_end = .

entropy_driver_api_area
                0x00000000000056a4        0x0
                0x00000000000056a4                _entropy_driver_api_list_start = .
 *(SORT_BY_NAME(SORT_BY_ALIGNMENT(._entropy_driver_api.static.*)))
                0x00000000000056a4                _entropy_driver_api_list_end = .

espi_driver_api_area
                0x00000000000056a4        0x0
                0x00000000000056a4                _espi_driver_api_list_start = .
 *(SORT_BY_NAME(SORT_BY_ALIGNMENT(._espi_driver_api.static.*)))
                0x00000000000056a4                _espi_driver_api_list_end = .

espi_saf_driver_api_area
                0x00000000000056a4        0x0
                0x00000000000056a4                _espi_saf_driver_api_list_start = .
 *(SORT_BY_NAME(SORT_BY_ALIGNMENT(._espi_saf_driver_api.static.*)))
                0x00000000000056a4                _espi_saf_driver_api_list_end = .

flash_driver_api_area
                0x00000000000056a4        0x0
                0x00000000000056a4                _flash_driver_api_list_start = .
 *(SORT_BY_NAME(SORT_BY_ALIGNMENT(._flash_driver_api.static.*)))
                0x00000000000056a4                _flash_driver_api_list_end = .

fpga_driver_api_area
                0x00000000000056a4        0x0
                0x00000000000056a4                _fpga_driver_api_list_start = .
 *(SORT_BY_NAME(SORT_BY_ALIGNMENT(._fpga_driver_api.static.*)))
                0x00000000000056a4                _fpga_driver_api_list_end = .

fuel_gauge_driver_api_area
                0x00000000000056a4        0x0
                0x00000000000056a4                _fuel_gauge_driver_api_list_start = .
 *(SORT_BY_NAME(SORT_BY_ALIGNMENT(._fuel_gauge_driver_api.static.*)))
                0x00000000000056a4                _fuel_gauge_driver_api_list_end = .

gnss_driver_api_area
                0x00000000000056a4        0x0
                0x00000000000056a4                _gnss_driver_api_list_start = .
 *(SORT_BY_NAME(SORT_BY_ALIGNMENT(._gnss_driver_api.static.*)))
                0x00000000000056a4                _gnss_driver_api_list_end = .

haptics_driver_api_area
                0x00000000000056a4        0x0
                0x00000000000056a4                _haptics_driver_api_list_start = .
 *(SORT_BY_NAME(SORT_BY_ALIGNMENT(._haptics_driver_api.static.*)))
                0x00000000000056a4                _haptics_driver_api_list_end = .

hwspinlock_driver_api_area
                0x00000000000056a4        0x0
                0x00000000000056a4                _hwspinlock_driver_api_list_start = .
 *(SORT_BY_NAME(SORT_BY_ALIGNMENT(._hwspinlock_driver_api.static.*)))
                0x00000000000056a4                _hwspinlock_driver_api_list_end = .

i2c_driver_api_area
                0x00000000000056a4        0x0
                0x00000000000056a4                _i2c_driver_api_list_start = .
 *(SORT_BY_NAME(SORT_BY_ALIGNMENT(._i2c_driver_api.static.*)))
                0x00000000000056a4                _i2c_driver_api_list_end = .

i2c_target_driver_api_area
                0x00000000000056a4        0x0
                0x00000000000056a4                _i2c_target_driver_api_list_start = .
 *(SORT_BY_NAME(SORT_BY_ALIGNMENT(._i2c_target_driver_api.static.*)))
                0x00000000000056a4                _i2c_target_driver_api_list_end = .

i2s_driver_api_area
                0x00000000000056a4        0x0
                0x00000000000056a4                _i2s_driver_api_list_start = .
 *(SORT_BY_NAME(SORT_BY_ALIGNMENT(._i2s_driver_api.static.*)))
                0x00000000000056a4                _i2s_driver_api_list_end = .

i3c_driver_api_area
                0x00000000000056a4        0x0
                0x00000000000056a4                _i3c_driver_api_list_start = .
 *(SORT_BY_NAME(SORT_BY_ALIGNMENT(._i3c_driver_api.static.*)))
                0x00000000000056a4                _i3c_driver_api_list_end = .

ipm_driver_api_area
                0x00000000000056a4        0x0
                0x00000000000056a4                _ipm_driver_api_list_start = .
 *(SORT_BY_NAME(SORT_BY_ALIGNMENT(._ipm_driver_api.static.*)))
                0x00000000000056a4                _ipm_driver_api_list_end = .

kscan_driver_api_area
                0x00000000000056a4        0x0
                0x00000000000056a4                _kscan_driver_api_list_start = .
 *(SORT_BY_NAME(SORT_BY_ALIGNMENT(._kscan_driver_api.static.*)))
                0x00000000000056a4                _kscan_driver_api_list_end = .

led_driver_api_area
                0x00000000000056a4        0x0
                0x00000000000056a4                _led_driver_api_list_start = .
 *(SORT_BY_NAME(SORT_BY_ALIGNMENT(._led_driver_api.static.*)))
                0x00000000000056a4                _led_driver_api_list_end = .

led_strip_driver_api_area
                0x00000000000056a4        0x0
                0x00000000000056a4                _led_strip_driver_api_list_start = .
 *(SORT_BY_NAME(SORT_BY_ALIGNMENT(._led_strip_driver_api.static.*)))
                0x00000000000056a4                _led_strip_driver_api_list_end = .

lora_driver_api_area
                0x00000000000056a4        0x0
                0x00000000000056a4                _lora_driver_api_list_start = .
 *(SORT_BY_NAME(SORT_BY_ALIGNMENT(._lora_driver_api.static.*)))
                0x00000000000056a4                _lora_driver_api_list_end = .

mbox_driver_api_area
                0x00000000000056a4        0x0
                0x00000000000056a4                _mbox_driver_api_list_start = .
 *(SORT_BY_NAME(SORT_BY_ALIGNMENT(._mbox_driver_api.static.*)))
                0x00000000000056a4                _mbox_driver_api_list_end = .

mdio_driver_api_area
                0x00000000000056a4        0x0
                0x00000000000056a4                _mdio_driver_api_list_start = .
 *(SORT_BY_NAME(SORT_BY_ALIGNMENT(._mdio_driver_api.static.*)))
                0x00000000000056a4                _mdio_driver_api_list_end = .

mipi_dbi_driver_api_area
                0x00000000000056a4        0x0
                0x00000000000056a4                _mipi_dbi_driver_api_list_start = .
 *(SORT_BY_NAME(SORT_BY_ALIGNMENT(._mipi_dbi_driver_api.static.*)))
                0x00000000000056a4                _mipi_dbi_driver_api_list_end = .

mipi_dsi_driver_api_area
                0x00000000000056a4        0x0
                0x00000000000056a4                _mipi_dsi_driver_api_list_start = .
 *(SORT_BY_NAME(SORT_BY_ALIGNMENT(._mipi_dsi_driver_api.static.*)))
                0x00000000000056a4                _mipi_dsi_driver_api_list_end = .

mspi_driver_api_area
                0x00000000000056a4        0x0
                0x00000000000056a4                _mspi_driver_api_list_start = .
 *(SORT_BY_NAME(SORT_BY_ALIGNMENT(._mspi_driver_api.static.*)))
                0x00000000000056a4                _mspi_driver_api_list_end = .

peci_driver_api_area
                0x00000000000056a4        0x0
                0x00000000000056a4                _peci_driver_api_list_start = .
 *(SORT_BY_NAME(SORT_BY_ALIGNMENT(._peci_driver_api.static.*)))
                0x00000000000056a4                _peci_driver_api_list_end = .

ps2_driver_api_area
                0x00000000000056a4        0x0
                0x00000000000056a4                _ps2_driver_api_list_start = .
 *(SORT_BY_NAME(SORT_BY_ALIGNMENT(._ps2_driver_api.static.*)))
                0x00000000000056a4                _ps2_driver_api_list_end = .

ptp_clock_driver_api_area
                0x00000000000056a4        0x0
                0x00000000000056a4                _ptp_clock_driver_api_list_start = .
 *(SORT_BY_NAME(SORT_BY_ALIGNMENT(._ptp_clock_driver_api.static.*)))
                0x00000000000056a4                _ptp_clock_driver_api_list_end = .

pwm_driver_api_area
                0x00000000000056a4        0x0
                0x00000000000056a4                _pwm_driver_api_list_start = .
 *(SORT_BY_NAME(SORT_BY_ALIGNMENT(._pwm_driver_api.static.*)))
                0x00000000000056a4                _pwm_driver_api_list_end = .

regulator_parent_driver_api_area
                0x00000000000056a4        0x0
                0x00000000000056a4                _regulator_parent_driver_api_list_start = .
 *(SORT_BY_NAME(SORT_BY_ALIGNMENT(._regulator_parent_driver_api.static.*)))
                0x00000000000056a4                _regulator_parent_driver_api_list_end = .

regulator_driver_api_area
                0x00000000000056a4        0x0
                0x00000000000056a4                _regulator_driver_api_list_start = .
 *(SORT_BY_NAME(SORT_BY_ALIGNMENT(._regulator_driver_api.static.*)))
                0x00000000000056a4                _regulator_driver_api_list_end = .

reset_driver_api_area
                0x00000000000056a4        0x0
                0x00000000000056a4                _reset_driver_api_list_start = .
 *(SORT_BY_NAME(SORT_BY_ALIGNMENT(._reset_driver_api.static.*)))
                0x00000000000056a4                _reset_driver_api_list_end = .

retained_mem_driver_api_area
                0x00000000000056a4        0x0
                0x00000000000056a4                _retained_mem_driver_api_list_start = .
 *(SORT_BY_NAME(SORT_BY_ALIGNMENT(._retained_mem_driver_api.static.*)))
                0x00000000000056a4                _retained_mem_driver_api_list_end = .

rtc_driver_api_area
                0x00000000000056a4        0x0
                0x00000000000056a4                _rtc_driver_api_list_start = .
 *(SORT_BY_NAME(SORT_BY_ALIGNMENT(._rtc_driver_api.static.*)))
                0x00000000000056a4                _rtc_driver_api_list_end = .

sdhc_driver_api_area
                0x00000000000056a4        0x0
                0x00000000000056a4                _sdhc_driver_api_list_start = .
 *(SORT_BY_NAME(SORT_BY_ALIGNMENT(._sdhc_driver_api.static.*)))
                0x00000000000056a4                _sdhc_driver_api_list_end = .

sensor_driver_api_area
                0x00000000000056a4        0x0
                0x00000000000056a4                _sensor_driver_api_list_start = .
 *(SORT_BY_NAME(SORT_BY_ALIGNMENT(._sensor_driver_api.static.*)))
                0x00000000000056a4                _sensor_driver_api_list_end = .

smbus_driver_api_area
                0x00000000000056a4        0x0
                0x00000000000056a4                _smbus_driver_api_list_start = .
 *(SORT_BY_NAME(SORT_BY_ALIGNMENT(._smbus_driver_api.static.*)))
                0x00000000000056a4                _smbus_driver_api_list_end = .

spi_driver_api_area
                0x00000000000056a4        0x0
                0x00000000000056a4                _spi_driver_api_list_start = .
 *(SORT_BY_NAME(SORT_BY_ALIGNMENT(._spi_driver_api.static.*)))
                0x00000000000056a4                _spi_driver_api_list_end = .

stepper_driver_api_area
                0x00000000000056a4        0x0
                0x00000000000056a4                _stepper_driver_api_list_start = .
 *(SORT_BY_NAME(SORT_BY_ALIGNMENT(._stepper_driver_api.static.*)))
                0x00000000000056a4                _stepper_driver_api_list_end = .

syscon_driver_api_area
                0x00000000000056a4        0x0
                0x00000000000056a4                _syscon_driver_api_list_start = .
 *(SORT_BY_NAME(SORT_BY_ALIGNMENT(._syscon_driver_api.static.*)))
                0x00000000000056a4                _syscon_driver_api_list_end = .

tee_driver_api_area
                0x00000000000056a4        0x0
                0x00000000000056a4                _tee_driver_api_list_start = .
 *(SORT_BY_NAME(SORT_BY_ALIGNMENT(._tee_driver_api.static.*)))
                0x00000000000056a4                _tee_driver_api_list_end = .

video_driver_api_area
                0x00000000000056a4        0x0
                0x00000000000056a4                _video_driver_api_list_start = .
 *(SORT_BY_NAME(SORT_BY_ALIGNMENT(._video_driver_api.static.*)))
                0x00000000000056a4                _video_driver_api_list_end = .

w1_driver_api_area
                0x00000000000056a4        0x0
                0x00000000000056a4                _w1_driver_api_list_start = .
 *(SORT_BY_NAME(SORT_BY_ALIGNMENT(._w1_driver_api.static.*)))
                0x00000000000056a4                _w1_driver_api_list_end = .

wdt_driver_api_area
                0x00000000000056a4        0x0
                0x00000000000056a4                _wdt_driver_api_list_start = .
 *(SORT_BY_NAME(SORT_BY_ALIGNMENT(._wdt_driver_api.static.*)))
                0x00000000000056a4                _wdt_driver_api_list_end = .

can_transceiver_driver_api_area
                0x00000000000056a4        0x0
                0x00000000000056a4                _can_transceiver_driver_api_list_start = .
 *(SORT_BY_NAME(SORT_BY_ALIGNMENT(._can_transceiver_driver_api.static.*)))
                0x00000000000056a4                _can_transceiver_driver_api_list_end = .

nrf_clock_control_driver_api_area
                0x00000000000056a4        0x0
                0x00000000000056a4                _nrf_clock_control_driver_api_list_start = .
 *(SORT_BY_NAME(SORT_BY_ALIGNMENT(._nrf_clock_control_driver_api.static.*)))
                0x00000000000056a4                _nrf_clock_control_driver_api_list_end = .

i3c_target_driver_api_area
                0x00000000000056a4        0x0
                0x00000000000056a4                _i3c_target_driver_api_list_start = .
 *(SORT_BY_NAME(SORT_BY_ALIGNMENT(._i3c_target_driver_api.static.*)))
                0x00000000000056a4                _i3c_target_driver_api_list_end = .

its_driver_api_area
                0x00000000000056a4        0x0
                0x00000000000056a4                _its_driver_api_list_start = .
 *(SORT_BY_NAME(SORT_BY_ALIGNMENT(._its_driver_api.static.*)))
                0x00000000000056a4                _its_driver_api_list_end = .

vtd_driver_api_area
                0x00000000000056a4        0x0
                0x00000000000056a4                _vtd_driver_api_list_start = .
 *(SORT_BY_NAME(SORT_BY_ALIGNMENT(._vtd_driver_api.static.*)))
                0x00000000000056a4                _vtd_driver_api_list_end = .

tgpio_driver_api_area
                0x00000000000056a4        0x0
                0x00000000000056a4                _tgpio_driver_api_list_start = .
 *(SORT_BY_NAME(SORT_BY_ALIGNMENT(._tgpio_driver_api.static.*)))
                0x00000000000056a4                _tgpio_driver_api_list_end = .

pcie_ctrl_driver_api_area
                0x00000000000056a4        0x0
                0x00000000000056a4                _pcie_ctrl_driver_api_list_start = .
 *(SORT_BY_NAME(SORT_BY_ALIGNMENT(._pcie_ctrl_driver_api.static.*)))
                0x00000000000056a4                _pcie_ctrl_driver_api_list_end = .

pcie_ep_driver_api_area
                0x00000000000056a4        0x0
                0x00000000000056a4                _pcie_ep_driver_api_list_start = .
 *(SORT_BY_NAME(SORT_BY_ALIGNMENT(._pcie_ep_driver_api.static.*)))
                0x00000000000056a4                _pcie_ep_driver_api_list_end = .

svc_driver_api_area
                0x00000000000056a4        0x0
                0x00000000000056a4                _svc_driver_api_list_start = .
 *(SORT_BY_NAME(SORT_BY_ALIGNMENT(._svc_driver_api.static.*)))
                0x00000000000056a4                _svc_driver_api_list_end = .

uart_driver_api_area
                0x00000000000056a4        0xc
                0x00000000000056a4                _uart_driver_api_list_start = .
 *(SORT_BY_NAME(SORT_BY_ALIGNMENT(._uart_driver_api.static.*)))
 ._uart_driver_api.static.uart_nrfx_uarte_driver_api_
                0x00000000000056a4        0xc zephyr/drivers/serial/libdrivers__serial.a(uart_nrfx_uarte.c.obj)
                0x00000000000056b0                _uart_driver_api_list_end = .

bc12_emul_driver_api_area
                0x00000000000056b0        0x0
                0x00000000000056b0                _bc12_emul_driver_api_list_start = .
 *(SORT_BY_NAME(SORT_BY_ALIGNMENT(._bc12_emul_driver_api.static.*)))
                0x00000000000056b0                _bc12_emul_driver_api_list_end = .

bc12_driver_api_area
                0x00000000000056b0        0x0
                0x00000000000056b0                _bc12_driver_api_list_start = .
 *(SORT_BY_NAME(SORT_BY_ALIGNMENT(._bc12_driver_api.static.*)))
                0x00000000000056b0                _bc12_driver_api_list_end = .

usbc_ppc_driver_api_area
                0x00000000000056b0        0x0
                0x00000000000056b0                _usbc_ppc_driver_api_list_start = .
 *(SORT_BY_NAME(SORT_BY_ALIGNMENT(._usbc_ppc_driver_api.static.*)))
                0x00000000000056b0                _usbc_ppc_driver_api_list_end = .

tcpc_driver_api_area
                0x00000000000056b0        0x0
                0x00000000000056b0                _tcpc_driver_api_list_start = .
 *(SORT_BY_NAME(SORT_BY_ALIGNMENT(._tcpc_driver_api.static.*)))
                0x00000000000056b0                _tcpc_driver_api_list_end = .

usbc_vbus_driver_api_area
                0x00000000000056b0        0x0
                0x00000000000056b0                _usbc_vbus_driver_api_list_start = .
 *(SORT_BY_NAME(SORT_BY_ALIGNMENT(._usbc_vbus_driver_api.static.*)))
                0x00000000000056b0                _usbc_vbus_driver_api_list_end = .

ivshmem_driver_api_area
                0x00000000000056b0        0x0
                0x00000000000056b0                _ivshmem_driver_api_list_start = .
 *(SORT_BY_NAME(SORT_BY_ALIGNMENT(._ivshmem_driver_api.static.*)))
                0x00000000000056b0                _ivshmem_driver_api_list_end = .

ethphy_driver_api_area
                0x00000000000056b0        0x0
                0x00000000000056b0                _ethphy_driver_api_list_start = .
 *(SORT_BY_NAME(SORT_BY_ALIGNMENT(._ethphy_driver_api.static.*)))
                0x00000000000056b0                _ethphy_driver_api_list_end = .

ztest           0x00000000000056b0        0x0
                0x00000000000056b0                _ztest_expected_result_entry_list_start = .
 *(SORT_BY_NAME(SORT_BY_ALIGNMENT(._ztest_expected_result_entry.static.*)))
                0x00000000000056b0                _ztest_expected_result_entry_list_end = .
                0x00000000000056b0                _ztest_suite_node_list_start = .
 *(SORT_BY_NAME(SORT_BY_ALIGNMENT(._ztest_suite_node.static.*)))
                0x00000000000056b0                _ztest_suite_node_list_end = .
                0x00000000000056b0                _ztest_unit_test_list_start = .
 *(SORT_BY_NAME(SORT_BY_ALIGNMENT(._ztest_unit_test.static.*)))
                0x00000000000056b0                _ztest_unit_test_list_end = .
                0x00000000000056b0                _ztest_test_rule_list_start = .
 *(SORT_BY_NAME(SORT_BY_ALIGNMENT(._ztest_test_rule.static.*)))
                0x00000000000056b0                _ztest_test_rule_list_end = .

init_array      0x00000000000056b0        0x0
 *(SORT_BY_NAME(SORT_BY_ALIGNMENT(.ctors*)))
 *(SORT_BY_NAME(SORT_BY_ALIGNMENT(.init_array*)))
                0x0000000000000001                ASSERT ((SIZEOF (init_array) == 0x0), GNU-style constructors required but STATIC_INIT_GNU not enabled)

bt_l2cap_fixed_chan_area
                0x00000000000056b0        0x0
                0x00000000000056b0                _bt_l2cap_fixed_chan_list_start = .
 *(SORT_BY_NAME(SORT_BY_ALIGNMENT(._bt_l2cap_fixed_chan.static.*)))
                0x00000000000056b0                _bt_l2cap_fixed_chan_list_end = .

bt_gatt_service_static_area
                0x00000000000056b0        0x0
                0x00000000000056b0                _bt_gatt_service_static_list_start = .
 *(SORT_BY_NAME(SORT_BY_ALIGNMENT(._bt_gatt_service_static.static.*)))
                0x00000000000056b0                _bt_gatt_service_static_list_end = .

log_strings_area
                0x00000000000056b0        0x0
                0x00000000000056b0                _log_strings_list_start = .
 *(SORT_BY_NAME(SORT_BY_ALIGNMENT(._log_strings.static.*)))
                0x00000000000056b0                _log_strings_list_end = .

log_stmesp_ptr_area
                0x00000000000056b0        0x0
                0x00000000000056b0                _log_stmesp_ptr_list_start = .
 *(SORT_BY_NAME(SORT_BY_ALIGNMENT(._log_stmesp_ptr.static.*)))
                0x00000000000056b0                _log_stmesp_ptr_list_end = .

log_stmesp_str_area
                0x00000000000056b0        0x0
                0x00000000000056b0                _log_stmesp_str_list_start = .
 *(SORT_BY_NAME(SORT_BY_ALIGNMENT(._log_stmesp_str.static.*)))
                0x00000000000056b0                _log_stmesp_str_list_end = .

log_const_area  0x00000000000056b0        0x0
                0x00000000000056b0                _log_const_list_start = .
 *(SORT_BY_NAME(SORT_BY_ALIGNMENT(._log_const.static.*)))
                0x00000000000056b0                _log_const_list_end = .

log_backend_area
                0x00000000000056b0        0x0
                0x00000000000056b0                _log_backend_list_start = .
 *(SORT_BY_NAME(SORT_BY_ALIGNMENT(._log_backend.static.*)))
                0x00000000000056b0                _log_backend_list_end = .

log_link_area   0x00000000000056b0        0x0
                0x00000000000056b0                _log_link_list_start = .
 *(SORT_BY_NAME(SORT_BY_ALIGNMENT(._log_link.static.*)))
                0x00000000000056b0                _log_link_list_end = .

tracing_backend_area
                0x00000000000056b0        0x0
                0x00000000000056b0                _tracing_backend_list_start = .
 *(SORT_BY_NAME(SORT_BY_ALIGNMENT(._tracing_backend.static.*)))
                0x00000000000056b0                _tracing_backend_list_end = .

zephyr_dbg_info
 *(SORT_BY_ALIGNMENT(.dbg_thread_info))

intc_table_area