Archive member included to satisfy reference by file (symbol)

app/libapp.a(main.c.obj)      (--whole-archive)
app/libapp.a(app_ctx.c.obj)   (--whole-archive)
app/libapp.a(fido_main.c.obj)
                              (--whole-archive)
app/libapp.a(logger.c.obj)    (--whole-archive)
app/libapp.a(led_controller.c.obj)
                              (--whole-archive)
app/libapp.a(button_controller.c.obj)
                              (--whole-archive)
zephyr/libzephyr.a(heap.c.obj)
                              (--whole-archive)
zephyr/libzephyr.a(cbprintf_packaged.c.obj)
                              (--whole-archive)
zephyr/libzephyr.a(printk.c.obj)
                              (--whole-archive)
zephyr/libzephyr.a(sem.c.obj)
                              (--whole-archive)
zephyr/libzephyr.a(thread_entry.c.obj)
                              (--whole-archive)
zephyr/libzephyr.a(cbprintf_complete.c.obj)
                              (--whole-archive)
zephyr/libzephyr.a(assert.c.obj)
                              (--whole-archive)
zephyr/libzephyr.a(reboot.c.obj)
                              (--whole-archive)
zephyr/libzephyr.a(dec.c.obj)
                              (--whole-archive)
zephyr/libzephyr.a(hex.c.obj)
                              (--whole-archive)
zephyr/libzephyr.a(rb.c.obj)  (--whole-archive)
zephyr/libzephyr.a(timeutil.c.obj)
                              (--whole-archive)
zephyr/libzephyr.a(bitarray.c.obj)
                              (--whole-archive)
zephyr/libzephyr.a(onoff.c.obj)
                              (--whole-archive)
zephyr/libzephyr.a(notify.c.obj)
                              (--whole-archive)
zephyr/libzephyr.a(last_section_id.c.obj)
                              (--whole-archive)
zephyr/libzephyr.a(configs.c.obj)
                              (--whole-archive)
zephyr/libzephyr.a(mem_attr.c.obj)
                              (--whole-archive)
zephyr/libzephyr.a(tracing_none.c.obj)
                              (--whole-archive)
zephyr/libzephyr.a(banner.c.obj)
                              (--whole-archive)
zephyr/libzephyr.a(flash_map_partition_manager.c.obj)
                              (--whole-archive)
zephyr/libzephyr.a(nrf_cc3xx_platform_abort_zephyr.c.obj)
                              (--whole-archive)
zephyr/libzephyr.a(nrf_cc3xx_platform_mutex_zephyr.c.obj)
                              (--whole-archive)
zephyr/arch/common/libarch__common.a(sw_isr_common.c.obj)
                              (--whole-archive)
zephyr/arch/arch/arm/core/libarch__arm__core.a(fatal.c.obj)
                              (--whole-archive)
zephyr/arch/arch/arm/core/libarch__arm__core.a(nmi.c.obj)
                              (--whole-archive)
zephyr/arch/arch/arm/core/libarch__arm__core.a(nmi_on_reset.S.obj)
                              (--whole-archive)
zephyr/arch/arch/arm/core/libarch__arm__core.a(tls.c.obj)
                              (--whole-archive)
zephyr/arch/arch/arm/core/cortex_m/libarch__arm__core__cortex_m.a(exc_exit.c.obj)
                              (--whole-archive)
zephyr/arch/arch/arm/core/cortex_m/libarch__arm__core__cortex_m.a(fault.c.obj)
                              (--whole-archive)
zephyr/arch/arch/arm/core/cortex_m/libarch__arm__core__cortex_m.a(fault_s.S.obj)
                              (--whole-archive)
zephyr/arch/arch/arm/core/cortex_m/libarch__arm__core__cortex_m.a(fpu.c.obj)
                              (--whole-archive)
zephyr/arch/arch/arm/core/cortex_m/libarch__arm__core__cortex_m.a(reset.S.obj)
                              (--whole-archive)
zephyr/arch/arch/arm/core/cortex_m/libarch__arm__core__cortex_m.a(scb.c.obj)
                              (--whole-archive)
zephyr/arch/arch/arm/core/cortex_m/libarch__arm__core__cortex_m.a(thread_abort.c.obj)
                              (--whole-archive)
zephyr/arch/arch/arm/core/cortex_m/libarch__arm__core__cortex_m.a(vector_table.S.obj)
                              (--whole-archive)
zephyr/arch/arch/arm/core/cortex_m/libarch__arm__core__cortex_m.a(swap_helper.S.obj)
                              (--whole-archive)
zephyr/arch/arch/arm/core/cortex_m/libarch__arm__core__cortex_m.a(irq_manage.c.obj)
                              (--whole-archive)
zephyr/arch/arch/arm/core/cortex_m/libarch__arm__core__cortex_m.a(prep_c.c.obj)
                              (--whole-archive)
zephyr/arch/arch/arm/core/cortex_m/libarch__arm__core__cortex_m.a(thread.c.obj)
                              (--whole-archive)
zephyr/arch/arch/arm/core/cortex_m/libarch__arm__core__cortex_m.a(cpu_idle.c.obj)
                              (--whole-archive)
zephyr/arch/arch/arm/core/cortex_m/libarch__arm__core__cortex_m.a(irq_init.c.obj)
                              (--whole-archive)
zephyr/arch/arch/arm/core/cortex_m/libarch__arm__core__cortex_m.a(isr_wrapper.c.obj)
                              (--whole-archive)
zephyr/arch/arch/arm/core/cortex_m/libarch__arm__core__cortex_m.a(__aeabi_read_tp.S.obj)
[...]
Memory Configuration

Name             Origin             Length             Attributes
FLASH            0x0000000000000000 0x0000000000100000 xr
RAM              0x0000000020000000 0x0000000000040000 xw
IDT_LIST         0x00000000ffff7fff 0x0000000000008000 xw
*default*        0x0000000000000000 0xffffffffffffffff

Linker script and memory map

                0x00000000000042fc                vfprintf = __l_vfprintf
                0x0000000000000000                vfscanf = __l_vfscanf
LOAD zephyr/CMakeFiles/zephyr_pre0.dir/misc/empty_file.c.obj
LOAD zephyr/CMakeFiles/offsets.dir/./arch/arm/core/offsets/offsets.c.obj
LOAD app/libapp.a
LOAD zephyr/libzephyr.a
LOAD zephyr/arch/common/libarch__common.a
LOAD zephyr/arch/arch/arm/core/libarch__arm__core.a
LOAD zephyr/arch/arch/arm/core/cortex_m/libarch__arm__core__cortex_m.a
LOAD zephyr/arch/arch/arm/core/mpu/libarch__arm__core__mpu.a
LOAD zephyr/lib/libc/picolibc/liblib__libc__picolibc.a
LOAD zephyr/lib/libc/common/liblib__libc__common.a
LOAD zephyr/soc/soc/nrf52840/libsoc__nordic.a
LOAD zephyr/drivers/clock_control/libdrivers__clock_control.a
LOAD zephyr/drivers/console/libdrivers__console.a
LOAD zephyr/drivers/gpio/libdrivers__gpio.a
LOAD zephyr/drivers/pinctrl/libdrivers__pinctrl.a
LOAD zephyr/drivers/serial/libdrivers__serial.a
LOAD zephyr/drivers/timer/libdrivers__timer.a
LOAD modules/nrf/drivers/hw_cc3xx/lib..__nrf__drivers__hw_cc3xx.a
LOAD modules/hal_nordic/modules/hal_nordic/nrfx/libmodules__hal_nordic__nrfx.a
LOAD modules/segger/libmodules__segger.a
LOAD zephyr/kernel/libkernel.a
LOAD zephyr/arch/common/libisr_tables.a
LOAD /home/mbedsyst/ncs/v3.0.0/nrfxlib/crypto/nrf_cc310_platform/lib/cortex-m4/soft-float/no-interrupts/libnrf_cc310_platform_0.9.19.a
LOAD /home/mbedsyst/ncs/toolchains/7cbc0036f4/opt/zephyr-sdk/arm-zephyr-eabi/bin/../lib/gcc/../../picolibc/arm-zephyr-eabi/lib/thumb/v7e-m/nofp/libc.a
LOAD /home/mbedsyst/ncs/toolchains/7cbc0036f4/opt/zephyr-sdk/arm-zephyr-eabi/bin/../lib/gcc/arm-zephyr-eabi/12.2.0/thumb/v7e-m/nofp/libgcc.a
                0x0000000000000020                _region_min_align = 0x20

.rel.plt        0x0000000000000000        0x0
 *(SORT_BY_ALIGNMENT(.rel.plt))
                [!provide]                        PROVIDE (__rel_iplt_start = .)
 *(SORT_BY_ALIGNMENT(.rel.iplt))
 .rel.iplt      0x0000000000000000        0x0 app/libapp.a(main.c.obj)
                [!provide]                        PROVIDE (__rel_iplt_end = .)

.rela.plt       0x0000000000000000        0x0
 *(SORT_BY_ALIGNMENT(.rela.plt))
                [!provide]                        PROVIDE (__rela_iplt_start = .)
 *(SORT_BY_ALIGNMENT(.rela.iplt))
                [!provide]                        PROVIDE (__rela_iplt_end = .)

.rel.dyn
 *(SORT_BY_ALIGNMENT(.rel.*))

.rela.dyn
 *(SORT_BY_ALIGNMENT(.rela.*))

/DISCARD/
 *(SORT_BY_ALIGNMENT(.plt))

/DISCARD/
 *(SORT_BY_ALIGNMENT(.iplt))
                0x0000000000000000                __rom_region_start = 0x0

rom_start       0x0000000000000000      0x100
                0x0000000000000000                __rom_start_address = .
 FILL mask 0x00
                0x0000000000000000                . = (. + (0x0 - (. - __rom_start_address)))
                0x0000000000000000                . = ALIGN (0x4)
                0x0000000000000000                . = ALIGN (0x80)
                0x0000000000000000                . = ALIGN (0x100)
                0x0000000000000000                _vector_start = .
 *(SORT_BY_ALIGNMENT(.exc_vector_table))
 *(SORT_BY_ALIGNMENT(.exc_vector_table.*))
 .exc_vector_table._vector_table_section
                0x0000000000000000       0x40 zephyr/arch/arch/arm/core/cortex_m/libarch__arm__core__cortex_m.a(vector_table.S.obj)
                0x0000000000000000                _vector_table
 *(SORT_BY_ALIGNMENT(.vectors))
                0x0000000000000100                _vector_end = .
                0x0000000000000040                . = ALIGN (0x4)
 *(SORT_BY_ALIGNMENT(.gnu.linkonce.irq_vector_table*))
 .gnu.linkonce.irq_vector_table
                0x0000000000000040       0xc0 zephyr/arch/common/libisr_tables.a(isr_tables.c.obj)
                0x0000000000000040                _irq_vector_table
                0x0000000000000100                _vector_end = .

text            0x0000000000000100     0x5368
                0x0000000000000100                __text_region_start = .
 *(SORT_BY_ALIGNMENT(.text))
 *(SORT_BY_ALIGNMENT(.text.*))
 .text.main     0x0000000000000100       0x18 app/libapp.a(main.c.obj)
                0x0000000000000100                main
 .text.app_ctx_init
                0x0000000000000118       0x24 app/libapp.a(app_ctx.c.obj)
                0x0000000000000118                app_ctx_init
 .text.on_long_press
                0x000000000000013c       0x20 app/libapp.a(fido_main.c.obj)
 .text.fido_main
                0x000000000000015c       0x24 app/libapp.a(fido_main.c.obj)
                0x000000000000015c                fido_main
 .text.led_is_on
                0x0000000000000180       0x20 app/libapp.a(led_controller.c.obj)
 .text.led_init
                0x00000000000001a0       0x94 app/libapp.a(led_controller.c.obj)
 .text.led_set  0x0000000000000234       0x6c app/libapp.a(led_controller.c.obj)
 .text.button_register_long_cb
                0x00000000000002a0       0x10 app/libapp.a(button_controller.c.obj)
 .text.long_timer_cb
                0x00000000000002b0       0x1c app/libapp.a(button_controller.c.obj)
 .text.button_is_pressed
                0x00000000000002cc       0x18 app/libapp.a(button_controller.c.obj)
 .text.button_isr
                0x00000000000002e4       0xb0 app/libapp.a(button_controller.c.obj)
 .text.button_init
                0x0000000000000394       0xa8 app/libapp.a(button_controller.c.obj)
 .text.char_out
                0x000000000000043c        0xc zephyr/libzephyr.a(printk.c.obj)
 .text.__printk_hook_install
                0x0000000000000448        0xc zephyr/libzephyr.a(printk.c.obj)
                0x0000000000000448                __printk_hook_install
 .text.vprintk  0x0000000000000454       0x30 zephyr/libzephyr.a(printk.c.obj)
                0x0000000000000454                vprintk
 .text.z_thread_entry
                0x0000000000000484       0x34 zephyr/libzephyr.a(thread_entry.c.obj)
                0x0000000000000484                z_thread_entry
 .text.sys_reboot
                0x00000000000004b8       0x2c zephyr/libzephyr.a(reboot.c.obj)
                0x00000000000004b8                sys_reboot
 .text.process_event
                0x00000000000004e4      0x21c zephyr/libzephyr.a(onoff.c.obj)
 .text.mem_attr_get_regions
                0x0000000000000700        0xc zephyr/libzephyr.a(mem_attr.c.obj)
                0x0000000000000700                mem_attr_get_regions
 .text.boot_banner
                0x000000000000070c       0x1c zephyr/libzephyr.a(banner.c.obj)
                0x000000000000070c                boot_banner
 .text.nrf_cc3xx_platform_abort_init
                0x0000000000000728        0xc zephyr/libzephyr.a(nrf_cc3xx_platform_abort_zephyr.c.obj)
                0x0000000000000728                nrf_cc3xx_platform_abort_init
 .text.mutex_free_platform
                0x0000000000000734       0x54 zephyr/libzephyr.a(nrf_cc3xx_platform_mutex_zephyr.c.obj)
 .text.mutex_lock_platform
                0x0000000000000788       0x60 zephyr/libzephyr.a(nrf_cc3xx_platform_mutex_zephyr.c.obj)
 .text.mutex_unlock_platform
                0x00000000000007e8       0x58 zephyr/libzephyr.a(nrf_cc3xx_platform_mutex_zephyr.c.obj)
 .text.mutex_init_platform
                0x0000000000000840       0x94 zephyr/libzephyr.a(nrf_cc3xx_platform_mutex_zephyr.c.obj)
 .text.nrf_cc3xx_platform_mutex_init
                0x00000000000008d4       0x2c zephyr/libzephyr.a(nrf_cc3xx_platform_mutex_zephyr.c.obj)
                0x00000000000008d4                nrf_cc3xx_platform_mutex_init
 .text.z_SysNmiOnReset
                0x0000000000000900        0x8 zephyr/arch/arch/arm/core/libarch__arm__core.a(nmi_on_reset.S.obj)
                0x0000000000000900                z_SysNmiOnReset
 .text.arch_tls_stack_setup
                0x0000000000000908       0x40 zephyr/arch/arch/arm/core/libarch__arm__core.a(tls.c.obj)
                0x0000000000000908                arch_tls_stack_setup
 .text._HandlerModeExit
                0x0000000000000948       0x28 zephyr/arch/arch/arm/core/cortex_m/libarch__arm__core__cortex_m.a(exc_exit.c.obj)
                0x0000000000000948                z_arm_exc_exit
                0x0000000000000948                z_arm_int_exit
 .text.mem_manage_fault
                0x0000000000000970       0xa0 zephyr/arch/arch/arm/core/cortex_m/libarch__arm__core__cortex_m.a(fault.c.obj)
 .text.usage_fault.constprop.0
                0x0000000000000a10       0x54 zephyr/arch/arch/arm/core/cortex_m/libarch__arm__core__cortex_m.a(fault.c.obj)
 .text.bus_fault.constprop.0
                0x0000000000000a64       0x6c zephyr/arch/arch/arm/core/cortex_m/libarch__arm__core__cortex_m.a(fault.c.obj)
 .text.z_arm_fault
                0x0000000000000ad0      0x128 zephyr/arch/arch/arm/core/cortex_m/libarch__arm__core__cortex_m.a(fault.c.obj)
                0x0000000000000ad0                z_arm_fault
 .text.z_arm_fault_init
                0x0000000000000bf8       0x18 zephyr/arch/arch/arm/core/cortex_m/libarch__arm__core__cortex_m.a(fault.c.obj)
                0x0000000000000bf8                z_arm_fault_init
 .text.__fault  0x0000000000000c10       0x14 zephyr/arch/arch/arm/core/cortex_m/libarch__arm__core__cortex_m.a(fault_s.S.obj)
                0x0000000000000c10                z_arm_bus_fault
                0x0000000000000c10                z_arm_usage_fault
                0x0000000000000c10                z_arm_mpu_fault
                0x0000000000000c10                z_arm_exc_spurious
                0x0000000000000c10                z_arm_debug_monitor
                0x0000000000000c10                z_arm_hard_fault
 .text._reset_section
                0x0000000000000c24       0x54 zephyr/arch/arch/arm/core/cortex_m/libarch__arm__core__cortex_m.a(reset.S.obj)
                0x0000000000000c24                z_arm_reset
                0x0000000000000c24                __start
 .text.z_arm_clear_arm_mpu_config
                0x0000000000000c78       0x24 zephyr/arch/arch/arm/core/cortex_m/libarch__arm__core__cortex_m.a(scb.c.obj)
                0x0000000000000c78                z_arm_clear_arm_mpu_config
 .text.z_arm_init_arch_hw_at_boot
                0x0000000000000c9c       0x64 zephyr/arch/arch/arm/core/cortex_m/libarch__arm__core__cortex_m.a(scb.c.obj)
                0x0000000000000c9c                z_arm_init_arch_hw_at_boot
 .text.z_impl_k_thread_abort
                0x0000000000000d00       0x2c zephyr/arch/arch/arm/core/cortex_m/libarch__arm__core__cortex_m.a(thread_abort.c.obj)
                0x0000000000000d00                z_impl_k_thread_abort
 .text.z_arm_pendsv
                0x0000000000000d2c       0x64 zephyr/arch/arch/arm/core/cortex_m/libarch__arm__core__cortex_m.a(swap_helper.S.obj)
                0x0000000000000d2c                z_arm_pendsv
 .text.z_arm_svc
                0x0000000000000d90       0x24 zephyr/arch/arch/arm/core/cortex_m/libarch__arm__core__cortex_m.a(swap_helper.S.obj)
                0x0000000000000d90                z_arm_svc
 .text.arch_irq_enable
                0x0000000000000db4       0x1c zephyr/arch/arch/arm/core/cortex_m/libarch__arm__core__cortex_m.a(irq_manage.c.obj)
                0x0000000000000db4                arch_irq_enable
 .text.arch_irq_disable
                0x0000000000000dd0       0x28 zephyr/arch/arch/arm/core/cortex_m/libarch__arm__core__cortex_m.a(irq_manage.c.obj)
                0x0000000000000dd0                arch_irq_disable
 .text.arch_irq_is_enabled
                0x0000000000000df8       0x1c zephyr/arch/arch/arm/core/cortex_m/libarch__arm__core__cortex_m.a(irq_manage.c.obj)
                0x0000000000000df8                arch_irq_is_enabled
 .text.z_arm_irq_priority_set
                0x0000000000000e14       0x30 zephyr/arch/arch/arm/core/cortex_m/libarch__arm__core__cortex_m.a(irq_manage.c.obj)
                0x0000000000000e14                z_arm_irq_priority_set
 .text.z_prep_c
                0x0000000000000e44       0x38 zephyr/arch/arch/arm/core/cortex_m/libarch__arm__core__cortex_m.a(prep_c.c.obj)
                0x0000000000000e44                z_prep_c
 .text.arch_new_thread
                0x0000000000000e7c       0x38 zephyr/arch/arch/arm/core/cortex_m/libarch__arm__core__cortex_m.a(thread.c.obj)
                0x0000000000000e7c                arch_new_thread
 .text.z_check_thread_stack_fail
                0x0000000000000eb4       0x2c zephyr/arch/arch/arm/core/cortex_m/libarch__arm__core__cortex_m.a(thread.c.obj)
                0x0000000000000eb4                z_check_thread_stack_fail
 .text.arch_switch_to_main_thread
                0x0000000000000ee0       0x3c zephyr/arch/arch/arm/core/cortex_m/libarch__arm__core__cortex_m.a(thread.c.obj)
                0x0000000000000ee0                arch_switch_to_main_thread
 .text.z_arm_cpu_idle_init
                0x0000000000000f1c        0xc zephyr/arch/arch/arm/core/cortex_m/libarch__arm__core__cortex_m.a(cpu_idle.c.obj)
                0x0000000000000f1c                z_arm_cpu_idle_init
 .text.z_arm_interrupt_init
                0x0000000000000f28       0x18 zephyr/arch/arch/arm/core/cortex_m/libarch__arm__core__cortex_m.a(irq_init.c.obj)
                0x0000000000000f28                z_arm_interrupt_init
 .text._isr_wrapper
                0x0000000000000f40       0x24 zephyr/arch/arch/arm/core/cortex_m/libarch__arm__core__cortex_m.a(isr_wrapper.c.obj)
                0x0000000000000f40                _isr_wrapper
 .text.z_arm_configure_static_mpu_regions
                0x0000000000000f64       0x18 zephyr/arch/arch/arm/core/mpu/libarch__arm__core__mpu.a(arm_core_mpu.c.obj)
                0x0000000000000f64                z_arm_configure_static_mpu_regions
 .text.z_arm_configure_dynamic_mpu_regions
                0x0000000000000f7c       0x20 zephyr/arch/arch/arm/core/mpu/libarch__arm__core__mpu.a(arm_core_mpu.c.obj)
                0x0000000000000f7c                z_arm_configure_dynamic_mpu_regions
 .text.region_init
                0x0000000000000f9c       0x28 zephyr/arch/arch/arm/core/mpu/libarch__arm__core__mpu.a(arm_mpu.c.obj)
 .text.mpu_configure_regions
                0x0000000000000fc4       0x6c zephyr/arch/arch/arm/core/mpu/libarch__arm__core__mpu.a(arm_mpu.c.obj)
 .text.arm_core_mpu_enable
                0x0000000000001030       0x18 zephyr/arch/arch/arm/core/mpu/libarch__arm__core__mpu.a(arm_mpu.c.obj)
                0x0000000000001030                arm_core_mpu_enable
 .text.arm_core_mpu_disable
                0x0000000000001048       0x14 zephyr/arch/arch/arm/core/mpu/libarch__arm__core__mpu.a(arm_mpu.c.obj)
                0x0000000000001048                arm_core_mpu_disable
 .text.arm_core_mpu_configure_static_mpu_regions
                0x000000000000105c       0x14 zephyr/arch/arch/arm/core/mpu/libarch__arm__core__mpu.a(arm_mpu.c.obj)
                0x000000000000105c                arm_core_mpu_configure_static_mpu_regions
 .text.arm_core_mpu_configure_dynamic_mpu_regions
                0x0000000000001070       0x38 zephyr/arch/arch/arm/core/mpu/libarch__arm__core__mpu.a(arm_mpu.c.obj)
                0x0000000000001070                arm_core_mpu_configure_dynamic_mpu_regions
 .text.z_arm_mpu_init
                0x00000000000010a8      0x168 zephyr/arch/arch/arm/core/mpu/libarch__arm__core__mpu.a(arm_mpu.c.obj)
                0x00000000000010a8                z_arm_mpu_init
 .text.z_impl_zephyr_fputc
                0x0000000000001210       0x10 zephyr/lib/libc/picolibc/liblib__libc__picolibc.a(stdio.c.obj)
                0x0000000000001210                z_impl_zephyr_fputc
 .text.__stdout_hook_install
                0x0000000000001220       0x18 zephyr/lib/libc/picolibc/liblib__libc__picolibc.a(stdio.c.obj)
                0x0000000000001220                __stdout_hook_install
 .text.malloc_prepare
                0x0000000000001238       0x24 zephyr/lib/libc/common/liblib__libc__common.a(malloc.c.obj)
 .text.nordicsemi_nrf52_init
                0x000000000000125c       0x44 zephyr/soc/soc/nrf52840/libsoc__nordic.a(soc.c.obj)
 .text.arch_busy_wait
                0x00000000000012a0       0x14 zephyr/soc/soc/nrf52840/libsoc__nordic.a(soc.c.obj)
                0x00000000000012a0                arch_busy_wait
 .text.sys_arch_reboot
                0x00000000000012b4       0x24 zephyr/soc/soc/nrf52840/libsoc__nordic.a(reboot.c.obj)
                0x00000000000012b4                sys_arch_reboot
 .text.onoff_stop
                0x00000000000012d8       0x30 zephyr/drivers/clock_control/libdrivers__clock_control.a(clock_control_nrf.c.obj)
 .text.onoff_start
                0x0000000000001308       0x44 zephyr/drivers/clock_control/libdrivers__clock_control.a(clock_control_nrf.c.obj)
 .text.generic_hfclk_stop
                0x000000000000134c       0x34 zephyr/drivers/clock_control/libdrivers__clock_control.a(clock_control_nrf.c.obj)
 .text.clk_init
                0x0000000000001380       0x58 zephyr/drivers/clock_control/libdrivers__clock_control.a(clock_control_nrf.c.obj)
 .text.api_blocking_start
                0x00000000000013d8       0x34 zephyr/drivers/clock_control/libdrivers__clock_control.a(clock_control_nrf.c.obj)
 .text.clkstarted_handle.constprop.0
                0x000000000000140c       0x4c zephyr/drivers/clock_control/libdrivers__clock_control.a(clock_control_nrf.c.obj)
 .text.generic_hfclk_start
                0x0000000000001458       0x78 zephyr/drivers/clock_control/libdrivers__clock_control.a(clock_control_nrf.c.obj)
 .text.clock_event_handler
                0x00000000000014d0       0x1c zephyr/drivers/clock_control/libdrivers__clock_control.a(clock_control_nrf.c.obj)
 .text.z_nrf_clock_control_lf_on
                0x00000000000014ec       0xfc zephyr/drivers/clock_control/libdrivers__clock_control.a(clock_control_nrf.c.obj)
                0x00000000000014ec                z_nrf_clock_control_lf_on
 .text.uart_console_init
                0x00000000000015e8       0x28 zephyr/drivers/console/libdrivers__console.a(uart_console.c.obj)
 .text.console_out
                0x0000000000001610       0x28 zephyr/drivers/console/libdrivers__console.a(uart_console.c.obj)
 .text.gpio_nrfx_pin_interrupt_configure
                0x0000000000001638      0x100 zephyr/drivers/gpio/libdrivers__gpio.a(gpio_nrfx.c.obj)
 .text.gpio_nrfx_init
                0x0000000000001738       0x48 zephyr/drivers/gpio/libdrivers__gpio.a(gpio_nrfx.c.obj)
 .text.nrfx_gpio_handler
                0x0000000000001780       0x4c zephyr/drivers/gpio/libdrivers__gpio.a(gpio_nrfx.c.obj)
 .text.gpio_nrfx_pin_configure
                0x00000000000017cc      0x18c zephyr/drivers/gpio/libdrivers__gpio.a(gpio_nrfx.c.obj)
 .text.nrf_gpio_pin_port_decode
                0x0000000000001958       0x20 zephyr/drivers/pinctrl/libdrivers__pinctrl.a(pinctrl_nrf.c.obj)
 .text.pinctrl_configure_pins
                0x0000000000001978      0x1a4 zephyr/drivers/pinctrl/libdrivers__pinctrl.a(pinctrl_nrf.c.obj)
                0x0000000000001978                pinctrl_configure_pins
 .text.uarte_nrfx_poll_out
                0x0000000000001b1c       0xb4 zephyr/drivers/serial/libdrivers__serial.a(uart_nrfx_uarte.c.obj)
 .text.uarte_0_init
                0x0000000000001bd0      0x108 zephyr/drivers/serial/libdrivers__serial.a(uart_nrfx_uarte.c.obj)
 .text.compare_int_lock
                0x0000000000001cd8       0x48 zephyr/drivers/timer/libdrivers__timer.a(nrf_rtc_timer.c.obj)
 .text.sys_clock_timeout_handler
                0x0000000000001d20       0x48 zephyr/drivers/timer/libdrivers__timer.a(nrf_rtc_timer.c.obj)
 .text.compare_int_unlock
                0x0000000000001d68       0x5c zephyr/drivers/timer/libdrivers__timer.a(nrf_rtc_timer.c.obj)
 .text.z_nrf_rtc_timer_read
                0x0000000000001dc4       0x44 zephyr/drivers/timer/libdrivers__timer.a(nrf_rtc_timer.c.obj)
                0x0000000000001dc4                z_nrf_rtc_timer_read
 .text.compare_set
                0x0000000000001e08      0x130 zephyr/drivers/timer/libdrivers__timer.a(nrf_rtc_timer.c.obj)
 .text.sys_clock_driver_init
                0x0000000000001f38       0x90 zephyr/drivers/timer/libdrivers__timer.a(nrf_rtc_timer.c.obj)
 .text.rtc_nrf_isr
                0x0000000000001fc8       0xd4 zephyr/drivers/timer/libdrivers__timer.a(nrf_rtc_timer.c.obj)
                0x0000000000001fc8                rtc_nrf_isr
 .text.sys_clock_set_timeout
                0x000000000000209c       0x5c zephyr/drivers/timer/libdrivers__timer.a(nrf_rtc_timer.c.obj)
                0x000000000000209c                sys_clock_set_timeout
 .text.sys_clock_elapsed
                0x00000000000020f8       0x14 zephyr/drivers/timer/libdrivers__timer.a(nrf_rtc_timer.c.obj)
                0x00000000000020f8                sys_clock_elapsed
 .text.sys_clock_disable
                0x000000000000210c       0x30 zephyr/drivers/timer/libdrivers__timer.a(nrf_rtc_timer.c.obj)
                0x000000000000210c                sys_clock_disable
 .text.nrf52_errata_98
                0x000000000000213c       0x24 modules/hal_nordic/modules/hal_nordic/nrfx/libmodules__hal_nordic__nrfx.a(system_nrf52840.c.obj)
 .text.nvmc_wait
                0x0000000000002160       0x10 modules/hal_nordic/modules/hal_nordic/nrfx/libmodules__hal_nordic__nrfx.a(system_nrf52840.c.obj)
                0x0000000000002160                nvmc_wait
 .text.SystemInit
                0x0000000000002170      0x1bc modules/hal_nordic/modules/hal_nordic/nrfx/libmodules__hal_nordic__nrfx.a(system_nrf52840.c.obj)
                0x0000000000002170                SystemInit
 .text.nrfx_flag32_alloc
                0x000000000000232c       0x48 modules/hal_nordic/modules/hal_nordic/nrfx/libmodules__hal_nordic__nrfx.a(nrfx_flag32_allocator.c.obj)
                0x000000000000232c                nrfx_flag32_alloc
 .text.nrfx_flag32_free
                0x0000000000002374       0x40 modules/hal_nordic/modules/hal_nordic/nrfx/libmodules__hal_nordic__nrfx.a(nrfx_flag32_allocator.c.obj)
                0x0000000000002374                nrfx_flag32_free
 .text.nrfx_gppi_channels_enable
                0x00000000000023b4        0xc modules/hal_nordic/modules/hal_nordic/nrfx/libmodules__hal_nordic__nrfx.a(nrfx_gppi_ppi.c.obj)
                0x00000000000023b4                nrfx_gppi_channels_enable
 .text.clock_stop
                0x00000000000023c0       0xc4 modules/hal_nordic/modules/hal_nordic/nrfx/libmodules__hal_nordic__nrfx.a(nrfx_clock.c.obj)
 .text.nrfx_clock_init
                0x0000000000002484       0x20 modules/hal_nordic/modules/hal_nordic/nrfx/libmodules__hal_nordic__nrfx.a(nrfx_clock.c.obj)
                0x0000000000002484                nrfx_clock_init
 .text.nrfx_clock_enable
                0x00000000000024a4       0x24 modules/hal_nordic/modules/hal_nordic/nrfx/libmodules__hal_nordic__nrfx.a(nrfx_clock.c.obj)
                0x00000000000024a4                nrfx_clock_enable
 .text.nrfx_clock_start
                0x00000000000024c8       0xa8 modules/hal_nordic/modules/hal_nordic/nrfx/libmodules__hal_nordic__nrfx.a(nrfx_clock.c.obj)
                0x00000000000024c8                nrfx_clock_start
 .text.nrfx_power_clock_irq_handler
                0x0000000000002570       0x7c modules/hal_nordic/modules/hal_nordic/nrfx/libmodules__hal_nordic__nrfx.a(nrfx_clock.c.obj)
                0x0000000000002570                nrfx_power_clock_irq_handler
 .text.nrf_gpio_pin_port_decode
                0x00000000000025ec       0x20 modules/hal_nordic/modules/hal_nordic/nrfx/libmodules__hal_nordic__nrfx.a(nrfx_gpiote.c.obj)
 .text.get_pin_idx
                0x000000000000260c       0x14 modules/hal_nordic/modules/hal_nordic/nrfx/libmodules__hal_nordic__nrfx.a(nrfx_gpiote.c.obj)
 .text.call_handler.constprop.0
                0x0000000000002620       0x40 modules/hal_nordic/modules/hal_nordic/nrfx/libmodules__hal_nordic__nrfx.a(nrfx_gpiote.c.obj)
 .text.pin_te_get.constprop.0
                0x0000000000002660       0x18 modules/hal_nordic/modules/hal_nordic/nrfx/libmodules__hal_nordic__nrfx.a(nrfx_gpiote.c.obj)
 .text.pin_is_output.constprop.0
                0x0000000000002678       0x18 modules/hal_nordic/modules/hal_nordic/nrfx/libmodules__hal_nordic__nrfx.a(nrfx_gpiote.c.obj)
 .text.pin_in_use_by_te.constprop.0
                0x0000000000002690       0x18 modules/hal_nordic/modules/hal_nordic/nrfx/libmodules__hal_nordic__nrfx.a(nrfx_gpiote.c.obj)
 .text.latch_pending_read_and_check
                0x00000000000026a8       0x40 modules/hal_nordic/modules/hal_nordic/nrfx/libmodules__hal_nordic__nrfx.a(nrfx_gpiote.c.obj)
 .text.release_handler.isra.0
                0x00000000000026e8       0x58 modules/hal_nordic/modules/hal_nordic/nrfx/libmodules__hal_nordic__nrfx.a(nrfx_gpiote.c.obj)
 .text.__nrfy_internal_gpiote_events_process.constprop.0
                0x0000000000002740       0x5c modules/hal_nordic/modules/hal_nordic/nrfx/libmodules__hal_nordic__nrfx.a(nrfx_gpiote.c.obj)
 .text.pin_uninit
                0x000000000000279c       0x80 modules/hal_nordic/modules/hal_nordic/nrfx/libmodules__hal_nordic__nrfx.a(nrfx_gpiote.c.obj)
 .text.nrfx_gpiote_input_configure
                0x000000000000281c      0x174 modules/hal_nordic/modules/hal_nordic/nrfx/libmodules__hal_nordic__nrfx.a(nrfx_gpiote.c.obj)
                0x000000000000281c                nrfx_gpiote_input_configure
 .text.nrfx_gpiote_output_configure
                0x0000000000002990       0xfc modules/hal_nordic/modules/hal_nordic/nrfx/libmodules__hal_nordic__nrfx.a(nrfx_gpiote.c.obj)
                0x0000000000002990                nrfx_gpiote_output_configure
 .text.nrfx_gpiote_global_callback_set
                0x0000000000002a8c        0xc modules/hal_nordic/modules/hal_nordic/nrfx/libmodules__hal_nordic__nrfx.a(nrfx_gpiote.c.obj)
                0x0000000000002a8c                nrfx_gpiote_global_callback_set
 .text.nrfx_gpiote_channel_get
                0x0000000000002a98       0x34 modules/hal_nordic/modules/hal_nordic/nrfx/libmodules__hal_nordic__nrfx.a(nrfx_gpiote.c.obj)
                0x0000000000002a98                nrfx_gpiote_channel_get
 .text.nrfx_gpiote_init
                0x0000000000002acc       0x68 modules/hal_nordic/modules/hal_nordic/nrfx/libmodules__hal_nordic__nrfx.a(nrfx_gpiote.c.obj)
                0x0000000000002acc                nrfx_gpiote_init
 .text.nrfx_gpiote_init_check
                0x0000000000002b34       0x14 modules/hal_nordic/modules/hal_nordic/nrfx/libmodules__hal_nordic__nrfx.a(nrfx_gpiote.c.obj)
                0x0000000000002b34                nrfx_gpiote_init_check
 .text.nrfx_gpiote_channel_free
                0x0000000000002b48        0xc modules/hal_nordic/modules/hal_nordic/nrfx/libmodules__hal_nordic__nrfx.a(nrfx_gpiote.c.obj)
                0x0000000000002b48                nrfx_gpiote_channel_free
 .text.nrfx_gpiote_channel_alloc
                0x0000000000002b54        0xc modules/hal_nordic/modules/hal_nordic/nrfx/libmodules__hal_nordic__nrfx.a(nrfx_gpiote.c.obj)
                0x0000000000002b54                nrfx_gpiote_channel_alloc
 .text.nrfx_gpiote_trigger_enable
                0x0000000000002b60       0xb0 modules/hal_nordic/modules/hal_nordic/nrfx/libmodules__hal_nordic__nrfx.a(nrfx_gpiote.c.obj)
                0x0000000000002b60                nrfx_gpiote_trigger_enable
 .text.nrfx_gpiote_0_irq_handler
                0x0000000000002c10      0x1bc modules/hal_nordic/modules/hal_nordic/nrfx/libmodules__hal_nordic__nrfx.a(nrfx_gpiote.c.obj)
                0x0000000000002c10                nrfx_gpiote_0_irq_handler
 .text.nrfx_ppi_channel_alloc
                0x0000000000002dcc        0xc modules/hal_nordic/modules/hal_nordic/nrfx/libmodules__hal_nordic__nrfx.a(nrfx_ppi.c.obj)
                0x0000000000002dcc                nrfx_ppi_channel_alloc
 .text._DoInit  0x0000000000002dd8       0x68 modules/segger/libmodules__segger.a(SEGGER_RTT.c.obj)
 .text.SEGGER_RTT_Init
                0x0000000000002e40       0x3c modules/segger/libmodules__segger.a(SEGGER_RTT.c.obj)
                0x0000000000002e40                SEGGER_RTT_Init
 .text.z_fatal_error
                0x0000000000002e7c       0x30 zephyr/kernel/libkernel.a(fatal.c.obj)
                0x0000000000002e7c                z_fatal_error
 .text.z_sys_init_run_level
                0x0000000000002eac       0x2c zephyr/kernel/libkernel.a(init.c.obj)
 .text.bg_thread_main
                0x0000000000002ed8       0xc4 zephyr/kernel/libkernel.a(init.c.obj)
 .text.z_bss_zero
                0x0000000000002f9c       0x18 zephyr/kernel/libkernel.a(init.c.obj)
                0x0000000000002f9c                z_bss_zero
 .text.z_init_cpu
                0x0000000000002fb4       0x70 zephyr/kernel/libkernel.a(init.c.obj)
                0x0000000000002fb4                z_init_cpu
 .text.z_cstart
                0x0000000000003024       0xdc zephyr/kernel/libkernel.a(init.c.obj)
                0x0000000000003024                z_cstart
 .text.init_mem_slab_obj_core_list
                0x0000000000003100       0x24 zephyr/kernel/libkernel.a(mem_slab.c.obj)
 .text.k_mem_slab_alloc
                0x0000000000003124       0x5c zephyr/kernel/libkernel.a(mem_slab.c.obj)
                0x0000000000003124                k_mem_slab_alloc
 .text.z_impl_k_mutex_lock
                0x0000000000003180       0xf0 zephyr/kernel/libkernel.a(mutex.c.obj)
                0x0000000000003180                z_impl_k_mutex_lock
 .text.z_impl_k_mutex_unlock
                0x0000000000003270       0xa0 zephyr/kernel/libkernel.a(mutex.c.obj)
                0x0000000000003270                z_impl_k_mutex_unlock
 .text.z_impl_k_sem_give
                0x0000000000003310       0x68 zephyr/kernel/libkernel.a(sem.c.obj)
                0x0000000000003310                z_impl_k_sem_give
 .text.z_impl_k_sem_take
                0x0000000000003378       0x4c zephyr/kernel/libkernel.a(sem.c.obj)
                0x0000000000003378                z_impl_k_sem_take
 .text.z_setup_new_thread
                0x00000000000033c4       0x98 zephyr/kernel/libkernel.a(thread.c.obj)
                0x00000000000033c4                z_setup_new_thread
 .text.z_swap_irqlock
                0x000000000000345c       0x30 zephyr/kernel/libkernel.a(sched.c.obj)
 .text.ready_thread
                0x000000000000348c       0x90 zephyr/kernel/libkernel.a(sched.c.obj)
 .text.unready_thread
                0x000000000000351c       0x54 zephyr/kernel/libkernel.a(sched.c.obj)
 .text.move_thread_to_end_of_prio_q
                0x0000000000003570       0x90 zephyr/kernel/libkernel.a(sched.c.obj)
                0x0000000000003570                move_thread_to_end_of_prio_q
 .text.z_pend_curr
                0x0000000000003600       0x58 zephyr/kernel/libkernel.a(sched.c.obj)
                0x0000000000003600                z_pend_curr
 .text.z_thread_prio_set
                0x0000000000003658       0x9c zephyr/kernel/libkernel.a(sched.c.obj)
                0x0000000000003658                z_thread_prio_set
 .text.z_reschedule
                0x00000000000036f4       0x24 zephyr/kernel/libkernel.a(sched.c.obj)
                0x00000000000036f4                z_reschedule
 .text.z_reschedule_irqlock
                0x0000000000003718       0x28 zephyr/kernel/libkernel.a(sched.c.obj)
                0x0000000000003718                z_reschedule_irqlock
 .text.k_sched_lock
                0x0000000000003740       0x28 zephyr/kernel/libkernel.a(sched.c.obj)
                0x0000000000003740                k_sched_lock
 .text.k_sched_unlock
                0x0000000000003768       0x68 zephyr/kernel/libkernel.a(sched.c.obj)
                0x0000000000003768                k_sched_unlock
 .text.z_sched_init
                0x00000000000037d0       0x10 zephyr/kernel/libkernel.a(sched.c.obj)
                0x00000000000037d0                z_sched_init
 .text.z_impl_k_yield
                0x00000000000037e0       0x88 zephyr/kernel/libkernel.a(sched.c.obj)
                0x00000000000037e0                z_impl_k_yield
 .text.z_tick_sleep
                0x0000000000003868       0x80 zephyr/kernel/libkernel.a(sched.c.obj)
 .text.z_impl_k_wakeup
                0x00000000000038e8       0x4c zephyr/kernel/libkernel.a(sched.c.obj)
                0x00000000000038e8                z_impl_k_wakeup
 .text.z_impl_k_sched_current_thread_query
                0x0000000000003934        0xc zephyr/kernel/libkernel.a(sched.c.obj)
                0x0000000000003934                z_impl_k_sched_current_thread_query
 .text.z_thread_abort
                0x0000000000003940      0x110 zephyr/kernel/libkernel.a(sched.c.obj)
                0x0000000000003940                z_thread_abort
 .text.slice_timeout
                0x0000000000003a50       0x20 zephyr/kernel/libkernel.a(timeslicing.c.obj)
 .text.thread_is_sliceable
                0x0000000000003a70       0x3c zephyr/kernel/libkernel.a(timeslicing.c.obj)
                0x0000000000003a70                thread_is_sliceable
 .text.z_reset_time_slice
                0x0000000000003aac       0x50 zephyr/kernel/libkernel.a(timeslicing.c.obj)
                0x0000000000003aac                z_reset_time_slice
 .text.z_time_slice
                0x0000000000003afc       0x60 zephyr/kernel/libkernel.a(timeslicing.c.obj)
                0x0000000000003afc                z_time_slice
 .text.z_data_copy
                0x0000000000003b5c       0x38 zephyr/kernel/libkernel.a(xip.c.obj)
                0x0000000000003b5c                z_data_copy
 .text.first    0x0000000000003b94       0x10 zephyr/kernel/libkernel.a(timeout.c.obj)
 .text.elapsed  0x0000000000003ba4       0x14 zephyr/kernel/libkernel.a(timeout.c.obj)
 .text.remove_timeout
                0x0000000000003bb8       0x38 zephyr/kernel/libkernel.a(timeout.c.obj)
 .text.z_add_timeout
                0x0000000000003bf0       0xec zephyr/kernel/libkernel.a(timeout.c.obj)
                0x0000000000003bf0                z_add_timeout
 .text.sys_clock_announce
                0x0000000000003cdc       0xbc zephyr/kernel/libkernel.a(timeout.c.obj)
                0x0000000000003cdc                sys_clock_announce
 .text.sys_clock_tick_get
                0x0000000000003d98       0x30 zephyr/kernel/libkernel.a(timeout.c.obj)
                0x0000000000003d98                sys_clock_tick_get
 .text.z_timer_expiration_handler
                0x0000000000003dc8       0xe0 zephyr/kernel/libkernel.a(timer.c.obj)
                0x0000000000003dc8                z_timer_expiration_handler
 .text.z_impl_k_timer_start
                0x0000000000003ea8       0x74 zephyr/kernel/libkernel.a(timer.c.obj)
                0x0000000000003ea8                z_impl_k_timer_start
 .text.nrf_cc3xx_platform_init_no_rng
                0x0000000000003f1c       0x38 /home/mbedsyst/ncs/v3.0.0/nrfxlib/crypto/nrf_cc310_platform/lib/cortex-m4/soft-float/no-interrupts/libnrf_cc310_platform_0.9.19.a(nrf_cc3xx_platform.c.obj)
                0x0000000000003f1c                nrf_cc3xx_platform_init_no_rng
 .text.nrf_cc3xx_platform_abort
                0x0000000000003f54       0x24 /home/mbedsyst/ncs/v3.0.0/nrfxlib/crypto/nrf_cc310_platform/lib/cortex-m4/soft-float/no-interrupts/libnrf_cc310_platform_0.9.19.a(nrf_cc3xx_platform_abort.c.obj)
 .text.CC_PalAbort
                0x0000000000003f78       0x34 /home/mbedsyst/ncs/v3.0.0/nrfxlib/crypto/nrf_cc310_platform/lib/cortex-m4/soft-float/no-interrupts/libnrf_cc310_platform_0.9.19.a(nrf_cc3xx_platform_abort.c.obj)
                0x0000000000003f78                CC_PalAbort
 .text.nrf_cc3xx_platform_set_abort
                0x0000000000003fac       0x10 /home/mbedsyst/ncs/v3.0.0/nrfxlib/crypto/nrf_cc310_platform/lib/cortex-m4/soft-float/no-interrupts/libnrf_cc310_platform_0.9.19.a(nrf_cc3xx_platform_abort.c.obj)
                0x0000000000003fac                nrf_cc3xx_platform_set_abort
 .text.mutex_free
                0x0000000000003fbc       0x34 /home/mbedsyst/ncs/v3.0.0/nrfxlib/crypto/nrf_cc310_platform/lib/cortex-m4/soft-float/no-interrupts/libnrf_cc310_platform_0.9.19.a(nrf_cc3xx_platform_mutex.c.obj)
 .text.mutex_lock
                0x0000000000003ff0       0x48 /home/mbedsyst/ncs/v3.0.0/nrfxlib/crypto/nrf_cc310_platform/lib/cortex-m4/soft-float/no-interrupts/libnrf_cc310_platform_0.9.19.a(nrf_cc3xx_platform_mutex.c.obj)
 .text.mutex_unlock
                0x0000000000004038       0x38 /home/mbedsyst/ncs/v3.0.0/nrfxlib/crypto/nrf_cc310_platform/lib/cortex-m4/soft-float/no-interrupts/libnrf_cc310_platform_0.9.19.a(nrf_cc3xx_platform_mutex.c.obj)
 .text.mutex_init
                0x0000000000004070       0x20 /home/mbedsyst/ncs/v3.0.0/nrfxlib/crypto/nrf_cc310_platform/lib/cortex-m4/soft-float/no-interrupts/libnrf_cc310_platform_0.9.19.a(nrf_cc3xx_platform_mutex.c.obj)
 .text.nrf_cc3xx_platform_set_mutexes
                0x0000000000004090       0x74 /home/mbedsyst/ncs/v3.0.0/nrfxlib/crypto/nrf_cc310_platform/lib/cortex-m4/soft-float/no-interrupts/libnrf_cc310_platform_0.9.19.a(nrf_cc3xx_platform_mutex.c.obj)
                0x0000000000004090                nrf_cc3xx_platform_set_mutexes
 .text.CC_LibInitNoRng
                0x0000000000004104       0x64 /home/mbedsyst/ncs/v3.0.0/nrfxlib/crypto/nrf_cc310_platform/lib/cortex-m4/soft-float/no-interrupts/libnrf_cc310_platform_0.9.19.a(cc_lib.c.obj)
                0x0000000000004104                CC_LibInitNoRng
 .text.CC_HalInit
                0x0000000000004168        0x4 /home/mbedsyst/ncs/v3.0.0/nrfxlib/crypto/nrf_cc310_platform/lib/cortex-m4/soft-float/no-interrupts/libnrf_cc310_platform_0.9.19.a(cc_hal.c.obj)
                0x0000000000004168                CC_HalInit
 .text.CC_HalTerminate
                0x000000000000416c        0x4 /home/mbedsyst/ncs/v3.0.0/nrfxlib/crypto/nrf_cc310_platform/lib/cortex-m4/soft-float/no-interrupts/libnrf_cc310_platform_0.9.19.a(cc_hal.c.obj)
                0x000000000000416c                CC_HalTerminate
 .text.CC_HalMaskInterrupt
                0x0000000000004170        0xc /home/mbedsyst/ncs/v3.0.0/nrfxlib/crypto/nrf_cc310_platform/lib/cortex-m4/soft-float/no-interrupts/libnrf_cc310_platform_0.9.19.a(cc_hal.c.obj)
                0x0000000000004170                CC_HalMaskInterrupt
 .text.CC_PalInit
                0x000000000000417c       0x5c /home/mbedsyst/ncs/v3.0.0/nrfxlib/crypto/nrf_cc310_platform/lib/cortex-m4/soft-float/no-interrupts/libnrf_cc310_platform_0.9.19.a(cc_pal.c.obj)
                0x000000000000417c                CC_PalInit
 .text.CC_PalTerminate
                0x00000000000041d8       0x34 /home/mbedsyst/ncs/v3.0.0/nrfxlib/crypto/nrf_cc310_platform/lib/cortex-m4/soft-float/no-interrupts/libnrf_cc310_platform_0.9.19.a(cc_pal.c.obj)
                0x00000000000041d8                CC_PalTerminate
 .text.CC_PalDmaInit
                0x000000000000420c        0x4 /home/mbedsyst/ncs/v3.0.0/nrfxlib/crypto/nrf_cc310_platform/lib/cortex-m4/soft-float/no-interrupts/libnrf_cc310_platform_0.9.19.a(cc_pal_dma.c.obj)
                0x000000000000420c                CC_PalDmaInit
 .text.CC_PalDmaTerminate
                0x0000000000004210        0x4 /home/mbedsyst/ncs/v3.0.0/nrfxlib/crypto/nrf_cc310_platform/lib/cortex-m4/soft-float/no-interrupts/libnrf_cc310_platform_0.9.19.a(cc_pal_dma.c.obj)
                0x0000000000004210                CC_PalDmaTerminate
 .text.CC_PalMutexCreate
                0x0000000000004214       0x14 /home/mbedsyst/ncs/v3.0.0/nrfxlib/crypto/nrf_cc310_platform/lib/cortex-m4/soft-float/no-interrupts/libnrf_cc310_platform_0.9.19.a(cc_pal_mutex.c.obj)
                0x0000000000004214                CC_PalMutexCreate
 .text.CC_PalMutexDestroy
                0x0000000000004228       0x14 /home/mbedsyst/ncs/v3.0.0/nrfxlib/crypto/nrf_cc310_platform/lib/cortex-m4/soft-float/no-interrupts/libnrf_cc310_platform_0.9.19.a(cc_pal_mutex.c.obj)
                0x0000000000004228                CC_PalMutexDestroy
 .text.CC_PalPowerSaveModeInit
                0x000000000000423c       0x3c /home/mbedsyst/ncs/v3.0.0/nrfxlib/crypto/nrf_cc310_platform/lib/cortex-m4/soft-float/no-interrupts/libnrf_cc310_platform_0.9.19.a(cc_pal_pm.c.obj)
                0x000000000000423c                CC_PalPowerSaveModeInit
 .text.CC_PalPowerSaveModeSelect
                0x0000000000004278       0x84 /home/mbedsyst/ncs/v3.0.0/nrfxlib/crypto/nrf_cc310_platform/lib/cortex-m4/soft-float/no-interrupts/libnrf_cc310_platform_0.9.19.a(cc_pal_pm.c.obj)
                0x0000000000004278                CC_PalPowerSaveModeSelect
 .text.__l_vfprintf
                0x00000000000042fc      0x4b8 /home/mbedsyst/ncs/toolchains/7cbc0036f4/opt/zephyr-sdk/arm-zephyr-eabi/bin/../lib/gcc/../../picolibc/arm-zephyr-eabi/lib/thumb/v7e-m/nofp/libc.a(libc_tinystdio_vflprintf.c.o)
                0x00000000000042fc                __l_vfprintf
 .text._OffsetAbsSyms
                0x00000000000047b4        0x2 zephyr/CMakeFiles/offsets.dir/./arch/arm/core/offsets/offsets.c.obj
                0x00000000000047b4                _OffsetAbsSyms
 .text.blink_cb
                0x00000000000047b6       0x10 app/libapp.a(led_controller.c.obj)
 .text.gpio_pin_set_dt.isra.0
                0x00000000000047c6       0x28 app/libapp.a(led_controller.c.obj)
 .text.chunk_field
                0x00000000000047ee       0x16 zephyr/libzephyr.a(heap.c.obj)
 .text.chunk_set
                0x0000000000004804       0x16 zephyr/libzephyr.a(heap.c.obj)
 .text.chunk_size
                0x000000000000481a        0xc zephyr/libzephyr.a(heap.c.obj)
 .text.set_chunk_used
                0x0000000000004826       0x30 zephyr/libzephyr.a(heap.c.obj)
 .text.set_chunk_size
                0x0000000000004856        0x8 zephyr/libzephyr.a(heap.c.obj)
 .text.bucket_idx.isra.0
                0x000000000000485e       0x1c zephyr/libzephyr.a(heap.c.obj)
 .text.free_list_add
                0x000000000000487a       0x84 zephyr/libzephyr.a(heap.c.obj)
 .text.sys_heap_init
                0x00000000000048fe       0xb0 zephyr/libzephyr.a(heap.c.obj)
                0x00000000000048fe                sys_heap_init
 .text.arch_printk_char_out
                0x00000000000049ae        0x4 zephyr/libzephyr.a(printk.c.obj)
                0x00000000000049ae                arch_printk_char_out
 .text.printk   0x00000000000049b2       0x1a zephyr/libzephyr.a(printk.c.obj)
                0x00000000000049b2                printk
 .text.process_recheck
                0x00000000000049cc       0x38 zephyr/libzephyr.a(onoff.c.obj)
 .text.validate_args
                0x0000000000004a04       0x20 zephyr/libzephyr.a(onoff.c.obj)
 .text.notify_one
                0x0000000000004a24       0x2c zephyr/libzephyr.a(onoff.c.obj)
 .text.transition_complete
                0x0000000000004a50       0x1a zephyr/libzephyr.a(onoff.c.obj)
 .text.onoff_manager_init
                0x0000000000004a6a       0x26 zephyr/libzephyr.a(onoff.c.obj)
                0x0000000000004a6a                onoff_manager_init
 .text.onoff_request
                0x0000000000004a90       0xae zephyr/libzephyr.a(onoff.c.obj)
                0x0000000000004a90                onoff_request
 .text.sys_notify_validate
                0x0000000000004b3e       0x22 zephyr/libzephyr.a(notify.c.obj)
                0x0000000000004b3e                sys_notify_validate
 .text.sys_notify_finalize
                0x0000000000004b60       0x1a zephyr/libzephyr.a(notify.c.obj)
                0x0000000000004b60                sys_notify_finalize
 .text._ConfigAbsSyms
                0x0000000000004b7a        0x2 zephyr/libzephyr.a(configs.c.obj)
                0x0000000000004b7a                _ConfigAbsSyms
 .text.abort_function
                0x0000000000004b7c        0x8 zephyr/libzephyr.a(nrf_cc3xx_platform_abort_zephyr.c.obj)
 .text.z_arm_fatal_error
                0x0000000000004b84        0xc zephyr/arch/arch/arm/core/libarch__arm__core.a(fatal.c.obj)
                0x0000000000004b84                z_arm_fatal_error
 .text.z_do_kernel_oops
                0x0000000000004b90        0x8 zephyr/arch/arch/arm/core/libarch__arm__core.a(fatal.c.obj)
                0x0000000000004b90                z_do_kernel_oops
 .text.z_arm_nmi
                0x0000000000004b98        0xe zephyr/arch/arch/arm/core/libarch__arm__core.a(nmi.c.obj)
                0x0000000000004b98                z_arm_nmi
 .text.z_irq_spurious
                0x0000000000004ba6        0x8 zephyr/arch/arch/arm/core/cortex_m/libarch__arm__core__cortex_m.a(irq_manage.c.obj)
                0x0000000000004ba6                z_irq_spurious
 .text.arch_irq_unlock_outlined
                0x0000000000004bae        0xe zephyr/arch/arch/arm/core/cortex_m/libarch__arm__core__cortex_m.a(thread.c.obj)
                0x0000000000004bae                arch_irq_unlock_outlined
 .text.arch_cpu_idle
                0x0000000000004bbc       0x1a zephyr/arch/arch/arm/core/cortex_m/libarch__arm__core__cortex_m.a(cpu_idle.c.obj)
                0x0000000000004bbc                arch_cpu_idle
 .text.arch_cpu_atomic_idle
                0x0000000000004bd6       0x1e zephyr/arch/arch/arm/core/cortex_m/libarch__arm__core__cortex_m.a(cpu_idle.c.obj)
                0x0000000000004bd6                arch_cpu_atomic_idle
 .text.size_to_mpu_rasr_size
                0x0000000000004bf4       0x20 zephyr/arch/arch/arm/core/mpu/libarch__arm__core__mpu.a(arm_mpu.c.obj)
 .text.picolibc_put
                0x0000000000004c14        0xa zephyr/lib/libc/picolibc/liblib__libc__picolibc.a(stdio.c.obj)
 .text.get_status
                0x0000000000004c1e       0x12 zephyr/drivers/clock_control/libdrivers__clock_control.a(clock_control_nrf.c.obj)
 .text.stop     0x0000000000004c30       0x52 zephyr/drivers/clock_control/libdrivers__clock_control.a(clock_control_nrf.c.obj)
 .text.api_stop
                0x0000000000004c82        0x6 zephyr/drivers/clock_control/libdrivers__clock_control.a(clock_control_nrf.c.obj)
 .text.async_start
                0x0000000000004c88       0x5c zephyr/drivers/clock_control/libdrivers__clock_control.a(clock_control_nrf.c.obj)
 .text.api_start
                0x0000000000004ce4        0xe zephyr/drivers/clock_control/libdrivers__clock_control.a(clock_control_nrf.c.obj)
 .text.onoff_started_callback
                0x0000000000004cf2       0x12 zephyr/drivers/clock_control/libdrivers__clock_control.a(clock_control_nrf.c.obj)
 .text.lfclk_start
                0x0000000000004d04        0x6 zephyr/drivers/clock_control/libdrivers__clock_control.a(clock_control_nrf.c.obj)
 .text.lfclk_stop
                0x0000000000004d0a        0x6 zephyr/drivers/clock_control/libdrivers__clock_control.a(clock_control_nrf.c.obj)
 .text.blocking_start_callback
                0x0000000000004d10        0x6 zephyr/drivers/clock_control/libdrivers__clock_control.a(clock_control_nrf.c.obj)
 .text.gpio_nrfx_port_get_raw
                0x0000000000004d16        0xe zephyr/drivers/gpio/libdrivers__gpio.a(gpio_nrfx.c.obj)
 .text.gpio_nrfx_port_set_masked_raw
                0x0000000000004d24       0x18 zephyr/drivers/gpio/libdrivers__gpio.a(gpio_nrfx.c.obj)
 .text.gpio_nrfx_port_set_bits_raw
                0x0000000000004d3c        0xc zephyr/drivers/gpio/libdrivers__gpio.a(gpio_nrfx.c.obj)
 .text.gpio_nrfx_port_clear_bits_raw
                0x0000000000004d48        0xc zephyr/drivers/gpio/libdrivers__gpio.a(gpio_nrfx.c.obj)
 .text.gpio_nrfx_port_toggle_bits
                0x0000000000004d54       0x1a zephyr/drivers/gpio/libdrivers__gpio.a(gpio_nrfx.c.obj)
 .text.gpio_nrfx_manage_callback
                0x0000000000004d6e       0x52 zephyr/drivers/gpio/libdrivers__gpio.a(gpio_nrfx.c.obj)
 .text.pinctrl_lookup_state
                0x0000000000004dc0       0x26 zephyr/drivers/pinctrl/libdrivers__pinctrl.a(common.c.obj)
                0x0000000000004dc0                pinctrl_lookup_state
 .text.uarte_nrfx_err_check
                0x0000000000004de6        0xe zephyr/drivers/serial/libdrivers__serial.a(uart_nrfx_uarte.c.obj)
 .text.uarte_nrfx_poll_in
                0x0000000000004df4       0x26 zephyr/drivers/serial/libdrivers__serial.a(uart_nrfx_uarte.c.obj)
 .text.is_tx_ready.isra.0
                0x0000000000004e1a       0x20 zephyr/drivers/serial/libdrivers__serial.a(uart_nrfx_uarte.c.obj)
 .text.uarte_nrfx_isr_int
                0x0000000000004e3a       0x42 zephyr/drivers/serial/libdrivers__serial.a(uart_nrfx_uarte.c.obj)
 .text.event_clear
                0x0000000000004e7c       0x18 zephyr/drivers/timer/libdrivers__timer.a(nrf_rtc_timer.c.obj)
 .text.hw_cc3xx_init_internal
                0x0000000000004e94        0x4 modules/nrf/drivers/hw_cc3xx/lib..__nrf__drivers__hw_cc3xx.a(hw_cc3xx.c.obj)
 .text.hw_cc3xx_init
                0x0000000000004e98       0x12 modules/nrf/drivers/hw_cc3xx/lib..__nrf__drivers__hw_cc3xx.a(hw_cc3xx.c.obj)
 .text.nrfx_isr
                0x0000000000004eaa        0x2 modules/hal_nordic/modules/hal_nordic/nrfx/libmodules__hal_nordic__nrfx.a(nrfx_glue.c.obj)
                0x0000000000004eaa                nrfx_isr
 .text.nrfx_busy_wait
                0x0000000000004eac        0x4 modules/hal_nordic/modules/hal_nordic/nrfx/libmodules__hal_nordic__nrfx.a(nrfx_glue.c.obj)
                0x0000000000004eac                nrfx_busy_wait
 .text.nrfx_gppi_channel_endpoints_setup
                0x0000000000004eb0       0x14 modules/hal_nordic/modules/hal_nordic/nrfx/libmodules__hal_nordic__nrfx.a(nrfx_gppi_ppi.c.obj)
                0x0000000000004eb0                nrfx_gppi_channel_endpoints_setup
 .text.nrfx_gppi_channel_alloc
                0x0000000000004ec4        0x4 modules/hal_nordic/modules/hal_nordic/nrfx/libmodules__hal_nordic__nrfx.a(nrfx_gppi_ppi.c.obj)
                0x0000000000004ec4                nrfx_gppi_channel_alloc
 .text.nrfx_clock_stop
                0x0000000000004ec8        0x4 modules/hal_nordic/modules/hal_nordic/nrfx/libmodules__hal_nordic__nrfx.a(nrfx_clock.c.obj)
                0x0000000000004ec8                nrfx_clock_stop
 .text.nrf_gpio_reconfigure
                0x0000000000004ecc       0x92 modules/hal_nordic/modules/hal_nordic/nrfx/libmodules__hal_nordic__nrfx.a(nrfx_gpiote.c.obj)
 .text.nrf_gpio_cfg_sense_set
                0x0000000000004f5e       0x1e modules/hal_nordic/modules/hal_nordic/nrfx/libmodules__hal_nordic__nrfx.a(nrfx_gpiote.c.obj)
 .text.pin_trigger_disable
                0x0000000000004f7c       0x48 modules/hal_nordic/modules/hal_nordic/nrfx/libmodules__hal_nordic__nrfx.a(nrfx_gpiote.c.obj)
 .text.nrfx_gpiote_pin_uninit
                0x0000000000004fc4        0x4 modules/hal_nordic/modules/hal_nordic/nrfx/libmodules__hal_nordic__nrfx.a(nrfx_gpiote.c.obj)
                0x0000000000004fc4                nrfx_gpiote_pin_uninit
 .text.nrfx_gpiote_trigger_disable
                0x0000000000004fc8        0x4 modules/hal_nordic/modules/hal_nordic/nrfx/libmodules__hal_nordic__nrfx.a(nrfx_gpiote.c.obj)
                0x0000000000004fc8                nrfx_gpiote_trigger_disable
 .text.rtt_init
                0x0000000000004fcc        0xa modules/segger/libmodules__segger.a(SEGGER_RTT_zephyr.c.obj)
 .text.z_impl_k_busy_wait
                0x0000000000004fd6        0x8 zephyr/kernel/libkernel.a(busy_wait.c.obj)
                0x0000000000004fd6                z_impl_k_busy_wait
 .text.z_device_state_init
                0x0000000000004fde        0x2 zephyr/kernel/libkernel.a(device.c.obj)
                0x0000000000004fde                z_device_state_init
 .text.z_impl_device_is_ready
                0x0000000000004fe0       0x16 zephyr/kernel/libkernel.a(device.c.obj)
                0x0000000000004fe0                z_impl_device_is_ready
 .text.arch_system_halt
                0x0000000000004ff6       0x10 zephyr/kernel/libkernel.a(fatal.c.obj)
                0x0000000000004ff6                arch_system_halt
 .text.k_sys_fatal_error_handler
                0x0000000000005006        0x6 zephyr/kernel/libkernel.a(fatal.c.obj)
                0x0000000000005006                k_sys_fatal_error_handler
 .text.do_device_init
                0x000000000000500c       0x30 zephyr/kernel/libkernel.a(init.c.obj)
 .text.z_early_memset
                0x000000000000503c        0x4 zephyr/kernel/libkernel.a(init.c.obj)
                0x000000000000503c                z_early_memset
 .text.z_early_memcpy
                0x0000000000005040        0x4 zephyr/kernel/libkernel.a(init.c.obj)
                0x0000000000005040                z_early_memcpy
 .text.z_init_static
                0x0000000000005044        0x2 zephyr/kernel/libkernel.a(init_static.c.obj)
                0x0000000000005044                z_init_static
 .text.create_free_list
                0x0000000000005046       0x34 zephyr/kernel/libkernel.a(mem_slab.c.obj)
 .text.k_mem_slab_init
                0x000000000000507a       0x1c zephyr/kernel/libkernel.a(mem_slab.c.obj)
                0x000000000000507a                k_mem_slab_init
 .text.k_mem_slab_free
                0x0000000000005096       0x6e zephyr/kernel/libkernel.a(mem_slab.c.obj)
                0x0000000000005096                k_mem_slab_free
 .text.idle     0x0000000000005104       0x16 zephyr/kernel/libkernel.a(idle.c.obj)
                0x0000000000005104                idle
 .text.adjust_owner_prio.isra.0
                0x000000000000511a       0x10 zephyr/kernel/libkernel.a(mutex.c.obj)
 .text.z_impl_k_mutex_init
                0x000000000000512a        0xe zephyr/kernel/libkernel.a(mutex.c.obj)
                0x000000000000512a                z_impl_k_mutex_init
 .text.k_is_in_isr
                0x0000000000005138        0xc zephyr/kernel/libkernel.a(thread.c.obj)
                0x0000000000005138                k_is_in_isr
 .text.sys_dlist_remove
                0x0000000000005144       0x10 zephyr/kernel/libkernel.a(sched.c.obj)
 .text.unpend_thread_no_timeout
                0x0000000000005154       0x14 zephyr/kernel/libkernel.a(sched.c.obj)
 .text.add_to_waitq_locked
                0x0000000000005168       0x50 zephyr/kernel/libkernel.a(sched.c.obj)
 .text.z_ready_thread
                0x00000000000051b8       0x1e zephyr/kernel/libkernel.a(sched.c.obj)
                0x00000000000051b8                z_ready_thread
 .text.z_unpend_thread_no_timeout
                0x00000000000051d6       0x22 zephyr/kernel/libkernel.a(sched.c.obj)
                0x00000000000051d6                z_unpend_thread_no_timeout
 .text.z_sched_wake_thread
                0x00000000000051f8       0x3a zephyr/kernel/libkernel.a(sched.c.obj)
                0x00000000000051f8                z_sched_wake_thread
 .text.z_thread_timeout
                0x0000000000005232        0x8 zephyr/kernel/libkernel.a(sched.c.obj)
                0x0000000000005232                z_thread_timeout
 .text.z_unpend1_no_timeout
                0x000000000000523a       0x2c zephyr/kernel/libkernel.a(sched.c.obj)
                0x000000000000523a                z_unpend1_no_timeout
 .text.z_impl_k_sleep
                0x0000000000005266       0x32 zephyr/kernel/libkernel.a(sched.c.obj)
                0x0000000000005266                z_impl_k_sleep
 .text.next_timeout
                0x0000000000005298       0x32 zephyr/kernel/libkernel.a(timeout.c.obj)
 .text.z_abort_timeout
                0x00000000000052ca       0x42 zephyr/kernel/libkernel.a(timeout.c.obj)
                0x00000000000052ca                z_abort_timeout
 .text.sys_clock_tick_get_32
                0x000000000000530c        0x8 zephyr/kernel/libkernel.a(timeout.c.obj)
                0x000000000000530c                sys_clock_tick_get_32
 .text.z_impl_k_uptime_ticks
                0x0000000000005314        0x4 zephyr/kernel/libkernel.a(timeout.c.obj)
                0x0000000000005314                z_impl_k_uptime_ticks
 .text.k_timer_init
                0x0000000000005318       0x18 zephyr/kernel/libkernel.a(timer.c.obj)
                0x0000000000005318                k_timer_init
 .text.z_impl_k_timer_stop
                0x0000000000005330       0x38 zephyr/kernel/libkernel.a(timer.c.obj)
                0x0000000000005330                z_impl_k_timer_stop
 .text.memcpy   0x0000000000005368       0x1c /home/mbedsyst/ncs/toolchains/7cbc0036f4/opt/zephyr-sdk/arm-zephyr-eabi/bin/../lib/gcc/../../picolibc/arm-zephyr-eabi/lib/thumb/v7e-m/nofp/libc.a(memcpy.c.o)
                0x0000000000005368                memcpy
                0x0000000000005368                __aeabi_memcpy
                0x0000000000005368                __aeabi_memcpy4
                0x0000000000005368                __aeabi_memcpy8
 .text.memset   0x0000000000005384       0x10 /home/mbedsyst/ncs/toolchains/7cbc0036f4/opt/zephyr-sdk/arm-zephyr-eabi/bin/../lib/gcc/../../picolibc/arm-zephyr-eabi/lib/thumb/v7e-m/nofp/libc.a(memset.c.o)
                0x0000000000005384                memset
 .text.strnlen  0x0000000000005394       0x18 /home/mbedsyst/ncs/toolchains/7cbc0036f4/opt/zephyr-sdk/arm-zephyr-eabi/bin/../lib/gcc/../../picolibc/arm-zephyr-eabi/lib/thumb/v7e-m/nofp/libc.a(libc_string_strnlen.c.o)
                0x0000000000005394                strnlen
 .text.__ultoa_invert
                0x00000000000053ac       0xae /home/mbedsyst/ncs/toolchains/7cbc0036f4/opt/zephyr-sdk/arm-zephyr-eabi/bin/../lib/gcc/../../picolibc/arm-zephyr-eabi/lib/thumb/v7e-m/nofp/libc.a(libc_tinystdio_vflprintf.c.o)
 *(SORT_BY_ALIGNMENT(.TEXT.*))
 *fill*         0x000000000000545a        0x2 
 .TEXT.__aeabi_read_tp
                0x000000000000545c        0xc zephyr/arch/arch/arm/core/cortex_m/libarch__arm__core__cortex_m.a(__aeabi_read_tp.S.obj)
                0x000000000000545c                __aeabi_read_tp
 *(SORT_BY_ALIGNMENT(.gnu.linkonce.t.*))
 *(SORT_BY_ALIGNMENT(.glue_7t))
 .glue_7t       0x0000000000005468        0x0 linker stubs
 *(SORT_BY_ALIGNMENT(.glue_7))
 .glue_7        0x0000000000005468        0x0 linker stubs
 *(SORT_BY_ALIGNMENT(.vfp11_veneer))
 .vfp11_veneer  0x0000000000005468        0x0 linker stubs
 *(SORT_BY_ALIGNMENT(.v4_bx))
 .v4_bx         0x0000000000005468        0x0 linker stubs
                0x0000000000005468                . = ALIGN (0x4)
                0x0000000000005468                __text_region_end = .

.ARM.exidx      0x0000000000005468        0x0
                0x0000000000005468                __exidx_start = .
 *(SORT_BY_ALIGNMENT(.ARM.exidx*) SORT_BY_ALIGNMENT(gnu.linkonce.armexidx.*))
                0x0000000000005468                __exidx_end = .
                0x0000000000005468                __rodata_region_start = .

initlevel       0x0000000000005468       0x60
                0x0000000000005468                __init_start = .
                0x0000000000005468                __init_EARLY_start = .
 *(SORT_BY_NAME(SORT_BY_ALIGNMENT(.z_init_EARLY?_*)))
 *(SORT_BY_NAME(SORT_BY_ALIGNMENT(.z_init_EARLY??_*)))
                0x0000000000005468                __init_PRE_KERNEL_1_start = .
 *(SORT_BY_NAME(SORT_BY_ALIGNMENT(.z_init_PRE_KERNEL_1?_*)))
 .z_init_PRE_KERNEL_10_0_
                0x0000000000005468        0x8 zephyr/soc/soc/nrf52840/libsoc__nordic.a(soc.c.obj)
 *(SORT_BY_NAME(SORT_BY_ALIGNMENT(.z_init_PRE_KERNEL_1??_*)))
 .z_init_PRE_KERNEL_130_00075_
                0x0000000000005470        0x8 zephyr/drivers/clock_control/libdrivers__clock_control.a(clock_control_nrf.c.obj)
 .z_init_PRE_KERNEL_130_0_
                0x0000000000005478        0x8 modules/segger/libmodules__segger.a(SEGGER_RTT_zephyr.c.obj)
 .z_init_PRE_KERNEL_130_0_
                0x0000000000005480        0x8 zephyr/kernel/libkernel.a(mem_slab.c.obj)
 .z_init_PRE_KERNEL_140_00011_
                0x0000000000005488        0x8 zephyr/drivers/gpio/libdrivers__gpio.a(gpio_nrfx.c.obj)
 .z_init_PRE_KERNEL_140_00105_
                0x0000000000005490        0x8 zephyr/drivers/gpio/libdrivers__gpio.a(gpio_nrfx.c.obj)
 .z_init_PRE_KERNEL_140_0_
                0x0000000000005498        0x8 modules/nrf/drivers/hw_cc3xx/lib..__nrf__drivers__hw_cc3xx.a(hw_cc3xx.c.obj)
 .z_init_PRE_KERNEL_150_00113_
                0x00000000000054a0        0x8 zephyr/drivers/serial/libdrivers__serial.a(uart_nrfx_uarte.c.obj)
 .z_init_PRE_KERNEL_160_0_
                0x00000000000054a8        0x8 zephyr/drivers/console/libdrivers__console.a(uart_console.c.obj)
                0x00000000000054b0                __init_PRE_KERNEL_2_start = .
 *(SORT_BY_NAME(SORT_BY_ALIGNMENT(.z_init_PRE_KERNEL_2?_*)))
 .z_init_PRE_KERNEL_20_0_
                0x00000000000054b0        0x8 zephyr/drivers/timer/libdrivers__timer.a(nrf_rtc_timer.c.obj)
 *(SORT_BY_NAME(SORT_BY_ALIGNMENT(.z_init_PRE_KERNEL_2??_*)))
                0x00000000000054b8                __init_POST_KERNEL_start = .
 *(SORT_BY_NAME(SORT_BY_ALIGNMENT(.z_init_POST_KERNEL?_*)))
 *(SORT_BY_NAME(SORT_BY_ALIGNMENT(.z_init_POST_KERNEL??_*)))
 .z_init_POST_KERNEL35_0_
                0x00000000000054b8        0x8 zephyr/lib/libc/common/liblib__libc__common.a(malloc.c.obj)
 .z_init_POST_KERNEL40_0_
                0x00000000000054c0        0x8 modules/nrf/drivers/hw_cc3xx/lib..__nrf__drivers__hw_cc3xx.a(hw_cc3xx.c.obj)
                0x00000000000054c8                __init_APPLICATION_start = .
 *(SORT_BY_NAME(SORT_BY_ALIGNMENT(.z_init_APPLICATION?_*)))
 *(SORT_BY_NAME(SORT_BY_ALIGNMENT(.z_init_APPLICATION??_*)))
                0x00000000000054c8                __init_SMP_start = .
 *(SORT_BY_NAME(SORT_BY_ALIGNMENT(.z_init_SMP?_*)))
 *(SORT_BY_NAME(SORT_BY_ALIGNMENT(.z_init_SMP??_*)))
                0x00000000000054c8                __init_end = .
                0x00000000000054c8                __deferred_init_list_start = .
 *(SORT_BY_ALIGNMENT(.z_deferred_init*))
                0x00000000000054c8                __deferred_init_list_end = .

device_area     0x00000000000054c8       0x50
                0x00000000000054c8                _device_list_start = .
 *(SORT_BY_NAME(SORT_BY_ALIGNMENT(._device.static.*_?_*)))
 *(SORT_BY_NAME(SORT_BY_ALIGNMENT(._device.static.*_??_*)))
 ._device.static.1_30_
                0x00000000000054c8       0x14 zephyr/drivers/clock_control/libdrivers__clock_control.a(clock_control_nrf.c.obj)
                0x00000000000054c8                __device_dts_ord_75
 ._device.static.1_40_
                0x00000000000054dc       0x28 zephyr/drivers/gpio/libdrivers__gpio.a(gpio_nrfx.c.obj)
                0x00000000000054dc                __device_dts_ord_105
                0x00000000000054f0                __device_dts_ord_11
 ._device.static.1_50_
                0x0000000000005504       0x14 zephyr/drivers/serial/libdrivers__serial.a(uart_nrfx_uarte.c.obj)
                0x0000000000005504                __device_dts_ord_113
                0x0000000000005518                _device_list_end = .

sw_isr_table    0x0000000000005518      0x180
                0x0000000000005518                . = ALIGN (0x4)
 *(SORT_BY_ALIGNMENT(.gnu.linkonce.sw_isr_table*))
 .gnu.linkonce.sw_isr_table
                0x0000000000005518      0x180 zephyr/arch/common/libisr_tables.a(isr_tables.c.obj)
                0x0000000000005518                _sw_isr_table

initlevel_error
                0x0000000000005468        0x0
 *(SORT_BY_NAME(SORT_BY_ALIGNMENT(.z_init_[_A-Z0-9]*)))
                0x0000000000000001                ASSERT ((SIZEOF (initlevel_error) == 0x0), Undefined initialization levels used.)

app_shmem_regions
                0x0000000000005698        0x0
                0x0000000000005698                __app_shmem_regions_start = .
 *(SORT_BY_NAME(SORT_BY_ALIGNMENT(.app_regions.*)))
                0x0000000000005698                __app_shmem_regions_end = .

k_p4wq_initparam_area
                0x0000000000005698        0x0
                0x0000000000005698                _k_p4wq_initparam_list_start = .
 *(SORT_BY_NAME(SORT_BY_ALIGNMENT(._k_p4wq_initparam.static.*)))
                0x0000000000005698                _k_p4wq_initparam_list_end = .

_static_thread_data_area
                0x0000000000005698        0x0
                0x0000000000005698                __static_thread_data_list_start = .
 *(SORT_BY_NAME(SORT_BY_ALIGNMENT(.__static_thread_data.static.*)))
                0x0000000000005698                __static_thread_data_list_end = .

device_deps     0x0000000000005698        0x0
                0x0000000000005698                __device_deps_start = .
 *(SORT_BY_NAME(SORT_BY_ALIGNMENT(.__device_deps_pass2*)))
                0x0000000000005698                __device_deps_end = .

gpio_driver_api_area
                0x0000000000005698       0x24
                0x0000000000005698                _gpio_driver_api_list_start = .
 *(SORT_BY_NAME(SORT_BY_ALIGNMENT(._gpio_driver_api.static.*)))
 ._gpio_driver_api.static.gpio_nrfx_drv_api_funcs_
                0x0000000000005698       0x24 zephyr/drivers/gpio/libdrivers__gpio.a(gpio_nrfx.c.obj)
                0x00000000000056bc                _gpio_driver_api_list_end = .

shared_irq_driver_api_area
                0x00000000000056bc        0x0
                0x00000000000056bc                _shared_irq_driver_api_list_start = .
 *(SORT_BY_NAME(SORT_BY_ALIGNMENT(._shared_irq_driver_api.static.*)))
                0x00000000000056bc                _shared_irq_driver_api_list_end = .

crypto_driver_api_area
                0x00000000000056bc        0x0
                0x00000000000056bc                _crypto_driver_api_list_start = .
 *(SORT_BY_NAME(SORT_BY_ALIGNMENT(._crypto_driver_api.static.*)))
                0x00000000000056bc                _crypto_driver_api_list_end = .

adc_driver_api_area
                0x00000000000056bc        0x0
                0x00000000000056bc                _adc_driver_api_list_start = .
 *(SORT_BY_NAME(SORT_BY_ALIGNMENT(._adc_driver_api.static.*)))
                0x00000000000056bc                _adc_driver_api_list_end = .

auxdisplay_driver_api_area
                0x00000000000056bc        0x0
                0x00000000000056bc                _auxdisplay_driver_api_list_start = .
 *(SORT_BY_NAME(SORT_BY_ALIGNMENT(._auxdisplay_driver_api.static.*)))
                0x00000000000056bc                _auxdisplay_driver_api_list_end = .

bbram_driver_api_area
                0x00000000000056bc        0x0
                0x00000000000056bc                _bbram_driver_api_list_start = .
 *(SORT_BY_NAME(SORT_BY_ALIGNMENT(._bbram_driver_api.static.*)))
                0x00000000000056bc                _bbram_driver_api_list_end = .

bt_hci_driver_api_area
                0x00000000000056bc        0x0
                0x00000000000056bc                _bt_hci_driver_api_list_start = .
 *(SORT_BY_NAME(SORT_BY_ALIGNMENT(._bt_hci_driver_api.static.*)))
                0x00000000000056bc                _bt_hci_driver_api_list_end = .

can_driver_api_area
                0x00000000000056bc        0x0
                0x00000000000056bc                _can_driver_api_list_start = .
 *(SORT_BY_NAME(SORT_BY_ALIGNMENT(._can_driver_api.static.*)))
                0x00000000000056bc                _can_driver_api_list_end = .

cellular_driver_api_area
                0x00000000000056bc        0x0
                0x00000000000056bc                _cellular_driver_api_list_start = .
 *(SORT_BY_NAME(SORT_BY_ALIGNMENT(._cellular_driver_api.static.*)))
                0x00000000000056bc                _cellular_driver_api_list_end = .

charger_driver_api_area
                0x00000000000056bc        0x0
                0x00000000000056bc                _charger_driver_api_list_start = .
 *(SORT_BY_NAME(SORT_BY_ALIGNMENT(._charger_driver_api.static.*)))
                0x00000000000056bc                _charger_driver_api_list_end = .

clock_control_driver_api_area
                0x00000000000056bc       0x1c
                0x00000000000056bc                _clock_control_driver_api_list_start = .
 *(SORT_BY_NAME(SORT_BY_ALIGNMENT(._clock_control_driver_api.static.*)))
 ._clock_control_driver_api.static.clock_control_api_
                0x00000000000056bc       0x1c zephyr/drivers/clock_control/libdrivers__clock_control.a(clock_control_nrf.c.obj)
                0x00000000000056d8                _clock_control_driver_api_list_end = .

comparator_driver_api_area
                0x00000000000056d8        0x0
                0x00000000000056d8                _comparator_driver_api_list_start = .
 *(SORT_BY_NAME(SORT_BY_ALIGNMENT(._comparator_driver_api.static.*)))
                0x00000000000056d8                _comparator_driver_api_list_end = .

coredump_driver_api_area
                0x00000000000056d8        0x0
                0x00000000000056d8                _coredump_driver_api_list_start = .
 *(SORT_BY_NAME(SORT_BY_ALIGNMENT(._coredump_driver_api.static.*)))
                0x00000000000056d8                _coredump_driver_api_list_end = .

counter_driver_api_area
                0x00000000000056d8        0x0
                0x00000000000056d8                _counter_driver_api_list_start = .
 *(SORT_BY_NAME(SORT_BY_ALIGNMENT(._counter_driver_api.static.*)))
                0x00000000000056d8                _counter_driver_api_list_end = .

dac_driver_api_area
                0x00000000000056d8        0x0
                0x00000000000056d8                _dac_driver_api_list_start = .
 *(SORT_BY_NAME(SORT_BY_ALIGNMENT(._dac_driver_api.static.*)))
                0x00000000000056d8                _dac_driver_api_list_end = .

dai_driver_api_area
                0x00000000000056d8        0x0
                0x00000000000056d8                _dai_driver_api_list_start = .
 *(SORT_BY_NAME(SORT_BY_ALIGNMENT(._dai_driver_api.static.*)))
                0x00000000000056d8                _dai_driver_api_list_end = .

display_driver_api_area
                0x00000000000056d8        0x0
                0x00000000000056d8                _display_driver_api_list_start = .
 *(SORT_BY_NAME(SORT_BY_ALIGNMENT(._display_driver_api.static.*)))
                0x00000000000056d8                _display_driver_api_list_end = .

dma_driver_api_area
                0x00000000000056d8        0x0
                0x00000000000056d8                _dma_driver_api_list_start = .
 *(SORT_BY_NAME(SORT_BY_ALIGNMENT(._dma_driver_api.static.*)))
                0x00000000000056d8                _dma_driver_api_list_end = .

edac_driver_api_area
                0x00000000000056d8        0x0
                0x00000000000056d8                _edac_driver_api_list_start = .
 *(SORT_BY_NAME(SORT_BY_ALIGNMENT(._edac_driver_api.static.*)))
                0x00000000000056d8                _edac_driver_api_list_end = .

eeprom_driver_api_area
                0x00000000000056d8        0x0
                0x00000000000056d8                _eeprom_driver_api_list_start = .
 *(SORT_BY_NAME(SORT_BY_ALIGNMENT(._eeprom_driver_api.static.*)))
                0x00000000000056d8                _eeprom_driver_api_list_end = .

emul_bbram_driver_api_area
                0x00000000000056d8        0x0
                0x00000000000056d8                _emul_bbram_driver_api_list_start = .
 *(SORT_BY_NAME(SORT_BY_ALIGNMENT(._emul_bbram_driver_api.static.*)))
                0x00000000000056d8                _emul_bbram_driver_api_list_end = .

fuel_gauge_emul_driver_api_area
                0x00000000000056d8        0x0
                0x00000000000056d8                _fuel_gauge_emul_driver_api_list_start = .
 *(SORT_BY_NAME(SORT_BY_ALIGNMENT(._fuel_gauge_emul_driver_api.static.*)))
                0x00000000000056d8                _fuel_gauge_emul_driver_api_list_end = .

emul_sensor_driver_api_area
                0x00000000000056d8        0x0
                0x00000000000056d8                _emul_sensor_driver_api_list_start = .
 *(SORT_BY_NAME(SORT_BY_ALIGNMENT(._emul_sensor_driver_api.static.*)))
                0x00000000000056d8                _emul_sensor_driver_api_list_end = .

entropy_driver_api_area
                0x00000000000056d8        0x0
                0x00000000000056d8                _entropy_driver_api_list_start = .
 *(SORT_BY_NAME(SORT_BY_ALIGNMENT(._entropy_driver_api.static.*)))
                0x00000000000056d8                _entropy_driver_api_list_end = .

espi_driver_api_area
                0x00000000000056d8        0x0
                0x00000000000056d8                _espi_driver_api_list_start = .
 *(SORT_BY_NAME(SORT_BY_ALIGNMENT(._espi_driver_api.static.*)))
                0x00000000000056d8                _espi_driver_api_list_end = .

espi_saf_driver_api_area
                0x00000000000056d8        0x0
                0x00000000000056d8                _espi_saf_driver_api_list_start = .
 *(SORT_BY_NAME(SORT_BY_ALIGNMENT(._espi_saf_driver_api.static.*)))
                0x00000000000056d8                _espi_saf_driver_api_list_end = .

flash_driver_api_area
                0x00000000000056d8        0x0
                0x00000000000056d8                _flash_driver_api_list_start = .
 *(SORT_BY_NAME(SORT_BY_ALIGNMENT(._flash_driver_api.static.*)))
                0x00000000000056d8                _flash_driver_api_list_end = .

fpga_driver_api_area
                0x00000000000056d8        0x0
                0x00000000000056d8                _fpga_driver_api_list_start = .
 *(SORT_BY_NAME(SORT_BY_ALIGNMENT(._fpga_driver_api.static.*)))
                0x00000000000056d8                _fpga_driver_api_list_end = .

fuel_gauge_driver_api_area
                0x00000000000056d8        0x0
                0x00000000000056d8                _fuel_gauge_driver_api_list_start = .
 *(SORT_BY_NAME(SORT_BY_ALIGNMENT(._fuel_gauge_driver_api.static.*)))
                0x00000000000056d8                _fuel_gauge_driver_api_list_end = .

gnss_driver_api_area
                0x00000000000056d8        0x0
                0x00000000000056d8                _gnss_driver_api_list_start = .
 *(SORT_BY_NAME(SORT_BY_ALIGNMENT(._gnss_driver_api.static.*)))
                0x00000000000056d8                _gnss_driver_api_list_end = .

haptics_driver_api_area
                0x00000000000056d8        0x0
                0x00000000000056d8                _haptics_driver_api_list_start = .
 *(SORT_BY_NAME(SORT_BY_ALIGNMENT(._haptics_driver_api.static.*)))
                0x00000000000056d8                _haptics_driver_api_list_end = .

hwspinlock_driver_api_area
                0x00000000000056d8        0x0
                0x00000000000056d8                _hwspinlock_driver_api_list_start = .
 *(SORT_BY_NAME(SORT_BY_ALIGNMENT(._hwspinlock_driver_api.static.*)))
                0x00000000000056d8                _hwspinlock_driver_api_list_end = .

i2c_driver_api_area
                0x00000000000056d8        0x0
                0x00000000000056d8                _i2c_driver_api_list_start = .
 *(SORT_BY_NAME(SORT_BY_ALIGNMENT(._i2c_driver_api.static.*)))
                0x00000000000056d8                _i2c_driver_api_list_end = .

i2c_target_driver_api_area
                0x00000000000056d8        0x0
                0x00000000000056d8                _i2c_target_driver_api_list_start = .
 *(SORT_BY_NAME(SORT_BY_ALIGNMENT(._i2c_target_driver_api.static.*)))
                0x00000000000056d8                _i2c_target_driver_api_list_end = .

i2s_driver_api_area
                0x00000000000056d8        0x0
                0x00000000000056d8                _i2s_driver_api_list_start = .
 *(SORT_BY_NAME(SORT_BY_ALIGNMENT(._i2s_driver_api.static.*)))
                0x00000000000056d8                _i2s_driver_api_list_end = .

i3c_driver_api_area
                0x00000000000056d8        0x0
                0x00000000000056d8                _i3c_driver_api_list_start = .
 *(SORT_BY_NAME(SORT_BY_ALIGNMENT(._i3c_driver_api.static.*)))
                0x00000000000056d8                _i3c_driver_api_list_end = .

ipm_driver_api_area
                0x00000000000056d8        0x0
                0x00000000000056d8                _ipm_driver_api_list_start = .
 *(SORT_BY_NAME(SORT_BY_ALIGNMENT(._ipm_driver_api.static.*)))
                0x00000000000056d8                _ipm_driver_api_list_end = .

kscan_driver_api_area
                0x00000000000056d8        0x0
                0x00000000000056d8                _kscan_driver_api_list_start = .
 *(SORT_BY_NAME(SORT_BY_ALIGNMENT(._kscan_driver_api.static.*)))
                0x00000000000056d8                _kscan_driver_api_list_end = .

led_driver_api_area
                0x00000000000056d8        0x0
                0x00000000000056d8                _led_driver_api_list_start = .
 *(SORT_BY_NAME(SORT_BY_ALIGNMENT(._led_driver_api.static.*)))
                0x00000000000056d8                _led_driver_api_list_end = .

led_strip_driver_api_area
                0x00000000000056d8        0x0
                0x00000000000056d8                _led_strip_driver_api_list_start = .
 *(SORT_BY_NAME(SORT_BY_ALIGNMENT(._led_strip_driver_api.static.*)))
                0x00000000000056d8                _led_strip_driver_api_list_end = .

lora_driver_api_area
                0x00000000000056d8        0x0
                0x00000000000056d8                _lora_driver_api_list_start = .
 *(SORT_BY_NAME(SORT_BY_ALIGNMENT(._lora_driver_api.static.*)))
                0x00000000000056d8                _lora_driver_api_list_end = .

mbox_driver_api_area
                0x00000000000056d8        0x0
                0x00000000000056d8                _mbox_driver_api_list_start = .
 *(SORT_BY_NAME(SORT_BY_ALIGNMENT(._mbox_driver_api.static.*)))
                0x00000000000056d8                _mbox_driver_api_list_end = .

mdio_driver_api_area
                0x00000000000056d8        0x0
                0x00000000000056d8                _mdio_driver_api_list_start = .
 *(SORT_BY_NAME(SORT_BY_ALIGNMENT(._mdio_driver_api.static.*)))
                0x00000000000056d8                _mdio_driver_api_list_end = .

mipi_dbi_driver_api_area
                0x00000000000056d8        0x0
                0x00000000000056d8                _mipi_dbi_driver_api_list_start = .
 *(SORT_BY_NAME(SORT_BY_ALIGNMENT(._mipi_dbi_driver_api.static.*)))
                0x00000000000056d8                _mipi_dbi_driver_api_list_end = .

mipi_dsi_driver_api_area
                0x00000000000056d8        0x0
                0x00000000000056d8                _mipi_dsi_driver_api_list_start = .
 *(SORT_BY_NAME(SORT_BY_ALIGNMENT(._mipi_dsi_driver_api.static.*)))
                0x00000000000056d8                _mipi_dsi_driver_api_list_end = .

mspi_driver_api_area
                0x00000000000056d8        0x0
                0x00000000000056d8                _mspi_driver_api_list_start = .
 *(SORT_BY_NAME(SORT_BY_ALIGNMENT(._mspi_driver_api.static.*)))
                0x00000000000056d8                _mspi_driver_api_list_end = .

peci_driver_api_area
                0x00000000000056d8        0x0
                0x00000000000056d8                _peci_driver_api_list_start = .
 *(SORT_BY_NAME(SORT_BY_ALIGNMENT(._peci_driver_api.static.*)))
                0x00000000000056d8                _peci_driver_api_list_end = .

ps2_driver_api_area
                0x00000000000056d8        0x0
                0x00000000000056d8                _ps2_driver_api_list_start = .
 *(SORT_BY_NAME(SORT_BY_ALIGNMENT(._ps2_driver_api.static.*)))
                0x00000000000056d8                _ps2_driver_api_list_end = .

ptp_clock_driver_api_area
                0x00000000000056d8        0x0
                0x00000000000056d8                _ptp_clock_driver_api_list_start = .
 *(SORT_BY_NAME(SORT_BY_ALIGNMENT(._ptp_clock_driver_api.static.*)))
                0x00000000000056d8                _ptp_clock_driver_api_list_end = .

pwm_driver_api_area
                0x00000000000056d8        0x0
                0x00000000000056d8                _pwm_driver_api_list_start = .
 *(SORT_BY_NAME(SORT_BY_ALIGNMENT(._pwm_driver_api.static.*)))
                0x00000000000056d8                _pwm_driver_api_list_end = .

regulator_parent_driver_api_area
                0x00000000000056d8        0x0
                0x00000000000056d8                _regulator_parent_driver_api_list_start = .
 *(SORT_BY_NAME(SORT_BY_ALIGNMENT(._regulator_parent_driver_api.static.*)))
                0x00000000000056d8                _regulator_parent_driver_api_list_end = .

regulator_driver_api_area
                0x00000000000056d8        0x0
                0x00000000000056d8                _regulator_driver_api_list_start = .
 *(SORT_BY_NAME(SORT_BY_ALIGNMENT(._regulator_driver_api.static.*)))
                0x00000000000056d8                _regulator_driver_api_list_end = .

reset_driver_api_area
                0x00000000000056d8        0x0
                0x00000000000056d8                _reset_driver_api_list_start = .
 *(SORT_BY_NAME(SORT_BY_ALIGNMENT(._reset_driver_api.static.*)))
                0x00000000000056d8                _reset_driver_api_list_end = .

retained_mem_driver_api_area
                0x00000000000056d8        0x0
                0x00000000000056d8                _retained_mem_driver_api_list_start = .
 *(SORT_BY_NAME(SORT_BY_ALIGNMENT(._retained_mem_driver_api.static.*)))
                0x00000000000056d8                _retained_mem_driver_api_list_end = .

rtc_driver_api_area
                0x00000000000056d8        0x0
                0x00000000000056d8                _rtc_driver_api_list_start = .
 *(SORT_BY_NAME(SORT_BY_ALIGNMENT(._rtc_driver_api.static.*)))
                0x00000000000056d8                _rtc_driver_api_list_end = .

sdhc_driver_api_area
                0x00000000000056d8        0x0
                0x00000000000056d8                _sdhc_driver_api_list_start = .
 *(SORT_BY_NAME(SORT_BY_ALIGNMENT(._sdhc_driver_api.static.*)))
                0x00000000000056d8                _sdhc_driver_api_list_end = .

sensor_driver_api_area
                0x00000000000056d8        0x0
                0x00000000000056d8                _sensor_driver_api_list_start = .
 *(SORT_BY_NAME(SORT_BY_ALIGNMENT(._sensor_driver_api.static.*)))
                0x00000000000056d8                _sensor_driver_api_list_end = .

smbus_driver_api_area
                0x00000000000056d8        0x0
                0x00000000000056d8                _smbus_driver_api_list_start = .
 *(SORT_BY_NAME(SORT_BY_ALIGNMENT(._smbus_driver_api.static.*)))
                0x00000000000056d8                _smbus_driver_api_list_end = .

spi_driver_api_area
                0x00000000000056d8        0x0
                0x00000000000056d8                _spi_driver_api_list_start = .
 *(SORT_BY_NAME(SORT_BY_ALIGNMENT(._spi_driver_api.static.*)))
                0x00000000000056d8                _spi_driver_api_list_end = .

stepper_driver_api_area
                0x00000000000056d8        0x0
                0x00000000000056d8                _stepper_driver_api_list_start = .
 *(SORT_BY_NAME(SORT_BY_ALIGNMENT(._stepper_driver_api.static.*)))
                0x00000000000056d8                _stepper_driver_api_list_end = .

syscon_driver_api_area
                0x00000000000056d8        0x0
                0x00000000000056d8                _syscon_driver_api_list_start = .
 *(SORT_BY_NAME(SORT_BY_ALIGNMENT(._syscon_driver_api.static.*)))
                0x00000000000056d8                _syscon_driver_api_list_end = .

tee_driver_api_area
                0x00000000000056d8        0x0
                0x00000000000056d8                _tee_driver_api_list_start = .
 *(SORT_BY_NAME(SORT_BY_ALIGNMENT(._tee_driver_api.static.*)))
                0x00000000000056d8                _tee_driver_api_list_end = .

video_driver_api_area
                0x00000000000056d8        0x0
                0x00000000000056d8                _video_driver_api_list_start = .
 *(SORT_BY_NAME(SORT_BY_ALIGNMENT(._video_driver_api.static.*)))
                0x00000000000056d8                _video_driver_api_list_end = .

w1_driver_api_area
                0x00000000000056d8        0x0
                0x00000000000056d8                _w1_driver_api_list_start = .
 *(SORT_BY_NAME(SORT_BY_ALIGNMENT(._w1_driver_api.static.*)))
                0x00000000000056d8                _w1_driver_api_list_end = .

wdt_driver_api_area
                0x00000000000056d8        0x0
                0x00000000000056d8                _wdt_driver_api_list_start = .
 *(SORT_BY_NAME(SORT_BY_ALIGNMENT(._wdt_driver_api.static.*)))
                0x00000000000056d8                _wdt_driver_api_list_end = .

can_transceiver_driver_api_area
                0x00000000000056d8        0x0
                0x00000000000056d8                _can_transceiver_driver_api_list_start = .
 *(SORT_BY_NAME(SORT_BY_ALIGNMENT(._can_transceiver_driver_api.static.*)))
                0x00000000000056d8                _can_transceiver_driver_api_list_end = .

nrf_clock_control_driver_api_area
                0x00000000000056d8        0x0
                0x00000000000056d8                _nrf_clock_control_driver_api_list_start = .
 *(SORT_BY_NAME(SORT_BY_ALIGNMENT(._nrf_clock_control_driver_api.static.*)))
                0x00000000000056d8                _nrf_clock_control_driver_api_list_end = .

i3c_target_driver_api_area
                0x00000000000056d8        0x0
                0x00000000000056d8                _i3c_target_driver_api_list_start = .
 *(SORT_BY_NAME(SORT_BY_ALIGNMENT(._i3c_target_driver_api.static.*)))
                0x00000000000056d8                _i3c_target_driver_api_list_end = .

its_driver_api_area
                0x00000000000056d8        0x0
                0x00000000000056d8                _its_driver_api_list_start = .
 *(SORT_BY_NAME(SORT_BY_ALIGNMENT(._its_driver_api.static.*)))
                0x00000000000056d8                _its_driver_api_list_end = .

vtd_driver_api_area
                0x00000000000056d8        0x0
                0x00000000000056d8                _vtd_driver_api_list_start = .
 *(SORT_BY_NAME(SORT_BY_ALIGNMENT(._vtd_driver_api.static.*)))
                0x00000000000056d8                _vtd_driver_api_list_end = .

tgpio_driver_api_area
                0x00000000000056d8        0x0
                0x00000000000056d8                _tgpio_driver_api_list_start = .
 *(SORT_BY_NAME(SORT_BY_ALIGNMENT(._tgpio_driver_api.static.*)))
                0x00000000000056d8                _tgpio_driver_api_list_end = .

pcie_ctrl_driver_api_area
                0x00000000000056d8        0x0
                0x00000000000056d8                _pcie_ctrl_driver_api_list_start = .
 *(SORT_BY_NAME(SORT_BY_ALIGNMENT(._pcie_ctrl_driver_api.static.*)))
                0x00000000000056d8                _pcie_ctrl_driver_api_list_end = .

pcie_ep_driver_api_area
                0x00000000000056d8        0x0
                0x00000000000056d8                _pcie_ep_driver_api_list_start = .
 *(SORT_BY_NAME(SORT_BY_ALIGNMENT(._pcie_ep_driver_api.static.*)))
                0x00000000000056d8                _pcie_ep_driver_api_list_end = .

svc_driver_api_area
                0x00000000000056d8        0x0
                0x00000000000056d8                _svc_driver_api_list_start = .
 *(SORT_BY_NAME(SORT_BY_ALIGNMENT(._svc_driver_api.static.*)))
                0x00000000000056d8                _svc_driver_api_list_end = .

uart_driver_api_area
                0x00000000000056d8        0xc
                0x00000000000056d8                _uart_driver_api_list_start = .
 *(SORT_BY_NAME(SORT_BY_ALIGNMENT(._uart_driver_api.static.*)))
 ._uart_driver_api.static.uart_nrfx_uarte_driver_api_
                0x00000000000056d8        0xc zephyr/drivers/serial/libdrivers__serial.a(uart_nrfx_uarte.c.obj)
                0x00000000000056e4                _uart_driver_api_list_end = .

bc12_emul_driver_api_area
                0x00000000000056e4        0x0
                0x00000000000056e4                _bc12_emul_driver_api_list_start = .
 *(SORT_BY_NAME(SORT_BY_ALIGNMENT(._bc12_emul_driver_api.static.*)))
                0x00000000000056e4                _bc12_emul_driver_api_list_end = .

bc12_driver_api_area
                0x00000000000056e4        0x0
                0x00000000000056e4                _bc12_driver_api_list_start = .
 *(SORT_BY_NAME(SORT_BY_ALIGNMENT(._bc12_driver_api.static.*)))
                0x00000000000056e4                _bc12_driver_api_list_end = .

usbc_ppc_driver_api_area
                0x00000000000056e4        0x0
                0x00000000000056e4                _usbc_ppc_driver_api_list_start = .
 *(SORT_BY_NAME(SORT_BY_ALIGNMENT(._usbc_ppc_driver_api.static.*)))
                0x00000000000056e4                _usbc_ppc_driver_api_list_end = .

tcpc_driver_api_area
                0x00000000000056e4        0x0
                0x00000000000056e4                _tcpc_driver_api_list_start = .
 *(SORT_BY_NAME(SORT_BY_ALIGNMENT(._tcpc_driver_api.static.*)))
                0x00000000000056e4                _tcpc_driver_api_list_end = .

usbc_vbus_driver_api_area
                0x00000000000056e4        0x0
                0x00000000000056e4                _usbc_vbus_driver_api_list_start = .
 *(SORT_BY_NAME(SORT_BY_ALIGNMENT(._usbc_vbus_driver_api.static.*)))
                0x00000000000056e4                _usbc_vbus_driver_api_list_end = .

ivshmem_driver_api_area
                0x00000000000056e4        0x0
                0x00000000000056e4                _ivshmem_driver_api_list_start = .
 *(SORT_BY_NAME(SORT_BY_ALIGNMENT(._ivshmem_driver_api.static.*)))
                0x00000000000056e4                _ivshmem_driver_api_list_end = .

ethphy_driver_api_area
                0x00000000000056e4        0x0
                0x00000000000056e4                _ethphy_driver_api_list_start = .
 *(SORT_BY_NAME(SORT_BY_ALIGNMENT(._ethphy_driver_api.static.*)))
                0x00000000000056e4                _ethphy_driver_api_list_end = .

ztest           0x00000000000056e4        0x0
                0x00000000000056e4                _ztest_expected_result_entry_list_start = .
 *(SORT_BY_NAME(SORT_BY_ALIGNMENT(._ztest_expected_result_entry.static.*)))
                0x00000000000056e4                _ztest_expected_result_entry_list_end = .
                0x00000000000056e4                _ztest_suite_node_list_start = .
 *(SORT_BY_NAME(SORT_BY_ALIGNMENT(._ztest_suite_node.static.*)))
                0x00000000000056e4                _ztest_suite_node_list_end = .
                0x00000000000056e4                _ztest_unit_test_list_start = .
 *(SORT_BY_NAME(SORT_BY_ALIGNMENT(._ztest_unit_test.static.*)))
                0x00000000000056e4                _ztest_unit_test_list_end = .
                0x00000000000056e4                _ztest_test_rule_list_start = .
 *(SORT_BY_NAME(SORT_BY_ALIGNMENT(._ztest_test_rule.static.*)))
                0x00000000000056e4                _ztest_test_rule_list_end = .

init_array      0x00000000000056e4        0x0
 *(SORT_BY_NAME(SORT_BY_ALIGNMENT(.ctors*)))
 *(SORT_BY_NAME(SORT_BY_ALIGNMENT(.init_array*)))
                0x0000000000000001                ASSERT ((SIZEOF (init_array) == 0x0), GNU-style constructors required but STATIC_INIT_GNU not enabled)

bt_l2cap_fixed_chan_area
                0x00000000000056e4        0x0
                0x00000000000056e4                _bt_l2cap_fixed_chan_list_start = .
 *(SORT_BY_NAME(SORT_BY_ALIGNMENT(._bt_l2cap_fixed_chan.static.*)))
                0x00000000000056e4                _bt_l2cap_fixed_chan_list_end = .

bt_gatt_service_static_area
                0x00000000000056e4        0x0
                0x00000000000056e4                _bt_gatt_service_static_list_start = .
 *(SORT_BY_NAME(SORT_BY_ALIGNMENT(._bt_gatt_service_static.static.*)))
                0x00000000000056e4                _bt_gatt_service_static_list_end = .

log_strings_area
                0x00000000000056e4        0x0
                0x00000000000056e4                _log_strings_list_start = .
 *(SORT_BY_NAME(SORT_BY_ALIGNMENT(._log_strings.static.*)))
                0x00000000000056e4                _log_strings_list_end = .

log_stmesp_ptr_area
                0x00000000000056e4        0x0
                0x00000000000056e4                _log_stmesp_ptr_list_start = .
 *(SORT_BY_NAME(SORT_BY_ALIGNMENT(._log_stmesp_ptr.static.*)))
                0x00000000000056e4                _log_stmesp_ptr_list_end = .

log_stmesp_str_area
                0x00000000000056e4        0x0
                0x00000000000056e4                _log_stmesp_str_list_start = .
 *(SORT_BY_NAME(SORT_BY_ALIGNMENT(._log_stmesp_str.static.*)))
                0x00000000000056e4                _log_stmesp_str_list_end = .

log_const_area  0x00000000000056e4        0x0
                0x00000000000056e4                _log_const_list_start = .
 *(SORT_BY_NAME(SORT_BY_ALIGNMENT(._log_const.static.*)))
                0x00000000000056e4                _log_const_list_end = .

log_backend_area
                0x00000000000056e4        0x0
                0x00000000000056e4                _log_backend_list_start = .
 *(SORT_BY_NAME(SORT_BY_ALIGNMENT(._log_backend.static.*)))
                0x00000000000056e4                _log_backend_list_end = .

log_link_area   0x00000000000056e4        0x0
                0x00000000000056e4                _log_link_list_start = .
 *(SORT_BY_NAME(SORT_BY_ALIGNMENT(._log_link.static.*)))
                0x00000000000056e4                _log_link_list_end = .

tracing_backend_area
                0x00000000000056e4        0x0
                0x00000000000056e4                _tracing_backend_list_start = .
 *(SORT_BY_NAME(SORT_BY_ALIGNMENT(._tracing_backend.static.*)))
                0x00000000000056e4                _tracing_backend_list_end = .

zephyr_dbg_info
 *(SORT_BY_ALIGNMENT(.dbg_thread_info))

intc_table_area
                0x00000000000056e4        0x0
                0x00000000000056e4                _intc_table_list_start = .
 *(SORT_BY_NAME(SORT_BY_ALIGNMENT(._intc_table.static.*)))
                0x00000000000056e4                _intc_table_list_end = .

symbol_to_keep  0x00000000000056e4        0x0
                0x00000000000056e4                __symbol_to_keep_start = .
 *(SORT_BY_NAME(SORT_BY_ALIGNMENT(.symbol_to_keep*)))
                0x00000000000056e4                __symbol_to_keep_end = .

shell_area      0x00000000000056e4        0x0